I/ActivityManager(  277): Start proc com.google.android.apps.maps:FriendService for broadcast com.google.android.apps.maps/com.google.googlenav.friend.android.ServiceReceiver: pid=422 uid=10086 gids={3003, 1015, 1028}
I/ActivityManager(  277): No longer want com.android.settings (pid 32432): hidden #16
I/ActivityManager(  277): Start proc com.google.android.apps.maps:LocationFriendService for broadcast com.google.android.apps.maps/com.google.googlenav.friend.reporting.LocationReportingIntentReceiver: pid=436 uid=10086 gids={3003, 1015, 1028}
I/ActivityManager(  277): No longer want android.process.media (pid 30465): hidden #16
I/ActivityManager(  277): No longer want com.google.android.apps.uploader (pid 32445): hidden #16
I/ActivityManager(  277): START {act=android.intent.action.MAIN cat=[android.intent.category.HOME] flg=0x10200000 cmp=com.cyanogenmod.trebuchet/.Launcher u=0} from pid 277
W/InputMethodManagerService(  277): Window already focused, ignoring focus gain of: com.android.internal.view.IInputMethodClient$Stub$Proxy@4125e518 attribute=null
I/ActivityManager(  277): START {act=android.intent.action.MAIN cat=[android.intent.category.LAUNCHER] flg=0x10200000 cmp=cc.morr.sixthsense/.MainActivity bnds=[360,228][480,387] u=0} from pid 478
I/ActivityManager(  277): Start proc cc.morr.sixthsense for activity cc.morr.sixthsense/.MainActivity: pid=524 uid=10102 gids={1015, 1028}
I/ActivityManager(  277): START {act=android.intent.action.MAIN cat=[android.intent.category.HOME] flg=0x10200000 cmp=com.cyanogenmod.trebuchet/.Launcher u=0} from pid 277
I/ActivityManager(  277): No longer want com.google.android.youtube (pid 32474): hidden #16
I/ActivityManager(  277): Killing 524:cc.morr.sixthsense/u0a102: remove task
I/WindowState(  277): WIN DEATH: Window{410583e8 cc.morr.sixthsense/cc.morr.sixthsense.MainActivity paused=true}
I/ActivityManager(  277): Start proc com.android.providers.calendar for content provider com.android.providers.calendar/.CalendarProvider2: pid=583 uid=10011 gids={3003, 1015, 1028}
I/ActivityManager(  277): Start proc com.google.android.gsf.login for service com.google.android.gsf.login/com.google.android.gsf.loginservice.GoogleLoginService: pid=621 uid=10033 gids={3003, 1015, 1028, 1007, 2001, 3006}
I/ActivityManager(  277): No longer want com.fsck.k9 (pid 32458): hidden #16
D/PhoneStatusBar(  373): disable: < expand icons alerts ticker system_info back home RECENT* clock >
W/InputMethodManagerService(  277): Window already focused, ignoring focus gain of: com.android.internal.view.IInputMethodClient$Stub$Proxy@415de9b8 attribute=android.view.inputmethod.EditorInfo@414df740
D/PhoneStatusBar(  373): disable: < expand icons alerts ticker system_info BACK* HOME* RECENT CLOCK* >
I/ActivityManager(  277): Start proc com.android.calendar for broadcast com.android.calendar/.alerts.AlertReceiver: pid=638 uid=10010 gids={3003, 1028}
I/ActivityManager(  277): No longer want com.android.keychain (pid 32729): hidden #16
W/ActivityManager(  277): Activity destroy timeout for ActivityRecord{41022278 cc.morr.sixthsense/.MainActivity}
I/ActivityManager(  277): Start proc com.google.android.apps.uploader for broadcast com.google.android.apps.uploader/com.google.android.picasasync.BatteryReceiver: pid=666 uid=10054 gids={3003, 1015, 1028}
I/WindowManager(  277): Lock screen displayed!
I/ActivityManager(  277): No longer want com.android.voicedialer (pid 318): hidden #16
I/ActivityManager(  277): Start proc android.process.media for content provider com.android.providers.media/.MediaProvider: pid=682 uid=10017 gids={1015, 1023, 1024, 1028, 2001, 3003, 3007}
I/ActivityManager(  277): No longer want com.android.gallery3d (pid 32714): hidden #16
E/PowerManagerService(  277): Excessive delay setting brightness: 245ms, mask=2
I/StorageNotification(  373): UMS connection changed to false (media state mounted)
I/ActivityManager(  277): Start proc com.twitter.android for service com.twitter.android/.client.AppService: pid=703 uid=10064 gids={3003, 1015, 1028}
I/ActivityManager(  277): No longer want com.svox.pico (pid 357): hidden #16
I/ActivityManager(  277): Start proc com.google.android.syncadapters.calendar for service com.google.android.syncadapters.calendar/.CalendarSyncAdapterService: pid=743 uid=10049 gids={3003, 1028}
I/ActivityManager(  277): No longer want com.noshufou.android.su (pid 32742): hidden #16
I/ActivityManager(  277): Start proc com.android.browser for content provider com.android.browser/.provider.BrowserProvider2: pid=771 uid=10004 gids={3003, 1015, 1028}
I/ActivityManager(  277): No longer want com.tmobile.thememanager (pid 32756): hidden #16
W/ThrottleService(  277): unable to find stats for iface rmnet0
D/ConnectivityService(  277): ConnectivityChange for WIFI: DISCONNECTED/DISCONNECTED
D/ConnectivityService(  277): Attempting to switch to mobile
D/ConnectivityService(  277): Attempting to switch to BLUETOOTH_TETHER
D/ConnectivityService(  277): resetConnections(wlan0, 3)
I/ActivityManager(  277): Start proc com.rauscha.apps.timesheet for broadcast com.rauscha.apps.timesheet/.services.WifiConnectionReceiver: pid=818 uid=10094 gids={1015, 3003, 1028}
I/ActivityManager(  277): No longer want com.google.android.partnersetup (pid 386): hidden #16
D/ConnectivityService(  277): handleInetConditionChange: no active default network - ignore
I/ActivityManager(  277): Start proc com.cyanogenmod.updater for broadcast com.cyanogenmod.updater/.receiver.UpdateCheckReceiver: pid=833 uid=10007 gids={3003, 1015, 2001, 1028}
I/ActivityManager(  277): Start proc com.android.settings for broadcast com.android.settings/.cmstats.ReportingServiceManager: pid=847 uid=1000 gids={1015, 3002, 3001, 3003, 1028, 3007}
I/ActivityManager(  277): No longer want com.google.android.apps.maps:FriendService (pid 422): hidden #16
I/ActivityManager(  277): No longer want com.google.android.apps.maps:LocationFriendService (pid 436): hidden #16
I/ActivityManager(  277): Start proc com.fsck.k9 for broadcast com.fsck.k9/.service.BootReceiver: pid=860 uid=10065 gids={3003, 1015, 1028}
I/ActivityManager(  277): Start proc com.google.android.youtube for broadcast com.google.android.youtube/.app.prefetch.PrefetchService$DeviceStateReceiver: pid=877 uid=10091 gids={3003, 1015, 1006, 1028}
I/ActivityManager(  277): No longer want com.google.android.googlequicksearchbox (pid 32272): hidden #16
I/ActivityManager(  277): No longer want com.android.defcontainer (pid 3010): hidden #16
W/SocketClient(  101): write error (Broken pipe)
W/SocketClient(  101): write error (Broken pipe)
D/PhoneStatusBar(  373): addNotification score=0
D/ConnectivityService(  277): ConnectivityChange for WIFI: CONNECTED/CONNECTED
D/ConnectivityService(  277): NetTransition Wakelock for WifiStateMachine released by timeout
D/ConnectivityService(  277): handleInetConditionHoldEnd: net=1, condition=100, published condition=0
I/ActivityManager(  277): No longer want com.bel.android.dspmanager (pid 30607): hidden #16
W/ActivityManager(  277): Scheduling restart of crashed service com.bel.android.dspmanager/.service.HeadsetService in 5000ms
I/ActivityManager(  277): Start proc com.bel.android.dspmanager for service com.bel.android.dspmanager/.service.HeadsetService: pid=976 uid=10013 gids={3002, 1028}
W/ThrottleService(  277): unable to find stats for iface rmnet0
W/ThrottleService(  277): unable to find stats for iface rmnet0
V/WiredAccessoryObserver(  277): Headset UEVENT: {SUBSYSTEM=switch, SWITCH_STATE=0, DEVPATH=/devices/virtual/switch/h2w, SEQNUM=4517, ACTION=change, SWITCH_NAME=h2w, SWITCH_TIME=27092140973791}
V/WiredAccessoryObserver(  277): updateState name: h2w state 0
V/WiredAccessoryObserver(  277): updateState switchState: 0
V/WiredAccessoryObserver(  277): newState = 0, headsetState = 0,mHeadsetState = 2
V/WiredAccessoryObserver(  277): device h2w disconnected
I/ActivityManager(  277): Start proc com.andrew.apollo:main for broadcast com.andrew.apollo/.service.MediaButtonIntentReceiver: pid=1018 uid=10000 gids={3003, 1015, 1028}
I/ActivityManager(  277): Start proc tunein.player for broadcast tunein.player/tunein.ui.helpers.MediaButtonIntentReceiver: pid=1031 uid=10067 gids={3003, 3002, 1028}
I/ActivityManager(  277): Start proc ait.podka for broadcast ait.podka/.receivers.RemoteControlReceiver: pid=1062 uid=10069 gids={3003, 1015, 1028}
I/ActivityManager(  277): No longer want com.android.vending (pid 32209): hidden #16
I/WindowManager(  277): Lock screen displayed!
E/PowerManagerService(  277): Excessive delay setting brightness: 205ms, mask=2
D/PhoneStatusBar(  373): disable: < expand icons alerts ticker system_info BACK HOME recent* CLOCK >
W/InputMethodManagerService(  277): Window already focused, ignoring focus gain of: com.android.internal.view.IInputMethodClient$Stub$Proxy@415a7f38 attribute=android.view.inputmethod.EditorInfo@412af290
D/PhoneStatusBar(  373): disable: < expand icons alerts ticker system_info back* home* recent clock* >
I/ActivityManager(  277): START {act=android.intent.action.MAIN cat=[android.intent.category.LAUNCHER] flg=0x10200000 cmp=com.twitter.android/.StartActivity bnds=[0,546][120,705] u=0} from pid 478
I/ActivityManager(  277): START {act=android.intent.action.MAIN cat=[android.intent.category.HOME] flg=0x10200000 cmp=com.cyanogenmod.trebuchet/.Launcher u=0} from pid 277
I/ActivityManager(  277): START {act=android.intent.action.MAIN cat=[android.intent.category.LAUNCHER] flg=0x10200000 cmp=nerd.tuxmobil.fahrplan.congress/.Fahrplan bnds=[240,228][360,387] u=0} from pid 478
I/ActivityManager(  277): No longer want android.process.acore (pid 32697): hidden #16
I/ActivityManager(  277): START {cmp=nerd.tuxmobil.fahrplan.congress/.EventDetail (has extras) u=0} from pid 29858
I/ActivityManager(  277): START {cmp=nerd.tuxmobil.fahrplan.congress/.EventDetail (has extras) u=0} from pid 29858
D/PhoneStatusBar(  373): disable: < expand icons alerts ticker system_info back home RECENT* clock >
D/PhoneStatusBar(  373): disable: < expand icons alerts ticker system_info BACK* HOME* RECENT CLOCK* >
I/WindowManager(  277): Lock screen displayed!
E/PowerManagerService(  277): Excessive delay setting brightness: 245ms, mask=2
D/PhoneStatusBar(  373): disable: < expand icons alerts ticker system_info BACK HOME recent* CLOCK >
D/PhoneStatusBar(  373): disable: < expand icons alerts ticker system_info back* home* recent clock* >
W/InputMethodManagerService(  277): Window already focused, ignoring focus gain of: com.android.internal.view.IInputMethodClient$Stub$Proxy@40ff5880 attribute=android.view.inputmethod.EditorInfo@413a4e70
I/ActivityManager(  277): START {cmp=nerd.tuxmobil.fahrplan.congress/.EventDetail (has extras) u=0} from pid 29858
W/ThrottleService(  277): unable to find stats for iface rmnet0
I/ActivityManager(  277): Config changed: {1.0 262mcc1mnc en_US sw320dp w533dp h294dp nrml long land finger -keyb/v/h -nav/h s.35 themeResource=null}
W/ActivityManager(  277): Activity pause timeout for ActivityRecord{40ffcf08 nerd.tuxmobil.fahrplan.congress/.Fahrplan}
D/PhoneStatusBar(  373): disable: < expand icons alerts ticker system_info back home RECENT* clock >
D/PhoneStatusBar(  373): disable: < expand icons alerts ticker system_info BACK* HOME* RECENT CLOCK* >
I/ActivityManager(  277): Config changed: {1.0 262mcc1mnc en_US sw320dp w320dp h508dp nrml long port finger -keyb/v/h -nav/h s.36 themeResource=null}
W/WindowManager(  277): App freeze timeout expired.
I/WindowManager(  277): Lock screen displayed!
E/PowerManagerService(  277): Excessive delay setting brightness: 121ms, mask=2
D/PhoneStatusBar(  373): disable: < expand icons alerts ticker system_info BACK HOME recent* CLOCK >
D/PhoneStatusBar(  373): disable: < expand icons alerts ticker system_info back* home* recent clock* >
I/ActivityManager(  277): START {act=android.intent.action.MAIN cat=[android.intent.category.HOME] flg=0x10200000 cmp=com.cyanogenmod.trebuchet/.Launcher u=0} from pid 277
I/ActivityManager(  277): No longer want com.android.browser (pid 771): hidden #16
I/ActivityManager(  277): START {act=android.intent.action.MAIN cat=[android.intent.category.LAUNCHER] flg=0x10200000 cmp=com.android.browser/.BrowserActivity bnds=[288,707][384,800] u=0} from pid 478
I/ActivityManager(  277): Start proc com.android.browser for activity com.android.browser/.BrowserActivity: pid=1158 uid=10004 gids={3003, 1015, 1028}
D/webcoreglue( 1158): netstack: Memory Cache feature is OFF
D/        ( 1158): dl error message Cannot load library: load_library[1118]: Library 'libtcpfinaggr.so' not found
D/Socket_Pool( 1158): Failed to create TCP Fin Aggregation interface.
D/Socket_Pool( 1158): netstack: CloseUnusedSockets is ON
D/Socket_Pool( 1158): netstack: system net.statistics value: 0
D/Socket_Pool( 1158): Failed to create TCP Fin Aggregation interface.
D/Socket_Pool( 1158): netstack: CloseUnusedSockets is ON
D/Socket_Pool( 1158): netstack: system net.statistics value: 0
D/        ( 1158): external/chromium/net/http/http_getzip_factory.cc: Failed to construct GETzip manager, didn't find the library!
D/        ( 1158): Failed to load DoObserveRevalidation symbol in qnet-plugin.so
D/        ( 1158): Failed to load DoObserveConnections symbol in tcp-connections.so
D/PhoneStatusBar(  373): addNotification score=0
I/ActivityManager(  277): Start proc com.google.android.googlequicksearchbox for content provider com.google.android.googlequicksearchbox/com.google.android.searchcommon.google.GoogleSuggestionProvider: pid=1201 uid=10058 gids={3003, 1028, 1007, 3002, 1015}
I/ActivityManager(  277): Start proc com.google.android.partnersetup for content provider com.google.android.partnersetup/.RlzAppProvider: pid=1228 uid=10052 gids={3003, 1028}
I/ActivityManager(  277): START {act=android.intent.action.WEB_SEARCH cat=[android.intent.category.DEFAULT] cmp=com.google.android.googlequicksearchbox/com.google.android.searchcommon.google.GoogleSearch (has extras) u=0} from pid 1158
I/ActivityManager(  277): START {act=android.intent.action.VIEW dat=http://www.google.com/search?redir_esc=&redir_esc=&hl=en&client=ms-android-google&source=android-browser-type&v=200400000&qsubts=1356789508187&q=blackhole kit flg=0x10000000 pkg=com.android.browser cmp=com.android.browser/.BrowserActivity (has extras) u=0} from pid -1
W/InputMethodManagerService(  277): Window already focused, ignoring focus gain of: com.android.internal.view.IInputMethodClient$Stub$Proxy@416cf9a8 attribute=null
W/ActivityManager(  277): Duplicate finish request for ActivityRecord{4189b108 com.google.android.googlequicksearchbox/com.google.android.searchcommon.google.GoogleSearch}
I/ActivityManager(  277): No longer want com.google.android.syncadapters.calendar (pid 743): hidden #16
I/ActivityManager(  277): No longer want com.android.calendar (pid 638): hidden #16
W/ThrottleService(  277): unable to find stats for iface rmnet0
D/Socket_Pool( 1158): Failed to create TCP Fin Aggregation interface.
D/Socket_Pool( 1158): netstack: CloseUnusedSockets is ON
D/Socket_Pool( 1158): netstack: system net.statistics value: 0
D/Socket_Pool( 1158): Failed to create TCP Fin Aggregation interface.
D/Socket_Pool( 1158): netstack: CloseUnusedSockets is ON
D/Socket_Pool( 1158): netstack: system net.statistics value: 0
D/PhoneStatusBar(  373): disable: < expand icons alerts ticker system_info back home RECENT* clock >
D/PhoneStatusBar(  373): disable: < expand icons alerts ticker system_info BACK* HOME* RECENT CLOCK* >
D/ConnectivityService(  277): ConnectivityChange for WIFI: DISCONNECTED/DISCONNECTED
D/ConnectivityService(  277): Attempting to switch to mobile
D/ConnectivityService(  277): Attempting to switch to BLUETOOTH_TETHER
D/ConnectivityService(  277): resetConnections(wlan0, 3)
D/ConnectivityService(  277): handleInetConditionChange: no active default network - ignore
W/SocketClient(  101): write error (Broken pipe)
D/ConnectivityService(  277): ConnectivityChange for WIFI: CONNECTED/CONNECTED
D/ConnectivityService(  277): NetTransition Wakelock for WifiStateMachine released by timeout
D/ConnectivityService(  277): handleInetConditionHoldEnd: net=1, condition=100, published condition=0
W/ThrottleService(  277): unable to find stats for iface rmnet0
I/ActivityManager(  277): No longer want com.google.android.apps.maps (pid 406): hidden #16
I/ActivityManager(  277): No longer want com.google.android.apps.maps:GoogleLocationService (pid 29396): hidden #17
W/ActivityManager(  277): Scheduling restart of crashed service com.google.android.apps.maps/com.google.googlenav.prefetch.android.PrefetcherService in 5000ms
W/ActivityManager(  277): Scheduling restart of crashed service com.google.android.apps.maps/com.google.android.location.internal.server.GoogleLocationService in 14998ms
I/LocationManagerService(  277): remove passive (pid 277), next minTime = 0
I/ActivityManager(  277): Start proc com.google.android.apps.maps for service com.google.android.apps.maps/com.google.googlenav.prefetch.android.PrefetcherService: pid=1344 uid=10086 gids={3003, 1015, 1028}
I/ActivityManager(  277): Start proc com.google.android.apps.maps:GoogleLocationService for service com.google.android.apps.maps/com.google.android.location.internal.server.GoogleLocationService: pid=1377 uid=10086 gids={3003, 1015, 1028}
I/LocationManagerService(  277): request passive (pid 1377) 0 0
I/ActivityManager(  277): Start proc com.google.android.apps.maps:FriendService for broadcast com.google.android.apps.maps/com.google.googlenav.friend.android.ServiceReceiver: pid=1398 uid=10086 gids={3003, 1015, 1028}
I/ActivityManager(  277): Start proc com.google.android.apps.maps:LocationFriendService for broadcast com.google.android.apps.maps/com.google.googlenav.friend.reporting.LocationReportingIntentReceiver: pid=1411 uid=10086 gids={3003, 1015, 1028}
I/ActivityManager(  277): No longer want com.andrew.apollo:main (pid 1018): hidden #16
I/ActivityManager(  277): No longer want tunein.player (pid 1031): hidden #16
W/ThrottleService(  277): unable to find stats for iface rmnet0
I/WindowManager(  277): Lock screen displayed!
E/PowerManagerService(  277): Excessive delay setting brightness: 181ms, mask=2
D/PhoneStatusBar(  373): disable: < expand icons alerts ticker system_info BACK HOME recent* CLOCK >
D/PhoneStatusBar(  373): disable: < expand icons alerts ticker system_info back* home* recent clock* >
W/InputMethodManagerService(  277): Window already focused, ignoring focus gain of: com.android.internal.view.IInputMethodClient$Stub$Proxy@416f1ec0 attribute=android.view.inputmethod.EditorInfo@416ef110
D/PhoneStatusBar(  373): addNotification score=0
I/ActivityManager(  277): START {act=android.intent.action.WEB_SEARCH cat=[android.intent.category.DEFAULT] cmp=com.google.android.googlequicksearchbox/com.google.android.searchcommon.google.GoogleSearch (has extras) u=0} from pid 1158
I/ActivityManager(  277): START {act=android.intent.action.VIEW dat=http://www.google.com/search?redir_esc=&redir_esc=&hl=en&client=ms-android-google&source=android-browser-type&v=200400000&qsubts=1356790920419&q=sec jeopardy source code flg=0x10000000 pkg=com.android.browser cmp=com.android.browser/.BrowserActivity (has extras) u=0} from pid -1
W/ActivityManager(  277): Duplicate finish request for ActivityRecord{41179400 com.google.android.googlequicksearchbox/com.google.android.searchcommon.google.GoogleSearch}
W/InputMethodManagerService(  277): Window already focused, ignoring focus gain of: com.android.internal.view.IInputMethodClient$Stub$Proxy@418e5578 attribute=null
I/ActivityManager(  277): Process com.google.android.gsf.login (pid 621) has died.
D/PhoneStatusBar(  373): addNotification score=0
I/ClipboardService(  277): Got clipboard for user=0
I/ActivityManager(  277): Process com.google.android.partnersetup (pid 1228) has died.
I/ClipboardService(  277): Got clipboard for user=0
I/ActivityManager(  277): Process ait.podka (pid 1062) has died.
I/ActivityManager(  277): Process com.android.providers.calendar (pid 583) has died.
I/ActivityManager(  277): Process android.process.media (pid 682) has died.
D/PhoneStatusBar(  373): addNotification score=0
I/ActivityManager(  277): START {act=android.intent.action.WEB_SEARCH cat=[android.intent.category.DEFAULT] cmp=com.google.android.googlequicksearchbox/com.google.android.searchcommon.google.GoogleSearch (has extras) u=0} from pid 1158
I/ActivityManager(  277): START {act=android.intent.action.VIEW dat=http://www.google.com/search?redir_esc=&redir_esc=&hl=en&client=ms-android-google&source=android-browser-type&v=200400000&qsubts=1356790966737&q=jeopardy flg=0x10000000 pkg=com.android.browser cmp=com.android.browser/.BrowserActivity (has extras) u=0} from pid -1
W/ActivityManager(  277): Duplicate finish request for ActivityRecord{41a0fc80 com.google.android.googlequicksearchbox/com.google.android.searchcommon.google.GoogleSearch}
W/InputMethodManagerService(  277): Window already focused, ignoring focus gain of: com.android.internal.view.IInputMethodClient$Stub$Proxy@4185a840 attribute=null
D/PhoneStatusBar(  373): addNotification score=0
W/InputMethodManagerService(  277): Window already focused, ignoring focus gain of: com.android.internal.view.IInputMethodClient$Stub$Proxy@411d70e8 attribute=null
I/ActivityManager(  277): Config changed: {1.0 262mcc1mnc en_US sw320dp w533dp h294dp nrml long land finger -keyb/v/h -nav/h s.37 themeResource=null}
I/ActivityManager(  277): Config changed: {1.0 262mcc1mnc en_US sw320dp w320dp h508dp nrml long port finger -keyb/v/h -nav/h s.38 themeResource=null}
I/ActivityManager(  277): Start proc com.android.providers.calendar for content provider com.android.providers.calendar/.CalendarProvider2: pid=1521 uid=10011 gids={3003, 1015, 1028}
I/ActivityManager(  277): Start proc com.google.android.gsf.login for service com.google.android.gsf.login/com.google.android.gsf.loginservice.GoogleLoginService: pid=1538 uid=10033 gids={3003, 1015, 1028, 1007, 2001, 3006}
D/PhoneStatusBar(  373): disable: < expand icons alerts ticker system_info back home RECENT* clock >
D/PhoneStatusBar(  373): disable: < expand icons alerts ticker system_info BACK* HOME* RECENT CLOCK* >
I/ActivityManager(  277): Start proc com.android.calendar for broadcast com.android.calendar/.alerts.AlertReceiver: pid=1555 uid=10010 gids={3003, 1028}
I/WindowManager(  277): Lock screen displayed!
E/PowerManagerService(  277): Excessive delay setting brightness: 279ms, mask=2
D/PhoneStatusBar(  373): disable: < expand icons alerts ticker system_info BACK HOME recent* CLOCK >
D/PhoneStatusBar(  373): disable: < expand icons alerts ticker system_info back* home* recent clock* >
W/InputMethodManagerService(  277): Window already focused, ignoring focus gain of: com.android.internal.view.IInputMethodClient$Stub$Proxy@410a8f80 attribute=android.view.inputmethod.EditorInfo@419d9800
D/PhoneStatusBar(  373): disable: < expand icons alerts ticker system_info back home RECENT* clock >
D/PhoneStatusBar(  373): disable: < expand icons alerts ticker system_info BACK* HOME* RECENT CLOCK* >
W/ThrottleService(  277): unable to find stats for iface rmnet0
W/ThrottleService(  277): unable to find stats for iface rmnet0
I/WindowManager(  277): Lock screen displayed!
E/PowerManagerService(  277): Excessive delay setting brightness: 249ms, mask=2
D/PhoneStatusBar(  373): disable: < expand icons alerts ticker system_info BACK HOME recent* CLOCK >
D/PhoneStatusBar(  373): disable: < expand icons alerts ticker system_info back* home* recent clock* >
W/InputMethodManagerService(  277): Window already focused, ignoring focus gain of: com.android.internal.view.IInputMethodClient$Stub$Proxy@41235cd0 attribute=android.view.inputmethod.EditorInfo@4189d3e8
D/PhoneStatusBar(  373): addNotification score=0
I/ActivityManager(  277): START {act=android.intent.action.MAIN cat=[android.intent.category.HOME] flg=0x10200000 cmp=com.cyanogenmod.trebuchet/.Launcher u=0} from pid 277
I/ActivityManager(  277): START {act=android.intent.action.MAIN cat=[android.intent.category.LAUNCHER] flg=0x10200000 cmp=com.twitter.android/.StartActivity bnds=[0,546][120,705] u=0} from pid 478
I/ActivityManager(  277): START {act=com.twitter.android.post.status cmp=com.twitter.android/.PostActivity u=0} from pid 703
D/PhoneStatusBar(  373): addNotification score=0
D/PhoneStatusBar(  373): addNotification score=0
I/ActivityManager(  277): START {act=android.intent.action.MAIN cat=[android.intent.category.HOME] flg=0x10200000 cmp=com.cyanogenmod.trebuchet/.Launcher u=0} from pid 277
D/PhoneStatusBar(  373): disable: < expand icons alerts ticker system_info back home RECENT* clock >
D/PhoneStatusBar(  373): disable: < expand icons alerts ticker system_info BACK* HOME* RECENT CLOCK* >
D/PhoneStatusBar(  373): addNotification score=0
D/ConnectivityService(  277): ConnectivityChange for WIFI: DISCONNECTED/DISCONNECTED
D/ConnectivityService(  277): Attempting to switch to mobile
D/ConnectivityService(  277): Attempting to switch to BLUETOOTH_TETHER
D/ConnectivityService(  277): resetConnections(wlan0, 3)
D/ConnectivityService(  277): handleInetConditionChange: no active default network - ignore
D/ConnectivityService(  277): ConnectivityChange for WIFI: CONNECTED/CONNECTED
D/ConnectivityService(  277): NetTransition Wakelock for WifiStateMachine released by timeout
I/ActivityManager(  277): Start proc android.process.media for broadcast com.android.providers.downloads/.DownloadReceiver: pid=1699 uid=10017 gids={1015, 1023, 1024, 1028, 2001, 3003, 3007}
I/ActivityManager(  277): No longer want com.bel.android.dspmanager (pid 976): hidden #16
W/ActivityManager(  277): Scheduling restart of crashed service com.bel.android.dspmanager/.service.HeadsetService in 5000ms
D/ConnectivityService(  277): handleInetConditionHoldEnd: net=1, condition=100, published condition=0
I/ActivityManager(  277): Start proc com.bel.android.dspmanager for service com.bel.android.dspmanager/.service.HeadsetService: pid=1726 uid=10013 gids={3002, 1028}
D/ConnectivityService(  277): ConnectivityChange for WIFI: DISCONNECTED/DISCONNECTED
D/ConnectivityService(  277): Attempting to switch to mobile
D/ConnectivityService(  277): Attempting to switch to BLUETOOTH_TETHER
D/ConnectivityService(  277): resetConnections(wlan0, 3)
D/ConnectivityService(  277): handleInetConditionChange: no active default network - ignore
D/ConnectivityService(  277): ConnectivityChange for WIFI: CONNECTED/CONNECTED
D/ConnectivityService(  277): NetTransition Wakelock for WifiStateMachine released by timeout
D/ConnectivityService(  277): handleInetConditionHoldEnd: net=1, condition=100, published condition=0
D/ConnectivityService(  277): ConnectivityChange for WIFI: DISCONNECTED/DISCONNECTED
D/ConnectivityService(  277): Attempting to switch to mobile
D/ConnectivityService(  277): Attempting to switch to BLUETOOTH_TETHER
D/ConnectivityService(  277): resetConnections(wlan0, 3)
D/ConnectivityService(  277): handleInetConditionChange: no active default network - ignore
D/ConnectivityService(  277): ConnectivityChange for WIFI: CONNECTED/CONNECTED
D/ConnectivityService(  277): NetTransition Wakelock for WifiStateMachine released by timeout
D/ConnectivityService(  277): handleInetConditionHoldEnd: net=1, condition=100, published condition=0
W/ThrottleService(  277): unable to find stats for iface rmnet0
I/WindowManager(  277): Lock screen displayed!
E/PowerManagerService(  277): Excessive delay setting brightness: 228ms, mask=2
D/PhoneStatusBar(  373): disable: < expand icons alerts ticker system_info BACK HOME recent* CLOCK >
D/PhoneStatusBar(  373): disable: < expand icons alerts ticker system_info back* home* recent clock* >
W/InputMethodManagerService(  277): Window already focused, ignoring focus gain of: com.android.internal.view.IInputMethodClient$Stub$Proxy@415b6f08 attribute=android.view.inputmethod.EditorInfo@412bb4f0
I/ActivityManager(  277): START {act=android.intent.action.MAIN cat=[android.intent.category.LAUNCHER] flg=0x10200000 cmp=com.twitter.android/.StartActivity bnds=[0,546][120,705] u=0} from pid 478
I/ActivityManager(  277): START {act=android.intent.action.MAIN cat=[android.intent.category.HOME] flg=0x10200000 cmp=com.cyanogenmod.trebuchet/.Launcher u=0} from pid 277
I/ActivityManager(  277): START {act=android.intent.action.MAIN cat=[android.intent.category.HOME] flg=0x10200000 cmp=com.cyanogenmod.trebuchet/.Launcher u=0} from pid 277
I/ActivityManager(  277): START {act=android.intent.action.MAIN cat=[android.intent.category.LAUNCHER] flg=0x10200000 cmp=cc.morr.sixthsense/.MainActivity bnds=[360,228][480,387] u=0} from pid 478
I/ActivityManager(  277): Start proc cc.morr.sixthsense for activity cc.morr.sixthsense/.MainActivity: pid=1850 uid=10102 gids={1015, 1028}
I/ActivityManager(  277): START {act=android.intent.action.MAIN cat=[android.intent.category.HOME] flg=0x10200000 cmp=com.cyanogenmod.trebuchet/.Launcher u=0} from pid 277
I/ActivityManager(  277): No longer want nerd.tuxmobil.fahrplan.congress (pid 29858): hidden #16
I/WindowState(  277): WIN DEATH: Window{41c6d710 nerd.tuxmobil.fahrplan.congress/nerd.tuxmobil.fahrplan.congress.Fahrplan paused=false}
I/ActivityManager(  277): No longer want com.google.android.apps.maps:FriendService (pid 1398): hidden #16
I/ActivityManager(  277): Killing 1850:cc.morr.sixthsense/u0a102: remove task
I/WindowState(  277): WIN DEATH: Window{4117b738 cc.morr.sixthsense/cc.morr.sixthsense.MainActivity paused=true}
I/ActivityManager(  277): START {act=android.intent.action.MAIN cat=[android.intent.category.HOME] flg=0x10200000 cmp=com.cyanogenmod.trebuchet/.Launcher u=0} from pid 277
W/InputMethodManagerService(  277): Window already focused, ignoring focus gain of: com.android.internal.view.IInputMethodClient$Stub$Proxy@41006910 attribute=null
D/PhoneStatusBar(  373): disable: < expand icons alerts ticker system_info back home RECENT* clock >
D/PhoneStatusBar(  373): disable: < expand icons alerts ticker system_info BACK* HOME* RECENT CLOCK* >
W/ActivityManager(  277): Activity destroy timeout for ActivityRecord{41694b88 cc.morr.sixthsense/.MainActivity}
W/PowerUI (  373): unknown intent: Intent { act=android.intent.action.ACTION_POWER_CONNECTED flg=0x8000010 }
I/WindowManager(  277): Lock screen displayed!
I/StorageNotification(  373): UMS connection changed to true (media state mounted)
D/PhoneStatusBar(  373): addNotification score=0
E/PowerManagerService(  277): Excessive delay setting brightness: 289ms, mask=2
I/StorageNotification(  373): UMS connection changed to true (media state mounted)
W/ThrottleService(  277): unable to find stats for iface rmnet0
I/WindowManager(  277): Lock screen displayed!
E/PowerManagerService(  277): Excessive delay setting brightness: 236ms, mask=2
I/StorageNotification(  373): UMS connection changed to false (media state mounted)
D/PhoneStatusBar(  373): disable: < expand icons alerts ticker system_info BACK HOME recent* CLOCK >
W/InputMethodManagerService(  277): Window already focused, ignoring focus gain of: com.android.internal.view.IInputMethodClient$Stub$Proxy@413a24e0 attribute=android.view.inputmethod.EditorInfo@4111fe60
D/PhoneStatusBar(  373): disable: < expand icons alerts ticker system_info back* home* recent clock* >
I/ActivityManager(  277): START {act=android.intent.action.MAIN cat=[android.intent.category.LAUNCHER] flg=0x10200000 cmp=cc.morr.sixthsense/.MainActivity bnds=[360,228][480,387] u=0} from pid 478
I/ActivityManager(  277): Start proc cc.morr.sixthsense for activity cc.morr.sixthsense/.MainActivity: pid=1907 uid=10102 gids={1015, 1028}
I/ActivityManager(  277): START {act=android.intent.action.MAIN cat=[android.intent.category.HOME] flg=0x10200000 cmp=com.cyanogenmod.trebuchet/.Launcher u=0} from pid 277
I/ActivityManager(  277): Killing 1907:cc.morr.sixthsense/u0a102: remove task
I/WindowState(  277): WIN DEATH: Window{410f96f8 cc.morr.sixthsense/cc.morr.sixthsense.MainActivity paused=true}
D/PhoneStatusBar(  373): disable: < expand icons alerts ticker system_info back home RECENT* clock >
W/InputMethodManagerService(  277): Window already focused, ignoring focus gain of: com.android.internal.view.IInputMethodClient$Stub$Proxy@413af1a8 attribute=android.view.inputmethod.EditorInfo@414a4378
D/PhoneStatusBar(  373): disable: < expand icons alerts ticker system_info BACK* HOME* RECENT CLOCK* >
W/ActivityManager(  277): Activity destroy timeout for ActivityRecord{41013ba0 cc.morr.sixthsense/.MainActivity}
W/ThrottleService(  277): unable to find stats for iface rmnet0
I/WindowManager(  277): Lock screen displayed!
E/PowerManagerService(  277): Excessive delay setting brightness: 235ms, mask=2
D/PhoneStatusBar(  373): disable: < expand icons alerts ticker system_info BACK HOME recent* CLOCK >
D/PhoneStatusBar(  373): disable: < expand icons alerts ticker system_info back* home* recent clock* >
W/InputMethodManagerService(  277): Window already focused, ignoring focus gain of: com.android.internal.view.IInputMethodClient$Stub$Proxy@412ff760 attribute=null
I/ActivityManager(  277): START {act=android.intent.action.MAIN cat=[android.intent.category.LAUNCHER] flg=0x10200000 cmp=cc.morr.sixthsense/.MainActivity bnds=[360,228][480,387] u=0} from pid 478
I/ActivityManager(  277): Start proc cc.morr.sixthsense for activity cc.morr.sixthsense/.MainActivity: pid=2022 uid=10102 gids={1015, 1028}
D/PhoneStatusBar(  373): disable: < expand icons alerts ticker system_info back home RECENT* clock >
D/PhoneStatusBar(  373): disable: < expand icons alerts ticker system_info BACK* HOME* RECENT CLOCK* >
I/WindowManager(  277): Lock screen displayed!
E/PowerManagerService(  277): Excessive delay setting brightness: 226ms, mask=2
D/PhoneStatusBar(  373): disable: < expand icons alerts ticker system_info BACK HOME recent* CLOCK >
W/InputMethodManagerService(  277): Window already focused, ignoring focus gain of: com.android.internal.view.IInputMethodClient$Stub$Proxy@416c5100 attribute=android.view.inputmethod.EditorInfo@418858b0
D/PhoneStatusBar(  373): disable: < expand icons alerts ticker system_info back* home* recent clock* >
I/ActivityManager(  277): START {act=android.intent.action.MAIN cat=[android.intent.category.HOME] flg=0x10200000 cmp=com.cyanogenmod.trebuchet/.Launcher u=0} from pid 277
I/ActivityManager(  277): No longer want com.google.android.apps.maps:GoogleLocationService (pid 1377): hidden #16
I/ActivityManager(  277): Killing 2022:cc.morr.sixthsense/u0a102: remove task
I/WindowState(  277): WIN DEATH: Window{4157f920 cc.morr.sixthsense/cc.morr.sixthsense.MainActivity paused=true}
W/ActivityManager(  277): Scheduling restart of crashed service com.google.android.apps.maps/com.google.android.location.internal.server.GoogleLocationService in 5000ms
I/LocationManagerService(  277): remove passive (pid 277), next minTime = 0
D/PhoneStatusBar(  373): disable: < expand icons alerts ticker system_info back home RECENT* clock >
W/InputMethodManagerService(  277): Window already focused, ignoring focus gain of: com.android.internal.view.IInputMethodClient$Stub$Proxy@4131e2f0 attribute=android.view.inputmethod.EditorInfo@414e5120
D/PhoneStatusBar(  373): disable: < expand icons alerts ticker system_info BACK* HOME* RECENT CLOCK* >
I/ActivityManager(  277): Start proc com.google.android.apps.maps:GoogleLocationService for service com.google.android.apps.maps/com.google.android.location.internal.server.GoogleLocationService: pid=2075 uid=10086 gids={3003, 1015, 1028}
I/LocationManagerService(  277): request passive (pid 2075) 0 0
I/ActivityManager(  277): Start proc com.google.android.apps.maps:FriendService for broadcast com.google.android.apps.maps/com.google.googlenav.friend.android.ServiceReceiver: pid=2096 uid=10086 gids={3003, 1015, 1028}
W/ActivityManager(  277): Activity destroy timeout for ActivityRecord{410185d0 cc.morr.sixthsense/.MainActivity}
W/ThrottleService(  277): unable to find stats for iface rmnet0
W/ThrottleService(  277): unable to find stats for iface rmnet0
W/ThrottleService(  277): unable to find stats for iface rmnet0
D/ConnectivityService(  277): ConnectivityChange for WIFI: CONNECTED/CONNECTED
D/ConnectivityService(  277): handleConnectivityChange: address are the same reset per doReset linkProperty[1]: resetMask=0
D/ConnectivityService(  277): NetTransition Wakelock for WifiStateMachine released by timeout
D/ConnectivityService(  277): handleInetConditionHoldEnd: net=1, condition=100, published condition=0
W/ThrottleService(  277): unable to find stats for iface rmnet0
I/WindowManager(  277): Lock screen displayed!
E/PowerManagerService(  277): Excessive delay setting brightness: 256ms, mask=2
D/PhoneStatusBar(  373): disable: < expand icons alerts ticker system_info BACK HOME recent* CLOCK >
D/PhoneStatusBar(  373): disable: < expand icons alerts ticker system_info back* home* recent clock* >
W/InputMethodManagerService(  277): Window already focused, ignoring focus gain of: com.android.internal.view.IInputMethodClient$Stub$Proxy@418519d8 attribute=null
I/ActivityManager(  277): START {act=android.intent.action.MAIN cat=[android.intent.category.LAUNCHER] flg=0x10200000 cmp=nerd.tuxmobil.fahrplan.congress/.Fahrplan bnds=[240,228][360,387] u=0} from pid 478
I/ActivityManager(  277): Start proc nerd.tuxmobil.fahrplan.congress for activity nerd.tuxmobil.fahrplan.congress/.Fahrplan: pid=2185 uid=10099 gids={3003, 1028}
I/ActivityManager(  277): START {cmp=nerd.tuxmobil.fahrplan.congress/.EventDetail (has extras) u=0} from pid 2185
I/ActivityManager(  277): START {cmp=nerd.tuxmobil.fahrplan.congress/.EventDetail (has extras) u=0} from pid 2185
I/ActivityManager(  277): No longer want com.google.android.googlequicksearchbox (pid 1201): hidden #16
I/ActivityManager(  277): START {cmp=nerd.tuxmobil.fahrplan.congress/.EventDetail (has extras) u=0} from pid 2185
I/ActivityManager(  277): START {act=android.intent.action.MAIN cat=[android.intent.category.HOME] flg=0x10200000 cmp=com.cyanogenmod.trebuchet/.Launcher u=0} from pid 277
D/PhoneStatusBar(  373): disable: < expand icons alerts ticker system_info back home RECENT* clock >
D/PhoneStatusBar(  373): disable: < expand icons alerts ticker system_info BACK* HOME* RECENT CLOCK* >
D/ConnectivityService(  277): ConnectivityChange for WIFI: DISCONNECTED/DISCONNECTED
D/ConnectivityService(  277): Attempting to switch to mobile
D/ConnectivityService(  277): Attempting to switch to BLUETOOTH_TETHER
D/ConnectivityService(  277): resetConnections(wlan0, 3)
D/ConnectivityService(  277): handleInetConditionChange: no active default network - ignore
D/ConnectivityService(  277): ConnectivityChange for WIFI: CONNECTED/CONNECTED
D/ConnectivityService(  277): NetTransition Wakelock for WifiStateMachine released by timeout
I/WindowManager(  277): Lock screen displayed!
E/PowerManagerService(  277): Excessive delay setting brightness: 275ms, mask=2
D/PhoneStatusBar(  373): disable: < expand icons alerts ticker system_info BACK HOME recent* CLOCK >
D/PhoneStatusBar(  373): disable: < expand icons alerts ticker system_info back* home* recent clock* >
W/InputMethodManagerService(  277): Window already focused, ignoring focus gain of: com.android.internal.view.IInputMethodClient$Stub$Proxy@411088a8 attribute=android.view.inputmethod.EditorInfo@416b5980
D/ConnectivityService(  277): handleInetConditionHoldEnd: net=1, condition=100, published condition=0
I/ActivityManager(  277): START {act=android.intent.action.MAIN cat=[android.intent.category.LAUNCHER] flg=0x10200000 cmp=com.twitter.android/.StartActivity bnds=[0,546][120,705] u=0} from pid 478
W/InputMethodManagerService(  277): Window already focused, ignoring focus gain of: com.android.internal.view.IInputMethodClient$Stub$Proxy@414e8ec0 attribute=null
D/PhoneStatusBar(  373): disable: < expand icons alerts ticker system_info back home RECENT* clock >
D/PhoneStatusBar(  373): disable: < expand icons alerts ticker system_info BACK* HOME* RECENT CLOCK* >
W/ThrottleService(  277): unable to find stats for iface rmnet0
D/ConnectivityService(  277): ConnectivityChange for WIFI: DISCONNECTED/DISCONNECTED
D/ConnectivityService(  277): Attempting to switch to mobile
D/ConnectivityService(  277): Attempting to switch to BLUETOOTH_TETHER
D/ConnectivityService(  277): resetConnections(wlan0, 3)
D/ConnectivityService(  277): handleInetConditionChange: no active default network - ignore
D/ConnectivityService(  277): ConnectivityChange for WIFI: CONNECTED/CONNECTED
D/ConnectivityService(  277): NetTransition Wakelock for WifiStateMachine released by timeout
D/ConnectivityService(  277): handleInetConditionHoldEnd: net=1, condition=100, published condition=0
W/ThrottleService(  277): unable to find stats for iface rmnet0
W/ThrottleService(  277): unable to find stats for iface rmnet0
W/ThrottleService(  277): unable to find stats for iface rmnet0
W/ThrottleService(  277): unable to find stats for iface rmnet0
W/ThrottleService(  277): unable to find stats for iface rmnet0
D/ConnectivityService(  277): ConnectivityChange for WIFI: CONNECTED/CONNECTED
D/ConnectivityService(  277): handleConnectivityChange: address are the same reset per doReset linkProperty[1]: resetMask=0
D/ConnectivityService(  277): NetTransition Wakelock for WifiStateMachine released by timeout
D/ConnectivityService(  277): handleInetConditionHoldEnd: net=1, condition=100, published condition=0
W/ThrottleService(  277): unable to find stats for iface rmnet0
I/WindowManager(  277): Lock screen displayed!
E/PowerManagerService(  277): Excessive delay setting brightness: 272ms, mask=2
D/PhoneStatusBar(  373): disable: < expand icons alerts ticker system_info BACK HOME recent* CLOCK >
D/PhoneStatusBar(  373): disable: < expand icons alerts ticker system_info back* home* recent clock* >
W/InputMethodManagerService(  277): Window already focused, ignoring focus gain of: com.android.internal.view.IInputMethodClient$Stub$Proxy@415724c0 attribute=android.view.inputmethod.EditorInfo@417287e0
I/ActivityManager(  277): START {act=android.intent.action.MAIN cat=[android.intent.category.HOME] flg=0x10200000 cmp=com.cyanogenmod.trebuchet/.Launcher u=0} from pid 277
I/ActivityManager(  277): No longer want com.android.browser (pid 1158): hidden #16
I/WindowState(  277): WIN DEATH: Window{417a85c8 com.android.browser/com.android.browser.BrowserActivity paused=false}
I/ActivityManager(  277): START {act=android.intent.action.MAIN cat=[android.intent.category.LAUNCHER] flg=0x10200000 cmp=nerd.tuxmobil.fahrplan.congress/.Fahrplan bnds=[240,228][360,387] u=0} from pid 478
D/PhoneStatusBar(  373): disable: < expand icons alerts ticker system_info back home RECENT* clock >
D/PhoneStatusBar(  373): disable: < expand icons alerts ticker system_info BACK* HOME* RECENT CLOCK* >
W/ThrottleService(  277): unable to find stats for iface rmnet0
W/ThrottleService(  277): unable to find stats for iface rmnet0
W/ThrottleService(  277): unable to find stats for iface rmnet0
I/ActivityManager(  277): Start proc com.google.android.apps.genie.geniewidget for broadcast com.google.android.apps.genie.geniewidget/.miniwidget.UpdateReceiver: pid=2454 uid=10048 gids={3003, 1015, 1028}
W/ThrottleService(  277): unable to find stats for iface rmnet0
W/ThrottleService(  277): unable to find stats for iface rmnet0
D/ConnectivityService(  277): ConnectivityChange for WIFI: DISCONNECTED/DISCONNECTED
D/ConnectivityService(  277): Attempting to switch to mobile
D/ConnectivityService(  277): Attempting to switch to BLUETOOTH_TETHER
D/ConnectivityService(  277): resetConnections(wlan0, 3)
D/ConnectivityService(  277): handleInetConditionChange: no active default network - ignore
D/ConnectivityService(  277): ConnectivityChange for WIFI: CONNECTED/CONNECTED
D/ConnectivityService(  277): NetTransition Wakelock for WifiStateMachine released by timeout
D/ConnectivityService(  277): handleInetConditionHoldEnd: net=1, condition=100, published condition=0
D/ConnectivityService(  277): ConnectivityChange for WIFI: DISCONNECTED/DISCONNECTED
D/ConnectivityService(  277): Attempting to switch to mobile
D/ConnectivityService(  277): Attempting to switch to BLUETOOTH_TETHER
D/ConnectivityService(  277): resetConnections(wlan0, 3)
D/ConnectivityService(  277): handleInetConditionChange: no active default network - ignore
D/ConnectivityService(  277): ConnectivityChange for WIFI: CONNECTED/CONNECTED
D/ConnectivityService(  277): NetTransition Wakelock for WifiStateMachine released by timeout
D/ConnectivityService(  277): handleInetConditionHoldEnd: net=1, condition=100, published condition=0
W/ThrottleService(  277): unable to find stats for iface rmnet0
D/ConnectivityService(  277): ConnectivityChange for WIFI: DISCONNECTED/DISCONNECTED
D/ConnectivityService(  277): Attempting to switch to mobile
D/ConnectivityService(  277): Attempting to switch to BLUETOOTH_TETHER
D/ConnectivityService(  277): resetConnections(wlan0, 3)
D/ConnectivityService(  277): handleInetConditionChange: no active default network - ignore
D/ConnectivityService(  277): ConnectivityChange for WIFI: CONNECTED/CONNECTED
D/ConnectivityService(  277): NetTransition Wakelock for WifiStateMachine released by timeout
D/ConnectivityService(  277): handleInetConditionHoldEnd: net=1, condition=100, published condition=0
I/WindowManager(  277): Lock screen displayed!
E/PowerManagerService(  277): Excessive delay setting brightness: 248ms, mask=2
D/PhoneStatusBar(  373): disable: < expand icons alerts ticker system_info BACK HOME recent* CLOCK >
D/PhoneStatusBar(  373): disable: < expand icons alerts ticker system_info back* home* recent clock* >
W/InputMethodManagerService(  277): Window already focused, ignoring focus gain of: com.android.internal.view.IInputMethodClient$Stub$Proxy@4127b088 attribute=android.view.inputmethod.EditorInfo@41995290
I/ActivityManager(  277): START {act=android.intent.action.MAIN cat=[android.intent.category.HOME] flg=0x10200000 cmp=com.cyanogenmod.trebuchet/.Launcher u=0} from pid 277
I/ActivityManager(  277): No longer want com.bel.android.dspmanager (pid 1726): hidden #16
W/ActivityManager(  277): Scheduling restart of crashed service com.bel.android.dspmanager/.service.HeadsetService in 5000ms
I/ActivityManager(  277): START {act=android.intent.action.MAIN cat=[android.intent.category.LAUNCHER] flg=0x10200000 cmp=nerd.tuxmobil.fahrplan.congress/.Fahrplan bnds=[240,228][360,387] u=0} from pid 478
I/ActivityManager(  277): Start proc com.bel.android.dspmanager for service com.bel.android.dspmanager/.service.HeadsetService: pid=2637 uid=10013 gids={3002, 1028}
D/PhoneStatusBar(  373): disable: < expand icons alerts ticker system_info back home RECENT* clock >
D/PhoneStatusBar(  373): disable: < expand icons alerts ticker system_info BACK* HOME* RECENT CLOCK* >
D/ConnectivityService(  277): ConnectivityChange for WIFI: DISCONNECTED/DISCONNECTED
D/ConnectivityService(  277): Attempting to switch to mobile
D/ConnectivityService(  277): Attempting to switch to BLUETOOTH_TETHER
D/ConnectivityService(  277): resetConnections(wlan0, 3)
D/ConnectivityService(  277): handleInetConditionChange: no active default network - ignore
D/ConnectivityService(  277): ConnectivityChange for WIFI: CONNECTED/CONNECTED
D/ConnectivityService(  277): NetTransition Wakelock for WifiStateMachine released by timeout
D/ConnectivityService(  277): handleInetConditionHoldEnd: net=1, condition=100, published condition=0
D/ConnectivityService(  277): ConnectivityChange for WIFI: DISCONNECTED/DISCONNECTED
D/ConnectivityService(  277): Attempting to switch to mobile
D/ConnectivityService(  277): Attempting to switch to BLUETOOTH_TETHER
D/ConnectivityService(  277): resetConnections(wlan0, 3)
W/SocketClient(  101): write error (Broken pipe)
D/ConnectivityService(  277): handleInetConditionChange: no active default network - ignore
I/WindowManager(  277): Lock screen displayed!
E/PowerManagerService(  277): Excessive delay setting brightness: 271ms, mask=2
D/PhoneStatusBar(  373): disable: < expand icons alerts ticker system_info BACK HOME recent* CLOCK >
D/PhoneStatusBar(  373): disable: < expand icons alerts ticker system_info back* home* recent clock* >
W/InputMethodManagerService(  277): Window already focused, ignoring focus gain of: com.android.internal.view.IInputMethodClient$Stub$Proxy@412ed838 attribute=android.view.inputmethod.EditorInfo@4198b8f0
D/PhoneStatusBar(  373): addNotification score=0
D/ConnectivityService(  277): ConnectivityChange for WIFI: CONNECTED/CONNECTED
D/ConnectivityService(  277): NetTransition Wakelock for WifiStateMachine released by timeout
D/ConnectivityService(  277): handleInetConditionHoldEnd: net=1, condition=100, published condition=0
D/PhoneStatusBar(  373): disable: < expand icons alerts ticker system_info back home RECENT* clock >
D/PhoneStatusBar(  373): disable: < expand icons alerts ticker system_info BACK* HOME* RECENT CLOCK* >
W/ThrottleService(  277): unable to find stats for iface rmnet0
I/LocationManagerService(  277): remove passive (pid 2075), next minTime = 0
I/LocationManagerService(  277): request passive (pid 2075) 0 0
I/WindowManager(  277): Lock screen displayed!
E/PowerManagerService(  277): Excessive delay setting brightness: 287ms, mask=2
D/PhoneStatusBar(  373): disable: < expand icons alerts ticker system_info BACK HOME recent* CLOCK >
D/PhoneStatusBar(  373): disable: < expand icons alerts ticker system_info back* home* recent clock* >
W/InputMethodManagerService(  277): Window already focused, ignoring focus gain of: com.android.internal.view.IInputMethodClient$Stub$Proxy@41a124b0 attribute=android.view.inputmethod.EditorInfo@41a129a0
I/ActivityManager(  277): START {cmp=nerd.tuxmobil.fahrplan.congress/.EventDetail (has extras) u=0} from pid 2185
I/ActivityManager(  277): START {cmp=nerd.tuxmobil.fahrplan.congress/.EventDetail (has extras) u=0} from pid 2185
I/ActivityManager(  277): START {cmp=nerd.tuxmobil.fahrplan.congress/.EventDetail (has extras) u=0} from pid 2185
