I/ActivityManager(  277): Start proc com.android.calendar for broadcast com.android.calendar/.alerts.AlertReceiver: pid=29123 uid=10010 gids={3003, 1028}
I/ActivityManager(  277): No longer want com.android.packageinstaller (pid 28900): hidden #16
I/ActivityManager(  277): No longer want android.process.media (pid 28734): hidden #16
W/ActivityManager(  277): No content provider found for permission revoke: file:///data/local/tmp/MainActivity-debug.apk
W/ActivityManager(  277): No content provider found for permission revoke: file:///data/local/tmp/MainActivity-debug.apk
I/PackageParser(  277): cc.morr.sixthsense: compat added android.permission.WRITE_EXTERNAL_STORAGE android.permission.READ_PHONE_STATE
I/ActivityManager(  277): Force stopping package cc.morr.sixthsense uid=10102
D/BackupManagerService(  277): Received broadcast Intent { act=android.intent.action.PACKAGE_ADDED dat=package:cc.morr.sixthsense flg=0x8000010 (has extras) }
V/BackupManagerService(  277): addPackageParticipantsLocked: #1
I/ActivityManager(  277): Start proc com.svox.pico for broadcast com.svox.pico/.VoiceDataInstallerReceiver: pid=29161 uid=10032 gids={1015, 1028}
I/ActivityManager(  277): No longer want com.google.android.apps.uploader (pid 28764): hidden #16
W/AccessibilityManagerService(  277): Skipping accessibilty service com.rescuetime.android/.ScannerAccessibilityService: it does not require the permission android.permission.BIND_ACCESSIBILITY_SERVICE
I/ActivityManager(  277): No longer want com.google.android.youtube (pid 28794): hidden #16
I/WindowManager(  277): Lock screen displayed!
E/PowerManagerService(  277): Excessive delay setting brightness: 291ms, mask=2
D/PhoneStatusBar(  373): disable: < expand icons alerts ticker system_info BACK HOME recent* CLOCK >
D/PhoneStatusBar(  373): disable: < expand icons alerts ticker system_info back* home* recent clock* >
W/InputMethodManagerService(  277): Window already focused, ignoring focus gain of: com.android.internal.view.IInputMethodClient$Stub$Proxy@412ed1c0 attribute=android.view.inputmethod.EditorInfo@411ee250
D/PhoneStatusBar(  373): disable: < expand icons alerts ticker system_info back home RECENT* clock >
D/PhoneStatusBar(  373): disable: < expand icons alerts ticker system_info BACK* HOME* RECENT CLOCK* >
I/ActivityManager(  277): Start proc com.twitter.android for service com.twitter.android/.client.AppService: pid=29184 uid=10064 gids={3003, 1015, 1028}
I/ActivityManager(  277): No longer want com.fsck.k9 (pid 28777): hidden #16
I/ActivityManager(  277): No longer want com.bel.android.dspmanager (pid 3273): hidden #16
I/WindowManager(  277): Lock screen displayed!
W/ActivityManager(  277): Scheduling restart of crashed service com.bel.android.dspmanager/.service.HeadsetService in 5000ms
E/PowerManagerService(  277): Excessive delay setting brightness: 242ms, mask=2
D/PhoneStatusBar(  373): disable: < expand icons alerts ticker system_info BACK HOME recent* CLOCK >
D/PhoneStatusBar(  373): disable: < expand icons alerts ticker system_info back* home* recent clock* >
W/InputMethodManagerService(  277): Window already focused, ignoring focus gain of: com.android.internal.view.IInputMethodClient$Stub$Proxy@40ffe8e0 attribute=android.view.inputmethod.EditorInfo@417b41c0
I/ActivityManager(  277): START {act=android.intent.action.MAIN cat=[android.intent.category.LAUNCHER] flg=0x10200000 cmp=cc.morr.sixthsense/.MainActivity u=0} from pid 478
I/ActivityManager(  277): Start proc cc.morr.sixthsense for activity cc.morr.sixthsense/.MainActivity: pid=29212 uid=10102 gids={1015, 1028}
I/ActivityManager(  277): Start proc com.bel.android.dspmanager for service com.bel.android.dspmanager/.service.HeadsetService: pid=29229 uid=10013 gids={3002, 1028}
I/ActivityManager(  277): Config changed: {1.0 262mcc1mnc en_US sw320dp w533dp h294dp nrml long land finger -keyb/v/h -nav/h s.15 themeResource=null}
I/ActivityManager(  277): START {act=android.intent.action.MAIN cat=[android.intent.category.HOME] flg=0x10200000 cmp=com.cyanogenmod.trebuchet/.Launcher u=0} from pid 277
I/ActivityManager(  277): Config changed: {1.0 262mcc1mnc en_US sw320dp w320dp h508dp nrml long port finger -keyb/v/h -nav/h s.16 themeResource=null}
I/ActivityManager(  277): No longer want com.android.settings (pid 28750): hidden #16
I/WindowState(  277): WIN DEATH: Window{41529a48 com.android.settings/com.android.settings.wifi.WifiPickerActivity paused=false}
I/ActivityManager(  277): No longer want com.android.keychain (pid 28954): hidden #16
I/ActivityManager(  277): Killing 29212:cc.morr.sixthsense/u0a102: remove task
I/WindowState(  277): WIN DEATH: Window{41040bf0 cc.morr.sixthsense/cc.morr.sixthsense.MainActivity paused=true}
I/ActivityManager(  277): START {act=android.intent.action.MAIN cat=[android.intent.category.HOME] flg=0x10200000 cmp=com.cyanogenmod.trebuchet/.Launcher u=0} from pid 277
W/InputMethodManagerService(  277): Window already focused, ignoring focus gain of: com.android.internal.view.IInputMethodClient$Stub$Proxy@416ea710 attribute=null
D/PhoneStatusBar(  373): disable: < expand icons alerts ticker system_info back home RECENT* clock >
D/PhoneStatusBar(  373): disable: < expand icons alerts ticker system_info BACK* HOME* RECENT CLOCK* >
W/ActivityManager(  277): Activity destroy timeout for ActivityRecord{41038750 cc.morr.sixthsense/.MainActivity}
W/ThrottleService(  277): unable to find stats for iface rmnet0
I/WindowManager(  277): Lock screen displayed!
E/PowerManagerService(  277): Excessive delay setting brightness: 252ms, mask=2
D/PhoneStatusBar(  373): disable: < expand icons alerts ticker system_info BACK HOME recent* CLOCK >
D/PhoneStatusBar(  373): disable: < expand icons alerts ticker system_info back* home* recent clock* >
W/InputMethodManagerService(  277): Window already focused, ignoring focus gain of: com.android.internal.view.IInputMethodClient$Stub$Proxy@4104b4f8 attribute=android.view.inputmethod.EditorInfo@415a68b8
I/ActivityManager(  277): START {act=android.intent.action.MAIN cat=[android.intent.category.HOME] flg=0x10200000 cmp=com.cyanogenmod.trebuchet/.Launcher u=0} from pid 277
D/PhoneStatusBar(  373): disable: < expand icons alerts ticker system_info back home RECENT* clock >
D/PhoneStatusBar(  373): disable: < expand icons alerts ticker system_info BACK* HOME* RECENT CLOCK* >
W/ThrottleService(  277): unable to find stats for iface rmnet0
W/ThrottleService(  277): unable to find stats for iface rmnet0
I/ActivityManager(  277): Start proc com.google.android.apps.genie.geniewidget for broadcast com.google.android.apps.genie.geniewidget/.miniwidget.UpdateReceiver: pid=29373 uid=10048 gids={3003, 1015, 1028}
I/ActivityManager(  277): No longer want com.google.android.apps.maps:GoogleLocationService (pid 3213): hidden #16
W/ActivityManager(  277): Scheduling restart of crashed service com.google.android.apps.maps/com.google.android.location.internal.server.GoogleLocationService in 5000ms
I/LocationManagerService(  277): remove passive (pid 277), next minTime = 0
I/ActivityManager(  277): Start proc com.google.android.apps.maps:GoogleLocationService for service com.google.android.apps.maps/com.google.android.location.internal.server.GoogleLocationService: pid=29396 uid=10086 gids={3003, 1015, 1028}
I/LocationManagerService(  277): request passive (pid 29396) 0 0
I/ActivityManager(  277): Start proc com.google.android.apps.maps:FriendService for broadcast com.google.android.apps.maps/com.google.googlenav.friend.android.ServiceReceiver: pid=29417 uid=10086 gids={3003, 1015, 1028}
I/ActivityManager(  277): Start proc com.google.android.apps.maps:LocationFriendService for broadcast com.google.android.apps.maps/com.google.googlenav.friend.reporting.LocationReportingIntentReceiver: pid=29430 uid=10086 gids={3003, 1015, 1028}
I/ActivityManager(  277): No longer want com.android.calendar (pid 29123): hidden #16
I/ActivityManager(  277): No longer want com.android.voicedialer (pid 28996): hidden #16
I/WindowManager(  277): Lock screen displayed!
E/PowerManagerService(  277): Excessive delay setting brightness: 256ms, mask=2
D/PhoneStatusBar(  373): disable: < expand icons alerts ticker system_info BACK HOME recent* CLOCK >
W/InputMethodManagerService(  277): Window already focused, ignoring focus gain of: com.android.internal.view.IInputMethodClient$Stub$Proxy@414a20c0 attribute=android.view.inputmethod.EditorInfo@41716768
D/PhoneStatusBar(  373): disable: < expand icons alerts ticker system_info back* home* recent clock* >
I/ActivityManager(  277): START {act=android.intent.action.MAIN cat=[android.intent.category.LAUNCHER] flg=0x10200000 cmp=nerd.tuxmobil.fahrplan.congress/.Fahrplan bnds=[240,228][360,387] u=0} from pid 478
I/ActivityManager(  277): Start proc nerd.tuxmobil.fahrplan.congress for activity nerd.tuxmobil.fahrplan.congress/.EventDetail: pid=29452 uid=10099 gids={3003, 1028}
D/PhoneStatusBar(  373): disable: < expand icons alerts ticker system_info back home RECENT* clock >
D/PhoneStatusBar(  373): disable: < expand icons alerts ticker system_info BACK* HOME* RECENT CLOCK* >
W/ActivityManager(  277): No content provider found for permission revoke: file:///data/local/tmp/MainActivity-debug.apk
W/ActivityManager(  277): No content provider found for permission revoke: file:///data/local/tmp/MainActivity-debug.apk
I/PackageParser(  277): cc.morr.sixthsense: compat added android.permission.WRITE_EXTERNAL_STORAGE android.permission.READ_PHONE_STATE
I/ActivityManager(  277): Force stopping package cc.morr.sixthsense uid=10102
I/PackageManager(  277): Package cc.morr.sixthsense codePath changed from /data/app/cc.morr.sixthsense-1.apk to /data/app/cc.morr.sixthsense-2.apk; Retaining data and using new
I/ActivityManager(  277): Force stopping package cc.morr.sixthsense uid=10102
W/PackageManager(  277): Code path for pkg : cc.morr.sixthsense changing from /data/app/cc.morr.sixthsense-1.apk to /data/app/cc.morr.sixthsense-2.apk
W/PackageManager(  277): Resource path for pkg : cc.morr.sixthsense changing from /data/app/cc.morr.sixthsense-1.apk to /data/app/cc.morr.sixthsense-2.apk
I/ActivityManager(  277): Force stopping package cc.morr.sixthsense uid=10102
D/BackupManagerService(  277): Received broadcast Intent { act=android.intent.action.PACKAGE_REMOVED dat=package:cc.morr.sixthsense flg=0x8000010 (has extras) }
D/BackupManagerService(  277): Received broadcast Intent { act=android.intent.action.PACKAGE_ADDED dat=package:cc.morr.sixthsense flg=0x8000010 (has extras) }
V/BackupManagerService(  277): removePackageParticipantsLocked: uid=10102 #1
V/BackupManagerService(  277): addPackageParticipantsLocked: #1
I/ActivityManager(  277): Start proc com.android.keychain for broadcast com.android.keychain/.KeyChainBroadcastReceiver: pid=29495 uid=1000 gids={1015, 3002, 3001, 3003, 1028, 3007}
I/ActivityManager(  277): Start proc com.android.voicedialer for broadcast com.android.voicedialer/.VoiceDialerReceiver: pid=29508 uid=10045 gids={3002, 1028}
I/ActivityManager(  277): No longer want com.svox.pico (pid 29161): hidden #16
I/ActivityManager(  277): Start proc com.svox.pico for broadcast com.svox.pico/.VoiceDataInstallerReceiver: pid=29523 uid=10032 gids={1015, 1028}
I/ActivityManager(  277): No longer want com.google.android.apps.genie.geniewidget (pid 29373): hidden #16
W/AccessibilityManagerService(  277): Skipping accessibilty service com.rescuetime.android/.ScannerAccessibilityService: it does not require the permission android.permission.BIND_ACCESSIBILITY_SERVICE
I/WindowManager(  277): Lock screen displayed!
E/PowerManagerService(  277): Excessive delay setting brightness: 286ms, mask=2
D/PhoneStatusBar(  373): disable: < expand icons alerts ticker system_info BACK HOME recent* CLOCK >
D/PhoneStatusBar(  373): disable: < expand icons alerts ticker system_info back* home* recent clock* >
W/InputMethodManagerService(  277): Window already focused, ignoring focus gain of: com.android.internal.view.IInputMethodClient$Stub$Proxy@415b4ce8 attribute=android.view.inputmethod.EditorInfo@41761b90
I/ActivityManager(  277): START {act=android.intent.action.MAIN cat=[android.intent.category.HOME] flg=0x10200000 cmp=com.cyanogenmod.trebuchet/.Launcher u=0} from pid 277
I/ActivityManager(  277): No longer want com.google.android.gsf.login (pid 29085): hidden #16
I/ActivityManager(  277): START {act=android.intent.action.MAIN cat=[android.intent.category.LAUNCHER] flg=0x10200000 cmp=cc.morr.sixthsense/.MainActivity bnds=[360,228][480,387] u=0} from pid 478
I/ActivityManager(  277): Start proc cc.morr.sixthsense for activity cc.morr.sixthsense/.MainActivity: pid=29549 uid=10102 gids={1015, 1028}
I/ActivityManager(  277): START {act=android.intent.action.MAIN cat=[android.intent.category.HOME] flg=0x10200000 cmp=com.cyanogenmod.trebuchet/.Launcher u=0} from pid 277
I/ActivityManager(  277): No longer want com.android.providers.calendar (pid 29055): hidden #16
I/ActivityManager(  277): No longer want com.twitter.android (pid 29184): hidden #16
I/ActivityManager(  277): Killing 29549:cc.morr.sixthsense/u0a102: remove task
I/WindowState(  277): WIN DEATH: Window{4102cbf8 cc.morr.sixthsense/cc.morr.sixthsense.MainActivity paused=true}
I/ActivityManager(  277): Start proc com.android.providers.calendar for content provider com.android.providers.calendar/.CalendarProvider2: pid=29571 uid=10011 gids={3003, 1015, 1028}
I/ActivityManager(  277): Start proc com.google.android.gsf.login for service com.google.android.gsf.login/com.google.android.gsf.loginservice.GoogleLoginService: pid=29585 uid=10033 gids={3003, 1015, 1028, 1007, 2001, 3006}
D/PhoneStatusBar(  373): disable: < expand icons alerts ticker system_info back home RECENT* clock >
W/InputMethodManagerService(  277): Window already focused, ignoring focus gain of: com.android.internal.view.IInputMethodClient$Stub$Proxy@41095670 attribute=android.view.inputmethod.EditorInfo@4103d518
D/PhoneStatusBar(  373): disable: < expand icons alerts ticker system_info BACK* HOME* RECENT CLOCK* >
I/ActivityManager(  277): Start proc com.android.calendar for broadcast com.android.calendar/.alerts.AlertReceiver: pid=29600 uid=10010 gids={3003, 1028}
I/ActivityManager(  277): No longer want com.android.keychain (pid 29495): hidden #16
I/ActivityManager(  277): No longer want com.android.voicedialer (pid 29508): hidden #16
W/ActivityManager(  277): Activity destroy timeout for ActivityRecord{4111d3a8 cc.morr.sixthsense/.MainActivity}
I/ActivityManager(  277): No longer want com.bel.android.dspmanager (pid 29229): hidden #16
W/ActivityManager(  277): Scheduling restart of crashed service com.bel.android.dspmanager/.service.HeadsetService in 5000ms
I/ActivityManager(  277): Start proc com.bel.android.dspmanager for service com.bel.android.dspmanager/.service.HeadsetService: pid=29624 uid=10013 gids={3002, 1028}
W/ThrottleService(  277): unable to find stats for iface rmnet0
I/ActivityManager(  277): Start proc com.twitter.android for service com.twitter.android/.client.AppService: pid=29638 uid=10064 gids={3003, 1015, 1028}
I/ActivityManager(  277): No longer want com.android.gallery3d (pid 28938): hidden #16
W/ThrottleService(  277): unable to find stats for iface rmnet0
W/ActivityManager(  277): No content provider found for permission revoke: file:///data/local/tmp/MainActivity-debug.apk
W/ActivityManager(  277): No content provider found for permission revoke: file:///data/local/tmp/MainActivity-debug.apk
I/PackageParser(  277): cc.morr.sixthsense: compat added android.permission.WRITE_EXTERNAL_STORAGE android.permission.READ_PHONE_STATE
I/ActivityManager(  277): Force stopping package cc.morr.sixthsense uid=10102
I/PackageManager(  277): Package cc.morr.sixthsense codePath changed from /data/app/cc.morr.sixthsense-2.apk to /data/app/cc.morr.sixthsense-1.apk; Retaining data and using new
I/ActivityManager(  277): Force stopping package cc.morr.sixthsense uid=10102
W/PackageManager(  277): Code path for pkg : cc.morr.sixthsense changing from /data/app/cc.morr.sixthsense-2.apk to /data/app/cc.morr.sixthsense-1.apk
W/PackageManager(  277): Resource path for pkg : cc.morr.sixthsense changing from /data/app/cc.morr.sixthsense-2.apk to /data/app/cc.morr.sixthsense-1.apk
I/ActivityManager(  277): Force stopping package cc.morr.sixthsense uid=10102
D/BackupManagerService(  277): Received broadcast Intent { act=android.intent.action.PACKAGE_REMOVED dat=package:cc.morr.sixthsense flg=0x8000010 (has extras) }
D/BackupManagerService(  277): Received broadcast Intent { act=android.intent.action.PACKAGE_ADDED dat=package:cc.morr.sixthsense flg=0x8000010 (has extras) }
V/BackupManagerService(  277): removePackageParticipantsLocked: uid=10102 #1
I/ActivityManager(  277): Start proc com.android.gallery3d for broadcast com.android.gallery3d/.app.PackagesMonitor: pid=29682 uid=10021 gids={1006, 3003, 1015, 1028}
V/BackupManagerService(  277): addPackageParticipantsLocked: #1
I/ActivityManager(  277): Start proc com.android.keychain for broadcast com.android.keychain/.KeyChainBroadcastReceiver: pid=29697 uid=1000 gids={1015, 3002, 3001, 3003, 1028, 3007}
I/ActivityManager(  277): Start proc com.android.voicedialer for broadcast com.android.voicedialer/.VoiceDialerReceiver: pid=29710 uid=10045 gids={3002, 1028}
I/ActivityManager(  277): No longer want com.svox.pico (pid 29523): hidden #16
I/ActivityManager(  277): Start proc com.svox.pico for broadcast com.svox.pico/.VoiceDataInstallerReceiver: pid=29725 uid=10032 gids={1015, 1028}
I/ActivityManager(  277): No longer want com.google.android.partnersetup (pid 29105): hidden #16
I/ActivityManager(  277): No longer want com.google.android.apps.maps:FriendService (pid 29417): hidden #16
W/AccessibilityManagerService(  277): Skipping accessibilty service com.rescuetime.android/.ScannerAccessibilityService: it does not require the permission android.permission.BIND_ACCESSIBILITY_SERVICE
I/ActivityManager(  277): Start proc com.google.android.partnersetup for broadcast com.google.android.partnersetup/.AppInstalledReceiver: pid=29738 uid=10052 gids={3003, 1028}
I/ActivityManager(  277): Start proc com.google.android.apps.maps:FriendService for broadcast com.google.android.apps.maps/com.google.googlenav.friend.android.ServiceReceiver: pid=29752 uid=10086 gids={3003, 1015, 1028}
I/ActivityManager(  277): No longer want com.google.android.apps.maps:LocationFriendService (pid 29430): hidden #16
I/ActivityManager(  277): No longer want nerd.tuxmobil.fahrplan.congress (pid 29452): hidden #16
I/WindowState(  277): WIN DEATH: Window{41085df8 nerd.tuxmobil.fahrplan.congress/nerd.tuxmobil.fahrplan.congress.Fahrplan paused=false}
I/WindowManager(  277): Lock screen displayed!
E/PowerManagerService(  277): Excessive delay setting brightness: 292ms, mask=2
D/PhoneStatusBar(  373): disable: < expand icons alerts ticker system_info BACK HOME recent* CLOCK >
D/PhoneStatusBar(  373): disable: < expand icons alerts ticker system_info back* home* recent clock* >
W/InputMethodManagerService(  277): Window already focused, ignoring focus gain of: com.android.internal.view.IInputMethodClient$Stub$Proxy@4104a4d8 attribute=null
I/ActivityManager(  277): START {act=android.intent.action.MAIN cat=[android.intent.category.LAUNCHER] flg=0x10200000 cmp=cc.morr.sixthsense/.MainActivity bnds=[360,228][480,387] u=0} from pid 478
I/ActivityManager(  277): Start proc cc.morr.sixthsense for activity cc.morr.sixthsense/.MainActivity: pid=29774 uid=10102 gids={1015, 1028}
I/ActivityManager(  277): No longer want com.google.android.gsf.login (pid 29585): hidden #16
I/ActivityManager(  277): START {act=android.intent.action.MAIN cat=[android.intent.category.HOME] flg=0x10200000 cmp=com.cyanogenmod.trebuchet/.Launcher u=0} from pid 277
I/ActivityManager(  277): No longer want com.android.calendar (pid 29600): hidden #16
I/ActivityManager(  277): Killing 29774:cc.morr.sixthsense/u0a102: remove task
I/WindowState(  277): WIN DEATH: Window{415771e8 cc.morr.sixthsense/cc.morr.sixthsense.MainActivity paused=true}
I/ActivityManager(  277): START {act=android.intent.action.MAIN cat=[android.intent.category.HOME] flg=0x10200000 cmp=com.cyanogenmod.trebuchet/.Launcher u=0} from pid 277
W/InputMethodManagerService(  277): Window already focused, ignoring focus gain of: com.android.internal.view.IInputMethodClient$Stub$Proxy@4104bdb8 attribute=null
I/ActivityManager(  277): Start proc com.google.android.gsf.login for service com.google.android.gsf.login/com.google.android.gsf.loginservice.GoogleLoginService: pid=29834 uid=10033 gids={3003, 1015, 1028, 1007, 2001, 3006}
D/PhoneStatusBar(  373): disable: < expand icons alerts ticker system_info back home RECENT* clock >
D/PhoneStatusBar(  373): disable: < expand icons alerts ticker system_info BACK* HOME* RECENT CLOCK* >
W/ActivityManager(  277): Activity destroy timeout for ActivityRecord{411eefd8 cc.morr.sixthsense/.MainActivity}
I/WindowManager(  277): Lock screen displayed!
E/PowerManagerService(  277): Excessive delay setting brightness: 244ms, mask=2
D/PhoneStatusBar(  373): disable: < expand icons alerts ticker system_info BACK HOME recent* CLOCK >
W/InputMethodManagerService(  277): Window already focused, ignoring focus gain of: com.android.internal.view.IInputMethodClient$Stub$Proxy@416ca5a0 attribute=android.view.inputmethod.EditorInfo@4189b480
D/PhoneStatusBar(  373): disable: < expand icons alerts ticker system_info back* home* recent clock* >
I/ActivityManager(  277): START {act=android.intent.action.MAIN cat=[android.intent.category.LAUNCHER] flg=0x10200000 cmp=nerd.tuxmobil.fahrplan.congress/.Fahrplan bnds=[240,228][360,387] u=0} from pid 478
I/ActivityManager(  277): Start proc nerd.tuxmobil.fahrplan.congress for activity nerd.tuxmobil.fahrplan.congress/.Fahrplan: pid=29858 uid=10099 gids={3003, 1028}
I/ActivityManager(  277): Config changed: {1.0 262mcc1mnc en_US sw320dp w533dp h294dp nrml long land finger -keyb/v/h -nav/h s.17 themeResource=null}
I/ActivityManager(  277): Config changed: {1.0 262mcc1mnc en_US sw320dp w320dp h508dp nrml long port finger -keyb/v/h -nav/h s.18 themeResource=null}
I/ActivityManager(  277): Start proc com.google.android.apps.maps:MapsBackgroundService for service com.google.android.apps.maps/com.google.googlenav.networkinitiated.NetworkInitiatedService: pid=29873 uid=10086 gids={3003, 1015, 1028}
I/ActivityManager(  277): START {act=android.intent.action.MAIN cat=[android.intent.category.HOME] flg=0x10200000 cmp=com.cyanogenmod.trebuchet/.Launcher u=0} from pid 277
I/ActivityManager(  277): START {act=android.intent.action.MAIN cat=[android.intent.category.HOME] flg=0x10200000 cmp=com.cyanogenmod.trebuchet/.Launcher u=0} from pid 277
D/PhoneStatusBar(  373): disable: < expand icons alerts ticker system_info back home RECENT* clock >
D/PhoneStatusBar(  373): disable: < expand icons alerts ticker system_info BACK* HOME* RECENT CLOCK* >
D/ConnectivityService(  277): ConnectivityChange for WIFI: CONNECTED/CONNECTED
D/ConnectivityService(  277): handleConnectivityChange: address are the same reset per doReset linkProperty[1]: resetMask=0
D/ConnectivityService(  277): NetTransition Wakelock for WifiStateMachine released by timeout
I/ActivityManager(  277): Start proc com.cyanogenmod.updater for broadcast com.cyanogenmod.updater/.receiver.UpdateCheckReceiver: pid=29911 uid=10007 gids={3003, 1015, 2001, 1028}
I/ActivityManager(  277): Start proc android.process.media for broadcast com.android.providers.downloads/.DownloadReceiver: pid=29926 uid=10017 gids={1015, 1023, 1024, 1028, 2001, 3003, 3007}
I/ActivityManager(  277): No longer want com.android.keychain (pid 29697): hidden #16
I/ActivityManager(  277): Start proc com.android.settings for broadcast com.android.settings/.cmstats.ReportingServiceManager: pid=29942 uid=1000 gids={1015, 3002, 3001, 3003, 1028, 3007}
I/ActivityManager(  277): No longer want com.android.voicedialer (pid 29710): hidden #16
I/ActivityManager(  277): Start proc com.google.android.apps.uploader for broadcast com.google.android.apps.uploader/com.google.android.picasasync.ConnectivityReceiver: pid=29957 uid=10054 gids={3003, 1015, 1028}
I/ActivityManager(  277): Start proc com.fsck.k9 for broadcast com.fsck.k9/.service.BootReceiver: pid=29970 uid=10065 gids={3003, 1015, 1028}
D/ConnectivityService(  277): handleInetConditionHoldEnd: net=1, condition=100, published condition=0
I/ActivityManager(  277): Start proc com.google.android.youtube for broadcast com.google.android.youtube/.app.prefetch.PrefetchService$DeviceStateReceiver: pid=29986 uid=10091 gids={3003, 1015, 1006, 1028}
I/ActivityManager(  277): No longer want com.android.gallery3d (pid 29682): hidden #16
I/ActivityManager(  277): No longer want com.svox.pico (pid 29725): hidden #16
I/ActivityManager(  277): No longer want com.noshufou.android.su (pid 28968): hidden #16
I/ActivityManager(  277): No longer want com.tmobile.thememanager (pid 28982): hidden #16
W/ThrottleService(  277): unable to find stats for iface rmnet0
I/ActivityManager(  277): No longer want com.google.android.partnersetup (pid 29738): hidden #16
I/WindowManager(  277): Lock screen displayed!
E/PowerManagerService(  277): Excessive delay setting brightness: 307ms, mask=2
D/PhoneStatusBar(  373): disable: < expand icons alerts ticker system_info BACK HOME recent* CLOCK >
D/PhoneStatusBar(  373): disable: < expand icons alerts ticker system_info back* home* recent clock* >
W/InputMethodManagerService(  277): Window already focused, ignoring focus gain of: com.android.internal.view.IInputMethodClient$Stub$Proxy@4110ac10 attribute=android.view.inputmethod.EditorInfo@41201ef8
I/ActivityManager(  277): START {act=android.intent.action.MAIN cat=[android.intent.category.LAUNCHER] flg=0x10200000 cmp=nerd.tuxmobil.fahrplan.congress/.Fahrplan bnds=[240,228][360,387] u=0} from pid 478
I/ActivityManager(  277): Config changed: {1.0 262mcc1mnc en_US sw320dp w533dp h294dp nrml long land finger -keyb/v/h -nav/h s.19 themeResource=null}
I/ActivityManager(  277): No longer want com.bel.android.dspmanager (pid 29624): hidden #16
W/ActivityManager(  277): Scheduling restart of crashed service com.bel.android.dspmanager/.service.HeadsetService in 5000ms
I/ActivityManager(  277): Start proc com.bel.android.dspmanager for service com.bel.android.dspmanager/.service.HeadsetService: pid=30044 uid=10013 gids={3002, 1028}
D/PhoneStatusBar(  373): disable: < expand icons alerts ticker system_info back home RECENT* clock >
I/ActivityManager(  277): Config changed: {1.0 262mcc1mnc en_US sw320dp w320dp h508dp nrml long port finger -keyb/v/h -nav/h s.20 themeResource=null}
D/PhoneStatusBar(  373): disable: < expand icons alerts ticker system_info BACK* HOME* RECENT CLOCK* >
W/WindowManager(  277): App freeze timeout expired.
W/ThrottleService(  277): unable to find stats for iface rmnet0
W/ActivityManager(  277): No content provider found for permission revoke: file:///data/local/tmp/MainActivity-debug.apk
W/ActivityManager(  277): No content provider found for permission revoke: file:///data/local/tmp/MainActivity-debug.apk
I/PackageParser(  277): cc.morr.sixthsense: compat added android.permission.WRITE_EXTERNAL_STORAGE android.permission.READ_PHONE_STATE
I/ActivityManager(  277): Force stopping package cc.morr.sixthsense uid=10102
I/PackageManager(  277): Package cc.morr.sixthsense codePath changed from /data/app/cc.morr.sixthsense-1.apk to /data/app/cc.morr.sixthsense-2.apk; Retaining data and using new
I/ActivityManager(  277): Force stopping package cc.morr.sixthsense uid=10102
W/PackageManager(  277): Code path for pkg : cc.morr.sixthsense changing from /data/app/cc.morr.sixthsense-1.apk to /data/app/cc.morr.sixthsense-2.apk
W/PackageManager(  277): Resource path for pkg : cc.morr.sixthsense changing from /data/app/cc.morr.sixthsense-1.apk to /data/app/cc.morr.sixthsense-2.apk
I/ActivityManager(  277): Force stopping package cc.morr.sixthsense uid=10102
D/BackupManagerService(  277): Received broadcast Intent { act=android.intent.action.PACKAGE_REMOVED dat=package:cc.morr.sixthsense flg=0x8000010 (has extras) }
D/BackupManagerService(  277): Received broadcast Intent { act=android.intent.action.PACKAGE_ADDED dat=package:cc.morr.sixthsense flg=0x8000010 (has extras) }
V/BackupManagerService(  277): removePackageParticipantsLocked: uid=10102 #1
V/BackupManagerService(  277): addPackageParticipantsLocked: #1
I/ActivityManager(  277): Start proc com.android.gallery3d for broadcast com.android.gallery3d/.app.PackagesMonitor: pid=30087 uid=10021 gids={1006, 3003, 1015, 1028}
I/ActivityManager(  277): Start proc com.android.keychain for broadcast com.android.keychain/.KeyChainBroadcastReceiver: pid=30102 uid=1000 gids={1015, 3002, 3001, 3003, 1028, 3007}
I/ActivityManager(  277): Start proc com.noshufou.android.su for broadcast com.noshufou.android.su/.UninstallReceiver: pid=30116 uid=10037 gids={3003, 1015, 1028}
I/ActivityManager(  277): Start proc com.tmobile.thememanager for broadcast com.tmobile.thememanager/.receiver.ThemePackageReceiver: pid=30129 uid=1300 gids={-1, 1028}
I/ActivityManager(  277): No longer want com.google.android.apps.maps:FriendService (pid 29752): hidden #16
I/ActivityManager(  277): Start proc com.android.voicedialer for broadcast com.android.voicedialer/.VoiceDialerReceiver: pid=30142 uid=10045 gids={3002, 1028}
I/ActivityManager(  277): No longer want com.google.android.googlequicksearchbox (pid 29042): hidden #16
I/ActivityManager(  277): No longer want com.android.vending (pid 29011): hidden #16
W/AccessibilityManagerService(  277): Skipping accessibilty service com.rescuetime.android/.ScannerAccessibilityService: it does not require the permission android.permission.BIND_ACCESSIBILITY_SERVICE
I/ActivityManager(  277): Start proc com.android.vending for broadcast com.android.vending/com.google.android.finsky.receivers.PackageMonitorReceiver$RegisteredReceiver: pid=30156 uid=10057 gids={3003, 1015, 1028}
I/ActivityManager(  277): No longer want com.cyanogenmod.updater (pid 29911): hidden #16
I/ActivityManager(  277): Start proc com.svox.pico for broadcast com.svox.pico/.VoiceDataInstallerReceiver: pid=30191 uid=10032 gids={1015, 1028}
I/ActivityManager(  277): Start proc com.google.android.partnersetup for broadcast com.google.android.partnersetup/.RlzPingBroadcastReceiver: pid=30204 uid=10052 gids={3003, 1028}
I/ActivityManager(  277): No longer want com.android.settings (pid 29942): hidden #16
I/ActivityManager(  277): Start proc com.google.android.googlequicksearchbox for broadcast com.google.android.googlequicksearchbox/com.google.android.apps.sidekick.GmmLocationProviderImpl$GmmPackageWatcher: pid=30220 uid=10058 gids={3003, 1028, 1007, 3002, 1015}
I/ActivityManager(  277): No longer want com.google.android.apps.uploader (pid 29957): hidden #16
I/ActivityManager(  277): Start proc com.google.android.apps.maps:FriendService for broadcast com.google.android.apps.maps/com.google.googlenav.friend.android.ServiceReceiver: pid=30254 uid=10086 gids={3003, 1015, 1028}
I/ActivityManager(  277): No longer want com.google.android.youtube (pid 29986): hidden #16
I/ActivityManager(  277): No longer want com.fsck.k9 (pid 29970): hidden #16
I/ActivityManager(  277): Start proc com.google.android.apps.maps:LocationFriendService for broadcast com.google.android.apps.maps/com.google.googlenav.friend.reporting.LocationReportingIntentReceiver: pid=30267 uid=10086 gids={3003, 1015, 1028}
I/ActivityManager(  277): No longer want com.android.providers.calendar (pid 29571): hidden #16
I/ActivityManager(  277): No longer want com.twitter.android (pid 29638): hidden #16
W/ActivityManager(  277): No content provider found for permission revoke: file:///data/local/tmp/MainActivity-debug.apk
W/ActivityManager(  277): No content provider found for permission revoke: file:///data/local/tmp/MainActivity-debug.apk
I/PackageParser(  277): cc.morr.sixthsense: compat added android.permission.WRITE_EXTERNAL_STORAGE android.permission.READ_PHONE_STATE
I/ActivityManager(  277): Force stopping package cc.morr.sixthsense uid=10102
I/PackageManager(  277): Package cc.morr.sixthsense codePath changed from /data/app/cc.morr.sixthsense-2.apk to /data/app/cc.morr.sixthsense-1.apk; Retaining data and using new
I/ActivityManager(  277): Force stopping package cc.morr.sixthsense uid=10102
W/PackageManager(  277): Code path for pkg : cc.morr.sixthsense changing from /data/app/cc.morr.sixthsense-2.apk to /data/app/cc.morr.sixthsense-1.apk
W/PackageManager(  277): Resource path for pkg : cc.morr.sixthsense changing from /data/app/cc.morr.sixthsense-2.apk to /data/app/cc.morr.sixthsense-1.apk
I/ActivityManager(  277): Force stopping package cc.morr.sixthsense uid=10102
D/BackupManagerService(  277): Received broadcast Intent { act=android.intent.action.PACKAGE_REMOVED dat=package:cc.morr.sixthsense flg=0x8000010 (has extras) }
D/BackupManagerService(  277): Received broadcast Intent { act=android.intent.action.PACKAGE_ADDED dat=package:cc.morr.sixthsense flg=0x8000010 (has extras) }
V/BackupManagerService(  277): removePackageParticipantsLocked: uid=10102 #1
V/BackupManagerService(  277): addPackageParticipantsLocked: #1
W/AccessibilityManagerService(  277): Skipping accessibilty service com.rescuetime.android/.ScannerAccessibilityService: it does not require the permission android.permission.BIND_ACCESSIBILITY_SERVICE
V/WiredAccessoryObserver(  277): Headset UEVENT: {SUBSYSTEM=switch, SWITCH_STATE=2, DEVPATH=/devices/virtual/switch/h2w, SEQNUM=3360, ACTION=change, SWITCH_NAME=h2w, SWITCH_TIME=23707548025558}
V/WiredAccessoryObserver(  277): updateState name: h2w state 2
V/WiredAccessoryObserver(  277): updateState switchState: 2
V/WiredAccessoryObserver(  277): newState = 2, headsetState = 2,mHeadsetState = 0
V/WiredAccessoryObserver(  277): device h2w connected
W/ThrottleService(  277): unable to find stats for iface rmnet0
I/ActivityManager(  277): Start proc com.twitter.android for service com.twitter.android/.client.AppService: pid=30316 uid=10064 gids={3003, 1015, 1028}
I/ActivityManager(  277): No longer want android.process.media (pid 29926): hidden #16
I/ActivityManager(  277): No longer want com.google.android.apps.maps:MapsBackgroundService (pid 29873): hidden #16
W/ActivityManager(  277): Scheduling restart of crashed service com.google.android.apps.maps/com.google.googlenav.networkinitiated.NetworkInitiatedService in 19502120ms
W/ThrottleService(  277): unable to find stats for iface rmnet0
W/ActivityManager(  277): No content provider found for permission revoke: file:///data/local/tmp/MainActivity-debug.apk
W/ActivityManager(  277): No content provider found for permission revoke: file:///data/local/tmp/MainActivity-debug.apk
I/PackageParser(  277): cc.morr.sixthsense: compat added android.permission.WRITE_EXTERNAL_STORAGE android.permission.READ_PHONE_STATE
I/ActivityManager(  277): Force stopping package cc.morr.sixthsense uid=10102
I/PackageManager(  277): Package cc.morr.sixthsense codePath changed from /data/app/cc.morr.sixthsense-1.apk to /data/app/cc.morr.sixthsense-2.apk; Retaining data and using new
I/ActivityManager(  277): Force stopping package cc.morr.sixthsense uid=10102
W/PackageManager(  277): Code path for pkg : cc.morr.sixthsense changing from /data/app/cc.morr.sixthsense-1.apk to /data/app/cc.morr.sixthsense-2.apk
W/PackageManager(  277): Resource path for pkg : cc.morr.sixthsense changing from /data/app/cc.morr.sixthsense-1.apk to /data/app/cc.morr.sixthsense-2.apk
I/ActivityManager(  277): Force stopping package cc.morr.sixthsense uid=10102
D/BackupManagerService(  277): Received broadcast Intent { act=android.intent.action.PACKAGE_REMOVED dat=package:cc.morr.sixthsense flg=0x8000010 (has extras) }
D/BackupManagerService(  277): Received broadcast Intent { act=android.intent.action.PACKAGE_ADDED dat=package:cc.morr.sixthsense flg=0x8000010 (has extras) }
V/BackupManagerService(  277): removePackageParticipantsLocked: uid=10102 #1
V/BackupManagerService(  277): addPackageParticipantsLocked: #1
W/AccessibilityManagerService(  277): Skipping accessibilty service com.rescuetime.android/.ScannerAccessibilityService: it does not require the permission android.permission.BIND_ACCESSIBILITY_SERVICE
I/WindowManager(  277): Lock screen displayed!
E/PowerManagerService(  277): Excessive delay setting brightness: 215ms, mask=2
I/ActivityManager(  277): START {act=android.intent.action.MAIN cat=[android.intent.category.LAUNCHER] flg=0x34000000 cmp=com.fsck.k9/.activity.Accounts (has extras) u=0} from pid 277
I/ActivityManager(  277): Start proc com.fsck.k9 for activity com.fsck.k9/.activity.MessageList: pid=30367 uid=10065 gids={3003, 1015, 1028}
D/PhoneStatusBar(  373): disable: < expand icons alerts ticker system_info BACK HOME recent* CLOCK >
I/ActivityManager(  277): START {flg=0x34000000 cmp=com.fsck.k9/.activity.MessageList (has extras) u=0} from pid 30367
W/ActivityManager(  277): Duplicate finish request for ActivityRecord{41014ae8 com.fsck.k9/.activity.Accounts}
D/PhoneStatusBar(  373): disable: < expand icons alerts ticker system_info back* home* recent clock* >
I/ActivityManager(  277): START {act=android.intent.action.MAIN cat=[android.intent.category.HOME] flg=0x10200000 cmp=com.cyanogenmod.trebuchet/.Launcher u=0} from pid 277
I/ActivityManager(  277): START {act=android.intent.action.MAIN cat=[android.intent.category.LAUNCHER] flg=0x10200000 cmp=cc.morr.sixthsense/.MainActivity bnds=[360,228][480,387] u=0} from pid 478
I/ActivityManager(  277): Start proc cc.morr.sixthsense for activity cc.morr.sixthsense/.MainActivity: pid=30392 uid=10102 gids={1015, 1028}
I/ActivityManager(  277): START {act=android.intent.action.MAIN cat=[android.intent.category.HOME] flg=0x10200000 cmp=com.cyanogenmod.trebuchet/.Launcher u=0} from pid 277
I/ActivityManager(  277): No longer want com.google.android.gsf.login (pid 29834): hidden #16
I/ActivityManager(  277): No longer want com.twitter.android (pid 30316): hidden #16
I/ActivityManager(  277): Killing 30392:cc.morr.sixthsense/u0a102: remove task
I/WindowState(  277): WIN DEATH: Window{41584ae0 cc.morr.sixthsense/cc.morr.sixthsense.MainActivity paused=true}
W/ActivityManager(  277): Activity destroy timeout for ActivityRecord{41694630 cc.morr.sixthsense/.MainActivity}
W/ActivityManager(  277): No content provider found for permission revoke: file:///data/local/tmp/MainActivity-debug.apk
W/ActivityManager(  277): No content provider found for permission revoke: file:///data/local/tmp/MainActivity-debug.apk
I/PackageParser(  277): cc.morr.sixthsense: compat added android.permission.WRITE_EXTERNAL_STORAGE android.permission.READ_PHONE_STATE
I/ActivityManager(  277): Force stopping package cc.morr.sixthsense uid=10102
I/PackageManager(  277): Package cc.morr.sixthsense codePath changed from /data/app/cc.morr.sixthsense-2.apk to /data/app/cc.morr.sixthsense-1.apk; Retaining data and using new
I/ActivityManager(  277): Force stopping package cc.morr.sixthsense uid=10102
W/PackageManager(  277): Code path for pkg : cc.morr.sixthsense changing from /data/app/cc.morr.sixthsense-2.apk to /data/app/cc.morr.sixthsense-1.apk
W/PackageManager(  277): Resource path for pkg : cc.morr.sixthsense changing from /data/app/cc.morr.sixthsense-2.apk to /data/app/cc.morr.sixthsense-1.apk
I/ActivityManager(  277): Force stopping package cc.morr.sixthsense uid=10102
D/BackupManagerService(  277): Received broadcast Intent { act=android.intent.action.PACKAGE_REMOVED dat=package:cc.morr.sixthsense flg=0x8000010 (has extras) }
D/BackupManagerService(  277): Received broadcast Intent { act=android.intent.action.PACKAGE_ADDED dat=package:cc.morr.sixthsense flg=0x8000010 (has extras) }
V/BackupManagerService(  277): removePackageParticipantsLocked: uid=10102 #1
V/BackupManagerService(  277): addPackageParticipantsLocked: #1
W/AccessibilityManagerService(  277): Skipping accessibilty service com.rescuetime.android/.ScannerAccessibilityService: it does not require the permission android.permission.BIND_ACCESSIBILITY_SERVICE
I/ActivityManager(  277): Start proc com.google.android.apps.uploader for broadcast com.google.android.apps.uploader/com.google.android.picasasync.BatteryReceiver: pid=30449 uid=10054 gids={3003, 1015, 1028}
I/ActivityManager(  277): Start proc android.process.media for content provider com.android.providers.media/.MediaProvider: pid=30465 uid=10017 gids={1015, 1023, 1024, 1028, 2001, 3003, 3007}
I/StorageNotification(  373): UMS connection changed to false (media state mounted)
W/InputMethodManagerService(  277): Window already focused, ignoring focus gain of: com.android.internal.view.IInputMethodClient$Stub$Proxy@412eb308 attribute=null
I/ActivityManager(  277): No longer want com.fsck.k9 (pid 30367): hidden #16
I/WindowState(  277): WIN DEATH: Window{415841d0 com.fsck.k9/com.fsck.k9.activity.MessageList paused=false}
I/ActivityManager(  277): START {act=android.intent.action.MAIN cat=[android.intent.category.LAUNCHER] flg=0x10200000 cmp=cc.morr.sixthsense/.MainActivity bnds=[360,228][480,387] u=0} from pid 478
I/ActivityManager(  277): Start proc cc.morr.sixthsense for activity cc.morr.sixthsense/.MainActivity: pid=30483 uid=10102 gids={1015, 1028}
I/ActivityManager(  277): Start proc com.twitter.android for service com.twitter.android/.client.AppService: pid=30523 uid=10064 gids={3003, 1015, 1028}
I/ActivityManager(  277): No longer want com.android.keychain (pid 30102): hidden #16
I/ActivityManager(  277): START {act=android.intent.action.MAIN cat=[android.intent.category.HOME] flg=0x10200000 cmp=com.cyanogenmod.trebuchet/.Launcher u=0} from pid 277
I/ActivityManager(  277): Killing 30483:cc.morr.sixthsense/u0a102: remove task
I/WindowState(  277): WIN DEATH: Window{41126c98 cc.morr.sixthsense/cc.morr.sixthsense.MainActivity paused=true}
W/ActivityManager(  277): Activity destroy timeout for ActivityRecord{41009958 cc.morr.sixthsense/.MainActivity}
I/ActivityManager(  277): No longer want com.bel.android.dspmanager (pid 30044): hidden #16
W/PowerUI (  373): unknown intent: Intent { act=android.intent.action.ACTION_POWER_CONNECTED flg=0x8000010 }
I/ActivityManager(  277): Start proc com.google.android.youtube for broadcast com.google.android.youtube/.app.prefetch.PrefetchService$DeviceStateReceiver: pid=30551 uid=10091 gids={3003, 1015, 1006, 1028}
W/ActivityManager(  277): Scheduling restart of crashed service com.bel.android.dspmanager/.service.HeadsetService in 5000ms
I/StorageNotification(  373): UMS connection changed to true (media state mounted)
D/PhoneStatusBar(  373): addNotification score=0
I/StorageNotification(  373): UMS connection changed to true (media state mounted)
I/ActivityManager(  277): Start proc com.google.android.gsf.login for service com.google.android.gsf.login/com.google.android.gsf.loginservice.GoogleLoginService: pid=30585 uid=10033 gids={3003, 1015, 1028, 1007, 2001, 3006}
I/ActivityManager(  277): No longer want com.android.voicedialer (pid 30142): hidden #16
I/ActivityManager(  277): No longer want com.android.gallery3d (pid 30087): hidden #16
I/ActivityManager(  277): Start proc com.bel.android.dspmanager for service com.bel.android.dspmanager/.service.HeadsetService: pid=30607 uid=10013 gids={3002, 1028}
W/ActivityManager(  277): No content provider found for permission revoke: file:///data/local/tmp/MainActivity-debug.apk
W/ActivityManager(  277): No content provider found for permission revoke: file:///data/local/tmp/MainActivity-debug.apk
I/PackageParser(  277): cc.morr.sixthsense: compat added android.permission.WRITE_EXTERNAL_STORAGE android.permission.READ_PHONE_STATE
I/ActivityManager(  277): Force stopping package cc.morr.sixthsense uid=10102
I/PackageManager(  277): Package cc.morr.sixthsense codePath changed from /data/app/cc.morr.sixthsense-1.apk to /data/app/cc.morr.sixthsense-2.apk; Retaining data and using new
I/ActivityManager(  277): Force stopping package cc.morr.sixthsense uid=10102
W/PackageManager(  277): Code path for pkg : cc.morr.sixthsense changing from /data/app/cc.morr.sixthsense-1.apk to /data/app/cc.morr.sixthsense-2.apk
W/PackageManager(  277): Resource path for pkg : cc.morr.sixthsense changing from /data/app/cc.morr.sixthsense-1.apk to /data/app/cc.morr.sixthsense-2.apk
I/ActivityManager(  277): Force stopping package cc.morr.sixthsense uid=10102
D/BackupManagerService(  277): Received broadcast Intent { act=android.intent.action.PACKAGE_REMOVED dat=package:cc.morr.sixthsense flg=0x8000010 (has extras) }
I/ActivityManager(  277): Start proc com.android.gallery3d for broadcast com.android.gallery3d/.app.PackagesMonitor: pid=30637 uid=10021 gids={1006, 3003, 1015, 1028}
D/BackupManagerService(  277): Received broadcast Intent { act=android.intent.action.PACKAGE_ADDED dat=package:cc.morr.sixthsense flg=0x8000010 (has extras) }
V/BackupManagerService(  277): removePackageParticipantsLocked: uid=10102 #1
V/BackupManagerService(  277): addPackageParticipantsLocked: #1
I/ActivityManager(  277): Start proc com.android.keychain for broadcast com.android.keychain/.KeyChainBroadcastReceiver: pid=30653 uid=1000 gids={1015, 3002, 3001, 3003, 1028, 3007}
I/ActivityManager(  277): Start proc com.android.voicedialer for broadcast com.android.voicedialer/.VoiceDialerReceiver: pid=30666 uid=10045 gids={3002, 1028}
I/ActivityManager(  277): No longer want com.svox.pico (pid 30191): hidden #16
I/ActivityManager(  277): Start proc com.svox.pico for broadcast com.svox.pico/.VoiceDataInstallerReceiver: pid=30681 uid=10032 gids={1015, 1028}
I/ActivityManager(  277): No longer want com.google.android.partnersetup (pid 30204): hidden #16
I/ActivityManager(  277): No longer want com.google.android.apps.maps:FriendService (pid 30254): hidden #16
W/AccessibilityManagerService(  277): Skipping accessibilty service com.rescuetime.android/.ScannerAccessibilityService: it does not require the permission android.permission.BIND_ACCESSIBILITY_SERVICE
I/ActivityManager(  277): Start proc com.google.android.partnersetup for broadcast com.google.android.partnersetup/.AppInstalledReceiver: pid=30694 uid=10052 gids={3003, 1028}
I/ActivityManager(  277): Start proc com.google.android.apps.maps:FriendService for broadcast com.google.android.apps.maps/com.google.googlenav.friend.android.ServiceReceiver: pid=30708 uid=10086 gids={3003, 1015, 1028}
I/ActivityManager(  277): No longer want com.google.android.apps.maps:LocationFriendService (pid 30267): hidden #16
I/ActivityManager(  277): No longer want com.twitter.android (pid 30523): hidden #16
I/ActivityManager(  277): START {act=android.intent.action.MAIN cat=[android.intent.category.HOME] flg=0x10200000 cmp=com.cyanogenmod.trebuchet/.Launcher u=0} from pid 277
W/InputMethodManagerService(  277): Window already focused, ignoring focus gain of: com.android.internal.view.IInputMethodClient$Stub$Proxy@41783da0 attribute=null
I/ActivityManager(  277): START {act=android.intent.action.MAIN cat=[android.intent.category.LAUNCHER] flg=0x10200000 cmp=cc.morr.sixthsense/.MainActivity bnds=[360,228][480,387] u=0} from pid 478
I/ActivityManager(  277): Start proc cc.morr.sixthsense for activity cc.morr.sixthsense/.MainActivity: pid=30727 uid=10102 gids={1015, 1028}
I/ActivityManager(  277): No longer want com.google.android.apps.uploader (pid 30449): hidden #16
I/ActivityManager(  277): START {act=android.intent.action.MAIN cat=[android.intent.category.HOME] flg=0x10200000 cmp=com.cyanogenmod.trebuchet/.Launcher u=0} from pid 277
I/ActivityManager(  277): No longer want com.google.android.youtube (pid 30551): hidden #16
I/ActivityManager(  277): Killing 30727:cc.morr.sixthsense/u0a102: remove task
I/WindowState(  277): WIN DEATH: Window{410ec908 cc.morr.sixthsense/cc.morr.sixthsense.MainActivity paused=true}
W/ActivityManager(  277): Activity destroy timeout for ActivityRecord{410fe680 cc.morr.sixthsense/.MainActivity}
I/ActivityManager(  277): START {act=android.intent.action.MAIN cat=[android.intent.category.HOME] flg=0x10200000 cmp=com.cyanogenmod.trebuchet/.Launcher u=0} from pid 277
W/InputMethodManagerService(  277): Window already focused, ignoring focus gain of: com.android.internal.view.IInputMethodClient$Stub$Proxy@4139b248 attribute=null
W/ActivityManager(  277): No content provider found for permission revoke: file:///data/local/tmp/MainActivity-debug.apk
W/ActivityManager(  277): No content provider found for permission revoke: file:///data/local/tmp/MainActivity-debug.apk
I/PackageParser(  277): cc.morr.sixthsense: compat added android.permission.WRITE_EXTERNAL_STORAGE android.permission.READ_PHONE_STATE
I/ActivityManager(  277): Force stopping package cc.morr.sixthsense uid=10102
I/PackageManager(  277): Package cc.morr.sixthsense codePath changed from /data/app/cc.morr.sixthsense-2.apk to /data/app/cc.morr.sixthsense-1.apk; Retaining data and using new
I/ActivityManager(  277): Force stopping package cc.morr.sixthsense uid=10102
W/PackageManager(  277): Code path for pkg : cc.morr.sixthsense changing from /data/app/cc.morr.sixthsense-2.apk to /data/app/cc.morr.sixthsense-1.apk
W/PackageManager(  277): Resource path for pkg : cc.morr.sixthsense changing from /data/app/cc.morr.sixthsense-2.apk to /data/app/cc.morr.sixthsense-1.apk
I/ActivityManager(  277): Force stopping package cc.morr.sixthsense uid=10102
D/BackupManagerService(  277): Received broadcast Intent { act=android.intent.action.PACKAGE_REMOVED dat=package:cc.morr.sixthsense flg=0x8000010 (has extras) }
D/BackupManagerService(  277): Received broadcast Intent { act=android.intent.action.PACKAGE_ADDED dat=package:cc.morr.sixthsense flg=0x8000010 (has extras) }
V/BackupManagerService(  277): removePackageParticipantsLocked: uid=10102 #1
V/BackupManagerService(  277): addPackageParticipantsLocked: #1
