I/ActivityManager(  277): Start proc com.google.android.apps.maps:LocationFriendService for broadcast com.google.android.apps.maps/com.google.googlenav.friend.reporting.LocationReportingIntentReceiver: pid=30783 uid=10086 gids={3003, 1015, 1028}
W/AccessibilityManagerService(  277): Skipping accessibilty service com.rescuetime.android/.ScannerAccessibilityService: it does not require the permission android.permission.BIND_ACCESSIBILITY_SERVICE
I/ActivityManager(  277): START {act=android.intent.action.MAIN cat=[android.intent.category.LAUNCHER] flg=0x10200000 cmp=cc.morr.sixthsense/.MainActivity bnds=[360,228][480,387] u=0} from pid 478
I/ActivityManager(  277): Start proc cc.morr.sixthsense for activity cc.morr.sixthsense/.MainActivity: pid=30805 uid=10102 gids={1015, 1028}
E/AndroidRuntime(30805): FATAL EXCEPTION: Thread-561
E/AndroidRuntime(30805): java.lang.IllegalStateException: play() called on uninitialized AudioTrack.
E/AndroidRuntime(30805): 	at android.media.AudioTrack.play(AudioTrack.java:899)
E/AndroidRuntime(30805): 	at cc.morr.sixthsense.SinewaveRepresentation.onStimulus(SinewaveRepresentation.java:45)
E/AndroidRuntime(30805): 	at cc.morr.sixthsense.Representation.reactTo(Representation.java:34)
E/AndroidRuntime(30805): 	at cc.morr.sixthsense.Representation$1.run(Representation.java:15)
E/AndroidRuntime(30805): 	at java.lang.Thread.run(Thread.java:856)
W/ActivityManager(  277):   Force finishing activity cc.morr.sixthsense/.MainActivity
I/ActivityManager(  277): No longer want com.google.android.gsf.login (pid 30585): hidden #16
I/ActivityManager(  277): Process cc.morr.sixthsense (pid 30805) has died.
W/InputMethodManagerService(  277): Got RemoteException sending setActive(false) notification to pid 30805 uid 10102
I/ActivityManager(  277): START {act=android.intent.action.MAIN cat=[android.intent.category.LAUNCHER] flg=0x10200000 cmp=cc.morr.sixthsense/.MainActivity bnds=[360,228][480,387] u=0} from pid 478
I/ActivityManager(  277): Start proc cc.morr.sixthsense for activity cc.morr.sixthsense/.MainActivity: pid=30848 uid=10102 gids={1015, 1028}
I/ActivityManager(  277): START {act=android.intent.action.MAIN cat=[android.intent.category.HOME] flg=0x10200000 cmp=com.cyanogenmod.trebuchet/.Launcher u=0} from pid 277
I/ActivityManager(  277): Killing 30848:cc.morr.sixthsense/u0a102: remove task
I/WindowState(  277): WIN DEATH: Window{41713dd0 cc.morr.sixthsense/cc.morr.sixthsense.MainActivity paused=true}
W/ActivityManager(  277): Activity destroy timeout for ActivityRecord{41025a00 cc.morr.sixthsense/.MainActivity}
W/ThrottleService(  277): unable to find stats for iface rmnet0
W/ActivityManager(  277): No content provider found for permission revoke: file:///data/local/tmp/MainActivity-debug.apk
W/ActivityManager(  277): No content provider found for permission revoke: file:///data/local/tmp/MainActivity-debug.apk
I/PackageParser(  277): cc.morr.sixthsense: compat added android.permission.WRITE_EXTERNAL_STORAGE android.permission.READ_PHONE_STATE
I/ActivityManager(  277): Force stopping package cc.morr.sixthsense uid=10102
I/PackageManager(  277): Package cc.morr.sixthsense codePath changed from /data/app/cc.morr.sixthsense-1.apk to /data/app/cc.morr.sixthsense-2.apk; Retaining data and using new
I/ActivityManager(  277): Force stopping package cc.morr.sixthsense uid=10102
W/PackageManager(  277): Code path for pkg : cc.morr.sixthsense changing from /data/app/cc.morr.sixthsense-1.apk to /data/app/cc.morr.sixthsense-2.apk
W/PackageManager(  277): Resource path for pkg : cc.morr.sixthsense changing from /data/app/cc.morr.sixthsense-1.apk to /data/app/cc.morr.sixthsense-2.apk
I/ActivityManager(  277): Force stopping package cc.morr.sixthsense uid=10102
D/BackupManagerService(  277): Received broadcast Intent { act=android.intent.action.PACKAGE_REMOVED dat=package:cc.morr.sixthsense flg=0x8000010 (has extras) }
D/BackupManagerService(  277): Received broadcast Intent { act=android.intent.action.PACKAGE_ADDED dat=package:cc.morr.sixthsense flg=0x8000010 (has extras) }
V/BackupManagerService(  277): removePackageParticipantsLocked: uid=10102 #1
V/BackupManagerService(  277): addPackageParticipantsLocked: #1
W/AccessibilityManagerService(  277): Skipping accessibilty service com.rescuetime.android/.ScannerAccessibilityService: it does not require the permission android.permission.BIND_ACCESSIBILITY_SERVICE
I/ActivityManager(  277): START {act=android.intent.action.MAIN cat=[android.intent.category.HOME] flg=0x10200000 cmp=com.cyanogenmod.trebuchet/.Launcher u=0} from pid 277
W/InputMethodManagerService(  277): Window already focused, ignoring focus gain of: com.android.internal.view.IInputMethodClient$Stub$Proxy@413b2888 attribute=null
I/ActivityManager(  277): START {act=android.intent.action.MAIN cat=[android.intent.category.LAUNCHER] flg=0x10200000 cmp=cc.morr.sixthsense/.MainActivity bnds=[360,228][480,387] u=0} from pid 478
I/ActivityManager(  277): Start proc cc.morr.sixthsense for activity cc.morr.sixthsense/.MainActivity: pid=30899 uid=10102 gids={1015, 1028}
E/AndroidRuntime(30899): FATAL EXCEPTION: Thread-567
E/AndroidRuntime(30899): java.lang.IllegalStateException: play() called on uninitialized AudioTrack.
E/AndroidRuntime(30899): 	at android.media.AudioTrack.play(AudioTrack.java:899)
E/AndroidRuntime(30899): 	at cc.morr.sixthsense.SinewaveRepresentation.onStimulus(SinewaveRepresentation.java:45)
E/AndroidRuntime(30899): 	at cc.morr.sixthsense.Representation.reactTo(Representation.java:34)
E/AndroidRuntime(30899): 	at cc.morr.sixthsense.Representation$1.run(Representation.java:15)
E/AndroidRuntime(30899): 	at java.lang.Thread.run(Thread.java:856)
W/ActivityManager(  277):   Force finishing activity cc.morr.sixthsense/.MainActivity
I/ActivityManager(  277): Process cc.morr.sixthsense (pid 30899) has died.
W/InputMethodManagerService(  277): Window already focused, ignoring focus gain of: com.android.internal.view.IInputMethodClient$Stub$Proxy@413fb318 attribute=null
W/ActivityManager(  277): No content provider found for permission revoke: file:///data/local/tmp/MainActivity-debug.apk
W/ActivityManager(  277): No content provider found for permission revoke: file:///data/local/tmp/MainActivity-debug.apk
I/PackageParser(  277): cc.morr.sixthsense: compat added android.permission.WRITE_EXTERNAL_STORAGE android.permission.READ_PHONE_STATE
I/ActivityManager(  277): Force stopping package cc.morr.sixthsense uid=10102
I/PackageManager(  277): Package cc.morr.sixthsense codePath changed from /data/app/cc.morr.sixthsense-2.apk to /data/app/cc.morr.sixthsense-1.apk; Retaining data and using new
I/ActivityManager(  277): Force stopping package cc.morr.sixthsense uid=10102
W/PackageManager(  277): Code path for pkg : cc.morr.sixthsense changing from /data/app/cc.morr.sixthsense-2.apk to /data/app/cc.morr.sixthsense-1.apk
W/PackageManager(  277): Resource path for pkg : cc.morr.sixthsense changing from /data/app/cc.morr.sixthsense-2.apk to /data/app/cc.morr.sixthsense-1.apk
I/ActivityManager(  277): Force stopping package cc.morr.sixthsense uid=10102
D/BackupManagerService(  277): Received broadcast Intent { act=android.intent.action.PACKAGE_REMOVED dat=package:cc.morr.sixthsense flg=0x8000010 (has extras) }
D/BackupManagerService(  277): Received broadcast Intent { act=android.intent.action.PACKAGE_ADDED dat=package:cc.morr.sixthsense flg=0x8000010 (has extras) }
V/BackupManagerService(  277): removePackageParticipantsLocked: uid=10102 #1
V/BackupManagerService(  277): addPackageParticipantsLocked: #1
W/AccessibilityManagerService(  277): Skipping accessibilty service com.rescuetime.android/.ScannerAccessibilityService: it does not require the permission android.permission.BIND_ACCESSIBILITY_SERVICE
I/ActivityManager(  277): START {act=android.intent.action.MAIN cat=[android.intent.category.LAUNCHER] flg=0x10200000 cmp=cc.morr.sixthsense/.MainActivity bnds=[360,228][480,387] u=0} from pid 478
I/ActivityManager(  277): Start proc cc.morr.sixthsense for activity cc.morr.sixthsense/.MainActivity: pid=30969 uid=10102 gids={1015, 1028}
I/ActivityManager(  277): Config changed: {1.0 262mcc1mnc en_US sw320dp w533dp h294dp nrml long land finger -keyb/v/h -nav/h s.21 themeResource=null}
I/ActivityManager(  277): Start proc com.google.android.apps.uploader for broadcast com.google.android.apps.uploader/com.google.android.picasasync.BatteryReceiver: pid=31008 uid=10054 gids={3003, 1015, 1028}
I/StorageNotification(  373): UMS connection changed to false (media state mounted)
I/ActivityManager(  277): Config changed: {1.0 262mcc1mnc en_US sw320dp w320dp h508dp nrml long port finger -keyb/v/h -nav/h s.22 themeResource=null}
I/ActivityManager(  277): Config changed: {1.0 262mcc1mnc en_US sw320dp w533dp h294dp nrml long land finger -keyb/v/h -nav/h s.23 themeResource=null}
E/AndroidRuntime(30969): FATAL EXCEPTION: Thread-589
E/AndroidRuntime(30969): java.lang.IllegalStateException: play() called on uninitialized AudioTrack.
E/AndroidRuntime(30969): 	at android.media.AudioTrack.play(AudioTrack.java:899)
E/AndroidRuntime(30969): 	at cc.morr.sixthsense.SinewaveRepresentation.onStimulus(SinewaveRepresentation.java:45)
E/AndroidRuntime(30969): 	at cc.morr.sixthsense.Representation.reactTo(Representation.java:34)
E/AndroidRuntime(30969): 	at cc.morr.sixthsense.Representation$1.run(Representation.java:15)
E/AndroidRuntime(30969): 	at java.lang.Thread.run(Thread.java:856)
W/ActivityManager(  277):   Force finishing activity cc.morr.sixthsense/.MainActivity
I/ActivityManager(  277): Config changed: {1.0 262mcc1mnc en_US sw320dp w320dp h508dp nrml long port finger -keyb/v/h -nav/h s.24 themeResource=null}
I/WindowState(  277): WIN DEATH: Window{41209cb8 cc.morr.sixthsense/cc.morr.sixthsense.MainActivity paused=true}
I/ActivityManager(  277): Process cc.morr.sixthsense (pid 30969) has died.
W/InputMethodManagerService(  277): Got RemoteException sending setActive(false) notification to pid 30969 uid 10102
I/ActivityManager(  277): START {act=android.intent.action.MAIN cat=[android.intent.category.LAUNCHER] flg=0x10200000 cmp=cc.morr.sixthsense/.MainActivity bnds=[360,228][480,387] u=0} from pid 478
I/ActivityManager(  277): Start proc cc.morr.sixthsense for activity cc.morr.sixthsense/.MainActivity: pid=31035 uid=10102 gids={1015, 1028}
I/ActivityManager(  277): START {act=android.intent.action.MAIN cat=[android.intent.category.HOME] flg=0x10200000 cmp=com.cyanogenmod.trebuchet/.Launcher u=0} from pid 277
I/ActivityManager(  277): No longer want com.android.keychain (pid 30653): hidden #16
I/ActivityManager(  277): Killing 31035:cc.morr.sixthsense/u0a102: remove task
I/WindowState(  277): WIN DEATH: Window{416e1450 cc.morr.sixthsense/cc.morr.sixthsense.MainActivity paused=true}
I/ActivityManager(  277): START {act=android.intent.action.MAIN cat=[android.intent.category.HOME] flg=0x10200000 cmp=com.cyanogenmod.trebuchet/.Launcher u=0} from pid 277
W/InputMethodManagerService(  277): Window already focused, ignoring focus gain of: com.android.internal.view.IInputMethodClient$Stub$Proxy@41297d08 attribute=null
I/ActivityManager(  277): START {act=android.intent.action.MAIN cat=[android.intent.category.LAUNCHER] flg=0x10200000 cmp=cc.morr.sixthsense/.MainActivity bnds=[360,228][480,387] u=0} from pid 478
I/ActivityManager(  277): Start proc cc.morr.sixthsense for activity cc.morr.sixthsense/.MainActivity: pid=31057 uid=10102 gids={1015, 1028}
I/ActivityManager(  277): START {act=android.intent.action.MAIN cat=[android.intent.category.HOME] flg=0x10200000 cmp=com.cyanogenmod.trebuchet/.Launcher u=0} from pid 277
W/ActivityManager(  277): Activity destroy timeout for ActivityRecord{410b9298 cc.morr.sixthsense/.MainActivity}
E/AndroidRuntime(31057): FATAL EXCEPTION: Thread-579
E/AndroidRuntime(31057): java.lang.IllegalStateException: play() called on uninitialized AudioTrack.
E/AndroidRuntime(31057): 	at android.media.AudioTrack.play(AudioTrack.java:899)
E/AndroidRuntime(31057): 	at cc.morr.sixthsense.SinewaveRepresentation.onStimulus(SinewaveRepresentation.java:45)
E/AndroidRuntime(31057): 	at cc.morr.sixthsense.Representation.reactTo(Representation.java:34)
E/AndroidRuntime(31057): 	at cc.morr.sixthsense.Representation$1.run(Representation.java:15)
E/AndroidRuntime(31057): 	at java.lang.Thread.run(Thread.java:856)
V/WiredAccessoryObserver(  277): Headset UEVENT: {SUBSYSTEM=switch, SWITCH_STATE=0, DEVPATH=/devices/virtual/switch/h2w, SEQNUM=3409, ACTION=change, SWITCH_NAME=h2w, SWITCH_TIME=25142065766536}
V/WiredAccessoryObserver(  277): updateState name: h2w state 0
V/WiredAccessoryObserver(  277): updateState switchState: 0
V/WiredAccessoryObserver(  277): newState = 0, headsetState = 0,mHeadsetState = 2
V/WiredAccessoryObserver(  277): device h2w disconnected
I/ActivityManager(  277): Start proc com.andrew.apollo:main for broadcast com.andrew.apollo/.service.MediaButtonIntentReceiver: pid=31101 uid=10000 gids={3003, 1015, 1028}
I/ActivityManager(  277): Start proc tunein.player for broadcast tunein.player/tunein.ui.helpers.MediaButtonIntentReceiver: pid=31114 uid=10067 gids={3003, 3002, 1028}
I/ActivityManager(  277): Start proc ait.podka for broadcast ait.podka/.receivers.RemoteControlReceiver: pid=31141 uid=10069 gids={3003, 1015, 1028}
W/PowerUI (  373): unknown intent: Intent { act=android.intent.action.ACTION_POWER_CONNECTED flg=0x8000010 }
I/ActivityManager(  277): Start proc com.google.android.youtube for broadcast com.google.android.youtube/.app.prefetch.PrefetchService$DeviceStateReceiver: pid=31156 uid=10091 gids={3003, 1015, 1006, 1028}
I/StorageNotification(  373): UMS connection changed to true (media state mounted)
D/PhoneStatusBar(  373): addNotification score=0
I/StorageNotification(  373): UMS connection changed to true (media state mounted)
I/ActivityManager(  277): Start proc com.google.android.gsf.login for service com.google.android.gsf.login/com.google.android.gsf.loginservice.GoogleLoginService: pid=31190 uid=10033 gids={3003, 1015, 1028, 1007, 2001, 3006}
I/ActivityManager(  277): No longer want com.android.voicedialer (pid 30666): hidden #16
I/ActivityManager(  277): No longer want com.android.gallery3d (pid 30637): hidden #16
W/ActivityManager(  277): No content provider found for permission revoke: file:///data/local/tmp/MainActivity-debug.apk
W/ActivityManager(  277): No content provider found for permission revoke: file:///data/local/tmp/MainActivity-debug.apk
I/PackageParser(  277): cc.morr.sixthsense: compat added android.permission.WRITE_EXTERNAL_STORAGE android.permission.READ_PHONE_STATE
I/ActivityManager(  277): Force stopping package cc.morr.sixthsense uid=10102
I/ActivityManager(  277): Killing proc 31057:cc.morr.sixthsense/u0a102: force stop
I/ActivityManager(  277):   Force finishing activity ActivityRecord{417a9230 cc.morr.sixthsense/.MainActivity}
W/InputMethodManagerService(  277): Window already focused, ignoring focus gain of: com.android.internal.view.IInputMethodClient$Stub$Proxy@41422518 attribute=null
I/WindowState(  277): WIN DEATH: Window{419e4530 cc.morr.sixthsense/cc.morr.sixthsense.MainActivity paused=true}
I/PackageManager(  277): Package cc.morr.sixthsense codePath changed from /data/app/cc.morr.sixthsense-1.apk to /data/app/cc.morr.sixthsense-2.apk; Retaining data and using new
I/ActivityManager(  277): Force stopping package cc.morr.sixthsense uid=10102
W/PackageManager(  277): Code path for pkg : cc.morr.sixthsense changing from /data/app/cc.morr.sixthsense-1.apk to /data/app/cc.morr.sixthsense-2.apk
W/PackageManager(  277): Resource path for pkg : cc.morr.sixthsense changing from /data/app/cc.morr.sixthsense-1.apk to /data/app/cc.morr.sixthsense-2.apk
I/ActivityManager(  277): Force stopping package cc.morr.sixthsense uid=10102
D/BackupManagerService(  277): Received broadcast Intent { act=android.intent.action.PACKAGE_REMOVED dat=package:cc.morr.sixthsense flg=0x8000010 (has extras) }
D/BackupManagerService(  277): Received broadcast Intent { act=android.intent.action.PACKAGE_ADDED dat=package:cc.morr.sixthsense flg=0x8000010 (has extras) }
V/BackupManagerService(  277): removePackageParticipantsLocked: uid=10102 #1
V/BackupManagerService(  277): addPackageParticipantsLocked: #1
I/ActivityManager(  277): Start proc com.android.gallery3d for broadcast com.android.gallery3d/.app.PackagesMonitor: pid=31229 uid=10021 gids={1006, 3003, 1015, 1028}
I/ActivityManager(  277): Start proc com.android.keychain for broadcast com.android.keychain/.KeyChainBroadcastReceiver: pid=31244 uid=1000 gids={1015, 3002, 3001, 3003, 1028, 3007}
I/ActivityManager(  277): Start proc com.android.voicedialer for broadcast com.android.voicedialer/.VoiceDialerReceiver: pid=31257 uid=10045 gids={3002, 1028}
I/ActivityManager(  277): No longer want com.svox.pico (pid 30681): hidden #16
I/ActivityManager(  277): Start proc com.svox.pico for broadcast com.svox.pico/.VoiceDataInstallerReceiver: pid=31272 uid=10032 gids={1015, 1028}
I/ActivityManager(  277): No longer want com.google.android.partnersetup (pid 30694): hidden #16
I/ActivityManager(  277): No longer want com.google.android.apps.maps:FriendService (pid 30708): hidden #16
W/AccessibilityManagerService(  277): Skipping accessibilty service com.rescuetime.android/.ScannerAccessibilityService: it does not require the permission android.permission.BIND_ACCESSIBILITY_SERVICE
I/ActivityManager(  277): Start proc com.google.android.partnersetup for broadcast com.google.android.partnersetup/.AppInstalledReceiver: pid=31285 uid=10052 gids={3003, 1028}
I/ActivityManager(  277): Start proc com.google.android.apps.maps:FriendService for broadcast com.google.android.apps.maps/com.google.googlenav.friend.android.ServiceReceiver: pid=31299 uid=10086 gids={3003, 1015, 1028}
I/ActivityManager(  277): No longer want com.google.android.apps.maps:LocationFriendService (pid 30783): hidden #16
I/ActivityManager(  277): No longer want tunein.player (pid 31114): hidden #16
I/ActivityManager(  277): START {act=android.intent.action.MAIN cat=[android.intent.category.LAUNCHER] flg=0x10200000 cmp=cc.morr.sixthsense/.MainActivity bnds=[360,228][480,387] u=0} from pid 478
I/ActivityManager(  277): Start proc cc.morr.sixthsense for activity cc.morr.sixthsense/.MainActivity: pid=31317 uid=10102 gids={1015, 1028}
I/StorageNotification(  373): UMS connection changed to false (media state mounted)
I/ActivityManager(  277): No longer want ait.podka (pid 31141): hidden #16
I/ActivityManager(  277): No longer want com.google.android.youtube (pid 31156): hidden #16
I/ActivityManager(  277): No longer want com.andrew.apollo:main (pid 31101): hidden #17
I/ActivityManager(  277): Config changed: {1.0 262mcc1mnc en_US sw320dp w533dp h294dp nrml long land finger -keyb/v/h -nav/h s.25 themeResource=null}
I/ActivityManager(  277): No longer want com.google.android.gsf.login (pid 31190): hidden #16
I/ActivityManager(  277): Config changed: {1.0 262mcc1mnc en_US sw320dp w320dp h508dp nrml long port finger -keyb/v/h -nav/h s.26 themeResource=null}
I/ActivityManager(  277): START {act=android.intent.action.MAIN cat=[android.intent.category.HOME] flg=0x10200000 cmp=com.cyanogenmod.trebuchet/.Launcher u=0} from pid 277
I/ActivityManager(  277): No longer want com.android.keychain (pid 31244): hidden #16
I/ActivityManager(  277): Killing 31317:cc.morr.sixthsense/u0a102: remove task
I/WindowState(  277): WIN DEATH: Window{410e2f40 cc.morr.sixthsense/cc.morr.sixthsense.MainActivity paused=true}
W/PowerUI (  373): unknown intent: Intent { act=android.intent.action.ACTION_POWER_CONNECTED flg=0x8000010 }
I/ActivityManager(  277): Start proc com.google.android.youtube for broadcast com.google.android.youtube/.app.prefetch.PrefetchService$DeviceStateReceiver: pid=31639 uid=10091 gids={3003, 1015, 1006, 1028}
I/StorageNotification(  373): UMS connection changed to true (media state mounted)
D/PhoneStatusBar(  373): addNotification score=0
I/StorageNotification(  373): UMS connection changed to true (media state mounted)
I/ActivityManager(  277): Start proc com.google.android.gsf.login for service com.google.android.gsf.login/com.google.android.gsf.loginservice.GoogleLoginService: pid=31673 uid=10033 gids={3003, 1015, 1028, 1007, 2001, 3006}
I/ActivityManager(  277): No longer want com.android.voicedialer (pid 31257): hidden #16
W/ActivityManager(  277): Activity destroy timeout for ActivityRecord{41012108 cc.morr.sixthsense/.MainActivity}
W/ActivityManager(  277): No content provider found for permission revoke: file:///data/local/tmp/MainActivity-debug.apk
W/ActivityManager(  277): No content provider found for permission revoke: file:///data/local/tmp/MainActivity-debug.apk
I/PackageParser(  277): cc.morr.sixthsense: compat added android.permission.WRITE_EXTERNAL_STORAGE android.permission.READ_PHONE_STATE
I/ActivityManager(  277): Force stopping package cc.morr.sixthsense uid=10102
I/PackageManager(  277): Package cc.morr.sixthsense codePath changed from /data/app/cc.morr.sixthsense-2.apk to /data/app/cc.morr.sixthsense-1.apk; Retaining data and using new
I/ActivityManager(  277): Force stopping package cc.morr.sixthsense uid=10102
W/PackageManager(  277): Code path for pkg : cc.morr.sixthsense changing from /data/app/cc.morr.sixthsense-2.apk to /data/app/cc.morr.sixthsense-1.apk
W/PackageManager(  277): Resource path for pkg : cc.morr.sixthsense changing from /data/app/cc.morr.sixthsense-2.apk to /data/app/cc.morr.sixthsense-1.apk
I/ActivityManager(  277): Force stopping package cc.morr.sixthsense uid=10102
D/BackupManagerService(  277): Received broadcast Intent { act=android.intent.action.PACKAGE_REMOVED dat=package:cc.morr.sixthsense flg=0x8000010 (has extras) }
D/BackupManagerService(  277): Received broadcast Intent { act=android.intent.action.PACKAGE_ADDED dat=package:cc.morr.sixthsense flg=0x8000010 (has extras) }
V/BackupManagerService(  277): removePackageParticipantsLocked: uid=10102 #1
I/ActivityManager(  277): Start proc com.android.keychain for broadcast com.android.keychain/.KeyChainBroadcastReceiver: pid=31713 uid=1000 gids={1015, 3002, 3001, 3003, 1028, 3007}
V/BackupManagerService(  277): addPackageParticipantsLocked: #1
I/ActivityManager(  277): Start proc com.android.voicedialer for broadcast com.android.voicedialer/.VoiceDialerReceiver: pid=31726 uid=10045 gids={3002, 1028}
I/ActivityManager(  277): Start proc com.google.android.apps.maps:LocationFriendService for broadcast com.google.android.apps.maps/com.google.googlenav.friend.reporting.LocationReportingIntentReceiver: pid=31743 uid=10086 gids={3003, 1015, 1028}
I/ActivityManager(  277): No longer want com.google.android.apps.uploader (pid 31008): hidden #16
I/ActivityManager(  277): No longer want com.google.android.youtube (pid 31639): hidden #16
W/AccessibilityManagerService(  277): Skipping accessibilty service com.rescuetime.android/.ScannerAccessibilityService: it does not require the permission android.permission.BIND_ACCESSIBILITY_SERVICE
I/ActivityManager(  277): Start proc com.google.android.apps.uploader for broadcast com.google.android.apps.uploader/com.google.android.picasasync.BatteryReceiver: pid=31767 uid=10054 gids={3003, 1015, 1028}
I/ActivityManager(  277): No longer want com.google.android.gsf.login (pid 31673): hidden #16
I/ActivityManager(  277): START {act=android.intent.action.MAIN cat=[android.intent.category.HOME] flg=0x10200000 cmp=com.cyanogenmod.trebuchet/.Launcher u=0} from pid 277
W/InputMethodManagerService(  277): Window already focused, ignoring focus gain of: com.android.internal.view.IInputMethodClient$Stub$Proxy@41021d90 attribute=null
I/StorageNotification(  373): UMS connection changed to false (media state mounted)
I/ActivityManager(  277): START {act=android.intent.action.MAIN cat=[android.intent.category.LAUNCHER] flg=0x10200000 cmp=cc.morr.sixthsense/.MainActivity bnds=[360,228][480,387] u=0} from pid 478
I/ActivityManager(  277): Start proc cc.morr.sixthsense for activity cc.morr.sixthsense/.MainActivity: pid=31785 uid=10102 gids={1015, 1028}
I/ActivityManager(  277): Start proc com.android.providers.calendar for content provider com.android.providers.calendar/.CalendarProvider2: pid=31802 uid=10011 gids={3003, 1015, 1028}
I/ActivityManager(  277): No longer want com.android.keychain (pid 31713): hidden #16
I/ActivityManager(  277): Start proc com.google.android.gsf.login for service com.google.android.gsf.login/com.google.android.gsf.loginservice.GoogleLoginService: pid=31817 uid=10033 gids={3003, 1015, 1028, 1007, 2001, 3006}
D/PhoneStatusBar(  373): disable: < expand icons alerts ticker system_info back home RECENT* clock >
D/PhoneStatusBar(  373): disable: < expand icons alerts ticker system_info BACK* HOME* RECENT CLOCK* >
I/ActivityManager(  277): Start proc com.android.calendar for broadcast com.android.calendar/.alerts.AlertReceiver: pid=31835 uid=10010 gids={3003, 1028}
I/ActivityManager(  277): No longer want com.android.voicedialer (pid 31726): hidden #16
I/ActivityManager(  277): No longer want com.android.gallery3d (pid 31229): hidden #16
I/WindowManager(  277): Lock screen displayed!
I/ActivityManager(  277): No longer want com.svox.pico (pid 31272): hidden #16
E/PowerManagerService(  277): Excessive delay setting brightness: 267ms, mask=2
D/PhoneStatusBar(  373): disable: < expand icons alerts ticker system_info BACK HOME recent* CLOCK >
W/InputMethodManagerService(  277): Window already focused, ignoring focus gain of: com.android.internal.view.IInputMethodClient$Stub$Proxy@41083170 attribute=android.view.inputmethod.EditorInfo@41726d80
D/PhoneStatusBar(  373): disable: < expand icons alerts ticker system_info back* home* recent clock* >
I/ActivityManager(  277): START {act=android.intent.action.MAIN cat=[android.intent.category.HOME] flg=0x10200000 cmp=com.cyanogenmod.trebuchet/.Launcher u=0} from pid 277
I/ActivityManager(  277): START {act=android.intent.action.MAIN cat=[android.intent.category.HOME] flg=0x10200000 cmp=com.cyanogenmod.trebuchet/.Launcher u=0} from pid 277
I/ActivityManager(  277): No longer want com.noshufou.android.su (pid 30116): hidden #16
I/ActivityManager(  277): Killing 31785:cc.morr.sixthsense/u0a102: remove task
I/WindowState(  277): WIN DEATH: Window{41126c98 cc.morr.sixthsense/cc.morr.sixthsense.MainActivity paused=true}
V/WiredAccessoryObserver(  277): Headset UEVENT: {SUBSYSTEM=switch, SWITCH_STATE=2, DEVPATH=/devices/virtual/switch/h2w, SEQNUM=3449, ACTION=change, SWITCH_NAME=h2w, SWITCH_TIME=25357356600052}
V/WiredAccessoryObserver(  277): updateState name: h2w state 2
V/WiredAccessoryObserver(  277): updateState switchState: 2
V/WiredAccessoryObserver(  277): newState = 2, headsetState = 2,mHeadsetState = 0
V/WiredAccessoryObserver(  277): device h2w connected
I/ActivityManager(  277): START {act=android.intent.action.MAIN cat=[android.intent.category.HOME] flg=0x10200000 cmp=com.cyanogenmod.trebuchet/.Launcher u=0} from pid 277
W/InputMethodManagerService(  277): Window already focused, ignoring focus gain of: com.android.internal.view.IInputMethodClient$Stub$Proxy@41501918 attribute=null
I/ActivityManager(  277): START {act=android.intent.action.MAIN cat=[android.intent.category.LAUNCHER] flg=0x10200000 cmp=cc.morr.sixthsense/.MainActivity bnds=[360,228][480,387] u=0} from pid 478
I/ActivityManager(  277): Start proc cc.morr.sixthsense for activity cc.morr.sixthsense/.MainActivity: pid=31872 uid=10102 gids={1015, 1028}
W/ActivityManager(  277): Activity destroy timeout for ActivityRecord{41004790 cc.morr.sixthsense/.MainActivity}
I/ActivityManager(  277): Config changed: {1.0 262mcc1mnc en_US sw320dp w533dp h294dp nrml long land finger -keyb/v/h -nav/h s.27 themeResource=null}
D/PhoneStatusBar(  373): disable: < expand icons alerts TICKER* system_info back home recent clock >
W/InputMethodManagerService(  277): Window already focused, ignoring focus gain of: com.android.internal.view.IInputMethodClient$Stub$Proxy@41711260 attribute=null
D/PhoneStatusBar(  373): disable: < expand icons alerts ticker* system_info back home recent clock >
I/ActivityManager(  277): Config changed: {1.0 262mcc1mnc en_US sw320dp w320dp h508dp nrml long port finger -keyb/v/h -nav/h s.28 themeResource=null}
E/AndroidRuntime(31872): FATAL EXCEPTION: Thread-671
E/AndroidRuntime(31872): java.lang.IllegalStateException: play() called on uninitialized AudioTrack.
E/AndroidRuntime(31872): 	at android.media.AudioTrack.play(AudioTrack.java:899)
E/AndroidRuntime(31872): 	at cc.morr.sixthsense.SinewaveRepresentation.onStimulus(SinewaveRepresentation.java:45)
E/AndroidRuntime(31872): 	at cc.morr.sixthsense.Representation.reactTo(Representation.java:34)
E/AndroidRuntime(31872): 	at cc.morr.sixthsense.Representation$1.run(Representation.java:15)
E/AndroidRuntime(31872): 	at java.lang.Thread.run(Thread.java:856)
W/ActivityManager(  277):   Force finishing activity cc.morr.sixthsense/.MainActivity
I/ActivityManager(  277): Process cc.morr.sixthsense (pid 31872) has died.
W/InputMethodManagerService(  277): Window already focused, ignoring focus gain of: com.android.internal.view.IInputMethodClient$Stub$Proxy@41095558 attribute=null
I/ActivityManager(  277): Start proc com.twitter.android for service com.twitter.android/.client.AppService: pid=31917 uid=10064 gids={3003, 1015, 1028}
I/ActivityManager(  277): START {act=android.intent.action.MAIN cat=[android.intent.category.LAUNCHER] flg=0x10200000 cmp=cc.morr.sixthsense/.MainActivity bnds=[360,228][480,387] u=0} from pid 478
I/ActivityManager(  277): Start proc cc.morr.sixthsense for activity cc.morr.sixthsense/.MainActivity: pid=31937 uid=10102 gids={1015, 1028}
I/ActivityManager(  277): Config changed: {1.0 262mcc1mnc en_US sw320dp w533dp h294dp nrml long land finger -keyb/v/h -nav/h s.29 themeResource=null}
I/ActivityManager(  277): Config changed: {1.0 262mcc1mnc en_US sw320dp w320dp h508dp nrml long port finger -keyb/v/h -nav/h s.30 themeResource=null}
I/ActivityManager(  277): Process cc.morr.sixthsense (pid 31937) has died.
W/ActivityManager(  277): Force removing ActivityRecord{410f5df0 cc.morr.sixthsense/.MainActivity}: app died, no saved state
W/InputMethodManagerService(  277): Got RemoteException sending setActive(false) notification to pid 31937 uid 10102
I/ActivityManager(  277): START {act=android.intent.action.MAIN cat=[android.intent.category.HOME] flg=0x10200000 cmp=com.cyanogenmod.trebuchet/.Launcher u=0} from pid 277
W/ThrottleService(  277): unable to find stats for iface rmnet0
D/ConnectivityService(  277): ConnectivityChange for WIFI: CONNECTED/CONNECTED
D/ConnectivityService(  277): handleConnectivityChange: address are the same reset per doReset linkProperty[1]: resetMask=0
D/ConnectivityService(  277): NetTransition Wakelock for WifiStateMachine released by timeout
I/ActivityManager(  277): Start proc com.cyanogenmod.updater for broadcast com.cyanogenmod.updater/.receiver.UpdateCheckReceiver: pid=32016 uid=10007 gids={3003, 1015, 2001, 1028}
I/ActivityManager(  277): Start proc com.android.settings for broadcast com.android.settings/.cmstats.ReportingServiceManager: pid=32032 uid=1000 gids={1015, 3002, 3001, 3003, 1028, 3007}
I/ActivityManager(  277): No longer want com.tmobile.thememanager (pid 30129): hidden #16
I/ActivityManager(  277): Start proc com.fsck.k9 for broadcast com.fsck.k9/.service.BootReceiver: pid=32047 uid=10065 gids={3003, 1015, 1028}
I/ActivityManager(  277): Start proc com.google.android.youtube for broadcast com.google.android.youtube/.app.prefetch.PrefetchService$DeviceStateReceiver: pid=32062 uid=10091 gids={3003, 1015, 1006, 1028}
D/ConnectivityService(  277): handleInetConditionHoldEnd: net=1, condition=100, published condition=0
I/ActivityManager(  277): No longer want com.google.android.partnersetup (pid 31285): hidden #16
I/ActivityManager(  277): No longer want android.process.acore (pid 28920): hidden #16
I/ActivityManager(  277): No longer want com.google.android.apps.maps:FriendService (pid 31299): hidden #16
W/PowerUI (  373): unknown intent: Intent { act=android.intent.action.ACTION_POWER_CONNECTED flg=0x8000010 }
I/StorageNotification(  373): UMS connection changed to true (media state mounted)
D/PhoneStatusBar(  373): addNotification score=0
I/StorageNotification(  373): UMS connection changed to true (media state mounted)
W/ActivityManager(  277): No content provider found for permission revoke: file:///data/local/tmp/MainActivity-debug.apk
W/ActivityManager(  277): No content provider found for permission revoke: file:///data/local/tmp/MainActivity-debug.apk
I/PackageParser(  277): cc.morr.sixthsense: compat added android.permission.WRITE_EXTERNAL_STORAGE android.permission.READ_PHONE_STATE
I/ActivityManager(  277): Force stopping package cc.morr.sixthsense uid=10102
I/PackageManager(  277): Package cc.morr.sixthsense codePath changed from /data/app/cc.morr.sixthsense-1.apk to /data/app/cc.morr.sixthsense-2.apk; Retaining data and using new
I/ActivityManager(  277): Force stopping package cc.morr.sixthsense uid=10102
W/PackageManager(  277): Code path for pkg : cc.morr.sixthsense changing from /data/app/cc.morr.sixthsense-1.apk to /data/app/cc.morr.sixthsense-2.apk
W/PackageManager(  277): Resource path for pkg : cc.morr.sixthsense changing from /data/app/cc.morr.sixthsense-1.apk to /data/app/cc.morr.sixthsense-2.apk
I/ActivityManager(  277): Force stopping package cc.morr.sixthsense uid=10102
D/BackupManagerService(  277): Received broadcast Intent { act=android.intent.action.PACKAGE_REMOVED dat=package:cc.morr.sixthsense flg=0x8000010 (has extras) }
I/ActivityManager(  277): Start proc android.process.acore for broadcast com.android.providers.contacts/.PackageIntentReceiver: pid=32123 uid=10001 gids={3003, 1015, 1028}
D/BackupManagerService(  277): Received broadcast Intent { act=android.intent.action.PACKAGE_ADDED dat=package:cc.morr.sixthsense flg=0x8000010 (has extras) }
V/BackupManagerService(  277): removePackageParticipantsLocked: uid=10102 #1
V/BackupManagerService(  277): addPackageParticipantsLocked: #1
I/ActivityManager(  277): Start proc com.android.gallery3d for broadcast com.android.gallery3d/.app.PackagesMonitor: pid=32140 uid=10021 gids={1006, 3003, 1015, 1028}
I/ActivityManager(  277): Start proc com.android.keychain for broadcast com.android.keychain/.KeyChainBroadcastReceiver: pid=32155 uid=1000 gids={1015, 3002, 3001, 3003, 1028, 3007}
I/ActivityManager(  277): No longer want com.google.android.apps.maps:LocationFriendService (pid 31743): hidden #16
I/ActivityManager(  277): Start proc com.noshufou.android.su for broadcast com.noshufou.android.su/.UninstallReceiver: pid=32168 uid=10037 gids={3003, 1015, 1028}
I/ActivityManager(  277): Start proc com.tmobile.thememanager for broadcast com.tmobile.thememanager/.receiver.ThemePackageReceiver: pid=32182 uid=1300 gids={-1, 1028}
I/ActivityManager(  277): No longer want com.google.android.googlequicksearchbox (pid 30220): hidden #16
I/ActivityManager(  277): Start proc com.android.voicedialer for broadcast com.android.voicedialer/.VoiceDialerReceiver: pid=32195 uid=10045 gids={3002, 1028}
I/ActivityManager(  277): No longer want com.android.calendar (pid 31835): hidden #16
I/ActivityManager(  277): No longer want com.android.providers.calendar (pid 31802): hidden #16
I/ActivityManager(  277): No longer want com.android.vending (pid 30156): hidden #16
W/AccessibilityManagerService(  277): Skipping accessibilty service com.rescuetime.android/.ScannerAccessibilityService: it does not require the permission android.permission.BIND_ACCESSIBILITY_SERVICE
I/ActivityManager(  277): Start proc com.android.vending for broadcast com.android.vending/com.google.android.finsky.receivers.PackageMonitorReceiver$RegisteredReceiver: pid=32209 uid=10057 gids={3003, 1015, 1028}
I/ActivityManager(  277): No longer want com.cyanogenmod.updater (pid 32016): hidden #16
I/ActivityManager(  277): Start proc com.svox.pico for broadcast com.svox.pico/.VoiceDataInstallerReceiver: pid=32244 uid=10032 gids={1015, 1028}
I/ActivityManager(  277): Start proc com.google.android.partnersetup for broadcast com.google.android.partnersetup/.RlzPingBroadcastReceiver: pid=32257 uid=10052 gids={3003, 1028}
I/ActivityManager(  277): No longer want com.twitter.android (pid 31917): hidden #16
I/ActivityManager(  277): Start proc com.google.android.googlequicksearchbox for broadcast com.google.android.googlequicksearchbox/com.google.android.apps.sidekick.GmmLocationProviderImpl$GmmPackageWatcher: pid=32272 uid=10058 gids={3003, 1028, 1007, 3002, 1015}
I/ActivityManager(  277): No longer want com.android.settings (pid 32032): hidden #16
I/ActivityManager(  277): Start proc com.google.android.apps.maps:FriendService for broadcast com.google.android.apps.maps/com.google.googlenav.friend.android.ServiceReceiver: pid=32307 uid=10086 gids={3003, 1015, 1028}
I/ActivityManager(  277): No longer want com.fsck.k9 (pid 32047): hidden #16
I/ActivityManager(  277): Start proc com.google.android.apps.maps:LocationFriendService for broadcast com.google.android.apps.maps/com.google.googlenav.friend.reporting.LocationReportingIntentReceiver: pid=32320 uid=10086 gids={3003, 1015, 1028}
I/ActivityManager(  277): No longer want com.google.android.apps.uploader (pid 31767): hidden #16
I/ActivityManager(  277): No longer want com.google.android.youtube (pid 32062): hidden #16
I/ActivityManager(  277): No longer want com.android.keychain (pid 32155): hidden #16
I/ActivityManager(  277): START {act=android.intent.action.MAIN cat=[android.intent.category.LAUNCHER] flg=0x10200000 cmp=cc.morr.sixthsense/.MainActivity bnds=[360,228][480,387] u=0} from pid 478
I/ActivityManager(  277): Start proc cc.morr.sixthsense for activity cc.morr.sixthsense/.MainActivity: pid=32339 uid=10102 gids={1015, 1028}
I/ActivityManager(  277): Config changed: {1.0 262mcc1mnc en_US sw320dp w533dp h294dp nrml long land finger -keyb/v/h -nav/h s.31 themeResource=null}
E/AndroidRuntime(32339): FATAL EXCEPTION: Thread-728
E/AndroidRuntime(32339): java.lang.IllegalStateException: play() called on uninitialized AudioTrack.
E/AndroidRuntime(32339): 	at android.media.AudioTrack.play(AudioTrack.java:899)
E/AndroidRuntime(32339): 	at cc.morr.sixthsense.SinewaveRepresentation.onStimulus(SinewaveRepresentation.java:45)
E/AndroidRuntime(32339): 	at cc.morr.sixthsense.Representation.reactTo(Representation.java:34)
E/AndroidRuntime(32339): 	at cc.morr.sixthsense.Representation$1.run(Representation.java:15)
E/AndroidRuntime(32339): 	at java.lang.Thread.run(Thread.java:856)
W/ActivityManager(  277):   Force finishing activity cc.morr.sixthsense/.MainActivity
I/ActivityManager(  277): Config changed: {1.0 262mcc1mnc en_US sw320dp w320dp h508dp nrml long port finger -keyb/v/h -nav/h s.32 themeResource=null}
I/ActivityManager(  277): No longer want com.android.voicedialer (pid 32195): hidden #16
I/ActivityManager(  277): Process cc.morr.sixthsense (pid 32339) has died.
W/InputMethodManagerService(  277): Got RemoteException sending setActive(false) notification to pid 32339 uid 10102
I/ActivityManager(  277): START {act=android.intent.action.MAIN cat=[android.intent.category.LAUNCHER] flg=0x10200000 cmp=cc.morr.sixthsense/.MainActivity bnds=[360,228][480,387] u=0} from pid 478
I/ActivityManager(  277): Start proc cc.morr.sixthsense for activity cc.morr.sixthsense/.MainActivity: pid=32385 uid=10102 gids={1015, 1028}
I/ActivityManager(  277): Start proc com.rauscha.apps.timesheet for broadcast com.rauscha.apps.timesheet/.services.WifiConnectionReceiver: pid=32401 uid=10094 gids={1015, 3003, 1028}
D/ConnectivityService(  277): ConnectivityChange for WIFI: DISCONNECTED/DISCONNECTED
D/ConnectivityService(  277): Attempting to switch to mobile
D/ConnectivityService(  277): Attempting to switch to BLUETOOTH_TETHER
D/ConnectivityService(  277): resetConnections(wlan0, 3)
D/ConnectivityService(  277): handleInetConditionChange: no active default network - ignore
I/ActivityManager(  277): Start proc com.cyanogenmod.updater for broadcast com.cyanogenmod.updater/.receiver.UpdateCheckReceiver: pid=32417 uid=10007 gids={3003, 1015, 2001, 1028}
I/ActivityManager(  277): Start proc com.android.settings for broadcast com.android.settings/.cmstats.ReportingServiceManager: pid=32432 uid=1000 gids={1015, 3002, 3001, 3003, 1028, 3007}
I/ActivityManager(  277): No longer want com.android.gallery3d (pid 32140): hidden #16
I/ActivityManager(  277): No longer want com.svox.pico (pid 32244): hidden #16
I/ActivityManager(  277): Start proc com.google.android.apps.uploader for broadcast com.google.android.apps.uploader/com.google.android.picasasync.ConnectivityReceiver: pid=32445 uid=10054 gids={3003, 1015, 1028}
I/ActivityManager(  277): Start proc com.fsck.k9 for broadcast com.fsck.k9/.service.BootReceiver: pid=32458 uid=10065 gids={3003, 1015, 1028}
I/ActivityManager(  277): Start proc com.google.android.youtube for broadcast com.google.android.youtube/.app.prefetch.PrefetchService$DeviceStateReceiver: pid=32474 uid=10091 gids={3003, 1015, 1006, 1028}
I/ActivityManager(  277): No longer want com.noshufou.android.su (pid 32168): hidden #16
I/ActivityManager(  277): No longer want com.tmobile.thememanager (pid 32182): hidden #16
I/ActivityManager(  277): No longer want com.google.android.partnersetup (pid 32257): hidden #16
I/ActivityManager(  277): Config changed: {1.0 262mcc1mnc en_US sw320dp w533dp h294dp nrml long land finger -keyb/v/h -nav/h s.33 themeResource=null}
W/SocketClient(  101): write error (Broken pipe)
I/ActivityManager(  277): Config changed: {1.0 262mcc1mnc en_US sw320dp w320dp h508dp nrml long port finger -keyb/v/h -nav/h s.34 themeResource=null}
I/ActivityManager(  277): START {act=android.intent.action.MAIN cat=[android.intent.category.HOME] flg=0x10200000 cmp=com.cyanogenmod.trebuchet/.Launcher u=0} from pid 277
W/ThrottleService(  277): unable to find stats for iface rmnet0
E/AndroidRuntime(32385): FATAL EXCEPTION: Thread-722
E/AndroidRuntime(32385): java.lang.IllegalStateException: play() called on uninitialized AudioTrack.
E/AndroidRuntime(32385): 	at android.media.AudioTrack.play(AudioTrack.java:899)
E/AndroidRuntime(32385): 	at cc.morr.sixthsense.SinewaveRepresentation.onStimulus(SinewaveRepresentation.java:45)
E/AndroidRuntime(32385): 	at cc.morr.sixthsense.Representation.reactTo(Representation.java:34)
E/AndroidRuntime(32385): 	at cc.morr.sixthsense.Representation$1.run(Representation.java:15)
E/AndroidRuntime(32385): 	at java.lang.Thread.run(Thread.java:856)
I/ActivityManager(  277): No longer want android.process.acore (pid 32123): hidden #16
I/ActivityManager(  277): Killing 32385:cc.morr.sixthsense/u0a102: remove task
I/WindowState(  277): WIN DEATH: Window{418a3b48 cc.morr.sixthsense/cc.morr.sixthsense.MainActivity paused=true}
I/ActivityManager(  277): START {act=android.intent.action.MAIN cat=[android.intent.category.HOME] flg=0x10200000 cmp=com.cyanogenmod.trebuchet/.Launcher u=0} from pid 277
W/InputMethodManagerService(  277): Window already focused, ignoring focus gain of: com.android.internal.view.IInputMethodClient$Stub$Proxy@413aca58 attribute=null
W/ActivityManager(  277): Activity destroy timeout for ActivityRecord{4126b228 cc.morr.sixthsense/.MainActivity}
D/PhoneStatusBar(  373): addNotification score=0
I/ActivityManager(  277): START {act=android.intent.action.MAIN cat=[android.intent.category.LAUNCHER] flg=0x10200000 cmp=cc.morr.sixthsense/.MainActivity bnds=[360,228][480,387] u=0} from pid 478
I/ActivityManager(  277): Start proc cc.morr.sixthsense for activity cc.morr.sixthsense/.MainActivity: pid=32561 uid=10102 gids={1015, 1028}
D/ConnectivityService(  277): ConnectivityChange for WIFI: DISCONNECTED/DISCONNECTED
D/ConnectivityService(  277): Attempting to switch to mobile
D/ConnectivityService(  277): Attempting to switch to BLUETOOTH_TETHER
E/AndroidRuntime(32561): FATAL EXCEPTION: Thread-729
E/AndroidRuntime(32561): java.lang.IllegalStateException: play() called on uninitialized AudioTrack.
E/AndroidRuntime(32561): 	at android.media.AudioTrack.play(AudioTrack.java:899)
E/AndroidRuntime(32561): 	at cc.morr.sixthsense.SinewaveRepresentation.onStimulus(SinewaveRepresentation.java:45)
E/AndroidRuntime(32561): 	at cc.morr.sixthsense.Representation.reactTo(Representation.java:34)
E/AndroidRuntime(32561): 	at cc.morr.sixthsense.Representation$1.run(Representation.java:15)
E/AndroidRuntime(32561): 	at java.lang.Thread.run(Thread.java:856)
W/ActivityManager(  277):   Force finishing activity cc.morr.sixthsense/.MainActivity
D/ConnectivityService(  277): ConnectivityChange for WIFI: CONNECTED/CONNECTED
D/ConnectivityService(  277): NetTransition Wakelock for WifiStateMachine released by timeout
I/ActivityManager(  277): Process cc.morr.sixthsense (pid 32561) has died.
W/InputMethodManagerService(  277): Window already focused, ignoring focus gain of: com.android.internal.view.IInputMethodClient$Stub$Proxy@4148d130 attribute=null
I/ActivityManager(  277): START {act=android.intent.action.MAIN cat=[android.intent.category.LAUNCHER] flg=0x10200000 cmp=cc.morr.sixthsense/.MainActivity bnds=[360,228][480,387] u=0} from pid 478
I/ActivityManager(  277): Start proc cc.morr.sixthsense for activity cc.morr.sixthsense/.MainActivity: pid=32642 uid=10102 gids={1015, 1028}
D/ConnectivityService(  277): handleInetConditionHoldEnd: net=1, condition=100, published condition=0
I/ActivityManager(  277): START {act=android.intent.action.MAIN cat=[android.intent.category.HOME] flg=0x10200000 cmp=com.cyanogenmod.trebuchet/.Launcher u=0} from pid 277
I/ActivityManager(  277): Killing 32642:cc.morr.sixthsense/u0a102: remove task
I/WindowState(  277): WIN DEATH: Window{41151458 cc.morr.sixthsense/cc.morr.sixthsense.MainActivity paused=true}
W/ActivityManager(  277): Activity destroy timeout for ActivityRecord{41004790 cc.morr.sixthsense/.MainActivity}
W/ActivityManager(  277): No content provider found for permission revoke: file:///data/local/tmp/MainActivity-debug.apk
W/ActivityManager(  277): No content provider found for permission revoke: file:///data/local/tmp/MainActivity-debug.apk
I/PackageParser(  277): cc.morr.sixthsense: compat added android.permission.WRITE_EXTERNAL_STORAGE android.permission.READ_PHONE_STATE
I/ActivityManager(  277): Force stopping package cc.morr.sixthsense uid=10102
I/PackageManager(  277): Package cc.morr.sixthsense codePath changed from /data/app/cc.morr.sixthsense-2.apk to /data/app/cc.morr.sixthsense-1.apk; Retaining data and using new
I/ActivityManager(  277): Force stopping package cc.morr.sixthsense uid=10102
W/PackageManager(  277): Code path for pkg : cc.morr.sixthsense changing from /data/app/cc.morr.sixthsense-2.apk to /data/app/cc.morr.sixthsense-1.apk
W/PackageManager(  277): Resource path for pkg : cc.morr.sixthsense changing from /data/app/cc.morr.sixthsense-2.apk to /data/app/cc.morr.sixthsense-1.apk
I/ActivityManager(  277): Force stopping package cc.morr.sixthsense uid=10102
D/BackupManagerService(  277): Received broadcast Intent { act=android.intent.action.PACKAGE_REMOVED dat=package:cc.morr.sixthsense flg=0x8000010 (has extras) }
I/ActivityManager(  277): Start proc android.process.acore for broadcast com.android.providers.contacts/.PackageIntentReceiver: pid=32697 uid=10001 gids={3003, 1015, 1028}
D/BackupManagerService(  277): Received broadcast Intent { act=android.intent.action.PACKAGE_ADDED dat=package:cc.morr.sixthsense flg=0x8000010 (has extras) }
V/BackupManagerService(  277): removePackageParticipantsLocked: uid=10102 #1
V/BackupManagerService(  277): addPackageParticipantsLocked: #1
I/ActivityManager(  277): Start proc com.android.gallery3d for broadcast com.android.gallery3d/.app.PackagesMonitor: pid=32714 uid=10021 gids={1006, 3003, 1015, 1028}
I/ActivityManager(  277): Start proc com.android.keychain for broadcast com.android.keychain/.KeyChainBroadcastReceiver: pid=32729 uid=1000 gids={1015, 3002, 3001, 3003, 1028, 3007}
I/ActivityManager(  277): Start proc com.noshufou.android.su for broadcast com.noshufou.android.su/.UninstallReceiver: pid=32742 uid=10037 gids={3003, 1015, 1028}
I/ActivityManager(  277): Start proc com.tmobile.thememanager for broadcast com.tmobile.thememanager/.receiver.ThemePackageReceiver: pid=32756 uid=1300 gids={-1, 1028}
I/ActivityManager(  277): No longer want com.google.android.apps.maps:FriendService (pid 32307): hidden #16
I/ActivityManager(  277): Start proc com.android.voicedialer for broadcast com.android.voicedialer/.VoiceDialerReceiver: pid=318 uid=10045 gids={3002, 1028}
I/ActivityManager(  277): No longer want com.google.android.apps.maps (pid 2740): hidden #16
I/ActivityManager(  277): No longer want com.google.android.apps.maps:LocationFriendService (pid 32320): hidden #16
W/ActivityManager(  277): Scheduling restart of crashed service com.google.android.apps.maps/com.google.googlenav.prefetch.android.PrefetcherService in 5000ms
I/ActivityManager(  277): No longer want com.google.android.gsf.login (pid 31817): hidden #16
W/AccessibilityManagerService(  277): Skipping accessibilty service com.rescuetime.android/.ScannerAccessibilityService: it does not require the permission android.permission.BIND_ACCESSIBILITY_SERVICE
I/ActivityManager(  277): Start proc com.svox.pico for broadcast com.svox.pico/.VoiceDataInstallerReceiver: pid=357 uid=10032 gids={1015, 1028}
I/ActivityManager(  277): Start proc com.google.android.partnersetup for broadcast com.google.android.partnersetup/.RlzPingBroadcastReceiver: pid=386 uid=10052 gids={3003, 1028}
I/ActivityManager(  277): No longer want com.rauscha.apps.timesheet (pid 32401): hidden #16
I/ActivityManager(  277): Start proc com.google.android.apps.maps for broadcast com.google.android.apps.maps/com.google.android.location.internal.NlpPackageUpdateReceiver: pid=406 uid=10086 gids={3003, 1015, 1028}
I/ActivityManager(  277): No longer want com.cyanogenmod.updater (pid 32417): hidden #16
