I/ActivityManager(  277): Config changed: {1.0 262mcc1mnc en_US sw320dp w533dp h294dp nrml long land finger -keyb/v/h -nav/h s.39 themeResource=null}
I/ActivityManager(  277): Config changed: {1.0 262mcc1mnc en_US sw320dp w320dp h508dp nrml long port finger -keyb/v/h -nav/h s.40 themeResource=null}
D/PhoneStatusBar(  373): disable: < expand icons alerts ticker system_info back home RECENT* clock >
D/PhoneStatusBar(  373): disable: < expand icons alerts ticker system_info BACK* HOME* RECENT CLOCK* >
W/ThrottleService(  277): unable to find stats for iface rmnet0
W/ThrottleService(  277): unable to find stats for iface rmnet0
I/WindowManager(  277): Lock screen displayed!
E/PowerManagerService(  277): Excessive delay setting brightness: 300ms, mask=2
W/ThrottleService(  277): unable to find stats for iface rmnet0
I/WindowManager(  277): Lock screen displayed!
E/PowerManagerService(  277): Excessive delay setting brightness: 247ms, mask=2
W/ThrottleService(  277): unable to find stats for iface rmnet0
I/WindowManager(  277): Lock screen displayed!
E/PowerManagerService(  277): Excessive delay setting brightness: 196ms, mask=2
D/PhoneStatusBar(  373): disable: < expand icons alerts ticker system_info BACK HOME recent* CLOCK >
D/PhoneStatusBar(  373): disable: < expand icons alerts ticker system_info back* home* recent clock* >
W/InputMethodManagerService(  277): Window already focused, ignoring focus gain of: com.android.internal.view.IInputMethodClient$Stub$Proxy@4135a498 attribute=android.view.inputmethod.EditorInfo@415b8f90
I/ActivityManager(  277): Config changed: {1.0 262mcc1mnc en_US sw320dp w533dp h294dp nrml long land finger -keyb/v/h -nav/h s.41 themeResource=null}
I/ActivityManager(  277): Config changed: {1.0 262mcc1mnc en_US sw320dp w320dp h508dp nrml long port finger -keyb/v/h -nav/h s.42 themeResource=null}
D/PhoneStatusBar(  373): disable: < expand icons alerts ticker system_info back home RECENT* clock >
D/PhoneStatusBar(  373): disable: < expand icons alerts ticker system_info BACK* HOME* RECENT CLOCK* >
I/WindowManager(  277): Lock screen displayed!
E/PowerManagerService(  277): Excessive delay setting brightness: 265ms, mask=2
D/PhoneStatusBar(  373): disable: < expand icons alerts ticker system_info BACK HOME recent* CLOCK >
D/PhoneStatusBar(  373): disable: < expand icons alerts ticker system_info back* home* recent clock* >
W/InputMethodManagerService(  277): Window already focused, ignoring focus gain of: com.android.internal.view.IInputMethodClient$Stub$Proxy@416cbe68 attribute=android.view.inputmethod.EditorInfo@414b1a80
I/ActivityManager(  277): START {cmp=nerd.tuxmobil.fahrplan.congress/.EventDetail (has extras) u=0} from pid 2185
D/PhoneStatusBar(  373): disable: < expand icons alerts ticker system_info back home RECENT* clock >
D/PhoneStatusBar(  373): disable: < expand icons alerts ticker system_info BACK* HOME* RECENT CLOCK* >
I/WindowManager(  277): Lock screen displayed!
E/PowerManagerService(  277): Excessive delay setting brightness: 232ms, mask=2
W/ThrottleService(  277): unable to find stats for iface rmnet0
D/PhoneStatusBar(  373): disable: < expand icons alerts ticker system_info BACK HOME recent* CLOCK >
W/InputMethodManagerService(  277): Window already focused, ignoring focus gain of: com.android.internal.view.IInputMethodClient$Stub$Proxy@4121e4f8 attribute=android.view.inputmethod.EditorInfo@416ab6d0
D/PhoneStatusBar(  373): disable: < expand icons alerts ticker system_info back* home* recent clock* >
D/PhoneStatusBar(  373): disable: < expand icons alerts ticker system_info back home RECENT* clock >
D/PhoneStatusBar(  373): disable: < expand icons alerts ticker system_info BACK* HOME* RECENT CLOCK* >
D/ConnectivityService(  277): ConnectivityChange for WIFI: DISCONNECTED/DISCONNECTED
D/ConnectivityService(  277): Attempting to switch to mobile
D/ConnectivityService(  277): Attempting to switch to BLUETOOTH_TETHER
D/ConnectivityService(  277): resetConnections(wlan0, 3)
D/ConnectivityService(  277): handleInetConditionChange: no active default network - ignore
D/PhoneStatusBar(  373): addNotification score=0
D/ConnectivityService(  277): ConnectivityChange for WIFI: CONNECTED/CONNECTED
D/ConnectivityService(  277): NetTransition Wakelock for WifiStateMachine released by timeout
D/ConnectivityService(  277): handleInetConditionHoldEnd: net=1, condition=100, published condition=0
W/ThrottleService(  277): unable to find stats for iface rmnet0
D/ConnectivityService(  277): ConnectivityChange for WIFI: DISCONNECTED/DISCONNECTED
D/ConnectivityService(  277): Attempting to switch to mobile
D/ConnectivityService(  277): Attempting to switch to BLUETOOTH_TETHER
D/ConnectivityService(  277): resetConnections(wlan0, 3)
D/ConnectivityService(  277): handleInetConditionChange: no active default network - ignore
D/ConnectivityService(  277): ConnectivityChange for WIFI: CONNECTED/CONNECTED
D/ConnectivityService(  277): NetTransition Wakelock for WifiStateMachine released by timeout
D/ConnectivityService(  277): ConnectivityChange for WIFI: DISCONNECTED/DISCONNECTED
D/ConnectivityService(  277): Attempting to switch to mobile
D/ConnectivityService(  277): Attempting to switch to BLUETOOTH_TETHER
D/ConnectivityService(  277): resetConnections(wlan0, 3)
D/ConnectivityService(  277): ConnectivityChange for WIFI: CONNECTED/CONNECTED
D/ConnectivityService(  277): NetTransition Wakelock for WifiStateMachine released by timeout
D/ConnectivityService(  277): handleInetConditionHoldEnd: net=1, condition=100, published condition=0
D/ConnectivityService(  277): ConnectivityChange for WIFI: DISCONNECTED/DISCONNECTED
D/ConnectivityService(  277): Attempting to switch to mobile
D/ConnectivityService(  277): Attempting to switch to BLUETOOTH_TETHER
D/ConnectivityService(  277): resetConnections(wlan0, 3)
D/ConnectivityService(  277): handleInetConditionChange: no active default network - ignore
D/ConnectivityService(  277): ConnectivityChange for WIFI: CONNECTED/CONNECTED
D/ConnectivityService(  277): NetTransition Wakelock for WifiStateMachine released by timeout
D/ConnectivityService(  277): handleInetConditionHoldEnd: net=1, condition=100, published condition=0
W/ThrottleService(  277): unable to find stats for iface rmnet0
I/ActivityManager(  277): No longer want com.android.calendar (pid 1555): hidden #16
D/ConnectivityService(  277): ConnectivityChange for WIFI: DISCONNECTED/DISCONNECTED
D/ConnectivityService(  277): Attempting to switch to mobile
D/ConnectivityService(  277): Attempting to switch to BLUETOOTH_TETHER
D/ConnectivityService(  277): resetConnections(wlan0, 3)
D/ConnectivityService(  277): handleInetConditionChange: no active default network - ignore
D/ConnectivityService(  277): ConnectivityChange for WIFI: CONNECTED/CONNECTED
D/ConnectivityService(  277): NetTransition Wakelock for WifiStateMachine released by timeout
D/ConnectivityService(  277): handleInetConditionHoldEnd: net=1, condition=100, published condition=0
I/WindowManager(  277): Lock screen displayed!
E/PowerManagerService(  277): Excessive delay setting brightness: 189ms, mask=2
I/WindowManager(  277): Lock screen displayed!
E/PowerManagerService(  277): Excessive delay setting brightness: 146ms, mask=2
D/PhoneStatusBar(  373): disable: < expand icons alerts ticker system_info BACK HOME recent* CLOCK >
W/InputMethodManagerService(  277): Window already focused, ignoring focus gain of: com.android.internal.view.IInputMethodClient$Stub$Proxy@412288d8 attribute=android.view.inputmethod.EditorInfo@418f0a90
D/PhoneStatusBar(  373): disable: < expand icons alerts ticker system_info back* home* recent clock* >
I/ActivityManager(  277): START {act=android.intent.action.MAIN cat=[android.intent.category.HOME] flg=0x10200000 cmp=com.cyanogenmod.trebuchet/.Launcher u=0} from pid 277
I/ActivityManager(  277): START {act=android.intent.action.MAIN cat=[android.intent.category.LAUNCHER] flg=0x10200000 cmp=nerd.tuxmobil.fahrplan.congress/.Fahrplan bnds=[240,228][360,387] u=0} from pid 478
I/ActivityManager(  277): START {cmp=nerd.tuxmobil.fahrplan.congress/.EventDetail (has extras) u=0} from pid 2185
I/ActivityManager(  277): START {cmp=nerd.tuxmobil.fahrplan.congress/.EventDetail (has extras) u=0} from pid 2185
I/ActivityManager(  277): START {cmp=nerd.tuxmobil.fahrplan.congress/.EventDetail (has extras) u=0} from pid 2185
I/ActivityManager(  277): START {cmp=nerd.tuxmobil.fahrplan.congress/.EventDetail (has extras) u=0} from pid 2185
W/InputMethodManagerService(  277): Window already focused, ignoring focus gain of: com.android.internal.view.IInputMethodClient$Stub$Proxy@4124e110 attribute=null
I/ActivityManager(  277): START {cmp=nerd.tuxmobil.fahrplan.congress/.EventDetail (has extras) u=0} from pid 2185
I/ActivityManager(  277): START {cmp=nerd.tuxmobil.fahrplan.congress/.EventDetail (has extras) u=0} from pid 2185
D/PhoneStatusBar(  373): disable: < expand icons alerts ticker system_info back home RECENT* clock >
D/PhoneStatusBar(  373): disable: < expand icons alerts ticker system_info BACK* HOME* RECENT CLOCK* >
W/ThrottleService(  277): unable to find stats for iface rmnet0
I/WindowManager(  277): Lock screen displayed!
E/PowerManagerService(  277): Excessive delay setting brightness: 191ms, mask=2
D/PhoneStatusBar(  373): disable: < expand icons alerts ticker system_info BACK HOME recent* CLOCK >
D/PhoneStatusBar(  373): disable: < expand icons alerts ticker system_info back* home* recent clock* >
W/InputMethodManagerService(  277): Window already focused, ignoring focus gain of: com.android.internal.view.IInputMethodClient$Stub$Proxy@41059068 attribute=android.view.inputmethod.EditorInfo@4103a8c0
I/ActivityManager(  277): START {act=android.intent.action.MAIN cat=[android.intent.category.HOME] flg=0x10200000 cmp=com.cyanogenmod.trebuchet/.Launcher u=0} from pid 277
I/ActivityManager(  277): START {act=android.intent.action.MAIN cat=[android.intent.category.LAUNCHER] flg=0x10200000 cmp=com.android.mms/.ui.ConversationList bnds=[129,385][240,508] u=0} from pid 478
I/ActivityManager(  277): Start proc com.android.mms for activity com.android.mms/.ui.ConversationList: pid=3064 uid=10028 gids={3003, 1015, 1028}
D/CountryDetector(  277): The first listener is added
I/ActivityManager(  277): Start proc android.process.acore for content provider com.android.providers.contacts/.ContactsProvider2: pid=3090 uid=10001 gids={3003, 1015, 1028}
I/ActivityManager(  277): No longer want com.google.android.apps.maps:GoogleLocationService (pid 2075): hidden #16
I/LocationManagerService(  277): remove passive (pid 277), next minTime = 0
W/ActivityManager(  277): Scheduling restart of crashed service com.google.android.apps.maps/com.google.android.location.internal.server.GoogleLocationService in 5000ms
I/ActivityManager(  277): START {dat=content://mms-sms/conversations/11 cmp=com.android.mms/.ui.ComposeMessageActivity u=0} from pid 3064
I/ActivityManager(  277): START {dat=content://mms-sms/conversations/11 cmp=com.android.mms/.ui.ComposeMessageActivity u=0} from pid 3064
I/ActivityManager(  277): Start proc com.google.android.apps.maps:GoogleLocationService for service com.google.android.apps.maps/com.google.android.location.internal.server.GoogleLocationService: pid=3123 uid=10086 gids={3003, 1015, 1028}
I/LocationManagerService(  277): request passive (pid 3123) 0 0
I/ActivityManager(  277): START {dat=content://mms-sms/conversations/2 cmp=com.android.mms/.ui.ComposeMessageActivity u=0} from pid 3064
D/PhoneStatusBar(  373): addNotification score=0
D/PhoneStatusBar(  373): addNotification score=0
I/ActivityManager(  277): Config changed: {1.0 262mcc1mnc en_US sw320dp w533dp h294dp nrml long land finger -keyb/v/h -nav/h s.43 themeResource=null}
I/ActivityManager(  277): Config changed: {1.0 262mcc1mnc en_US sw320dp w320dp h508dp nrml long port finger -keyb/v/h -nav/h s.44 themeResource=null}
I/ClipboardService(  277): Got clipboard for user=0
I/ClipboardService(  277): Got clipboard for user=0
D/PhoneStatusBar(  373): disable: < expand icons alerts TICKER* system_info back home recent clock >
I/ActivityManager(  277): START {flg=0x14000000 cmp=com.twitter.android/.HomeTabActivity bnds=[0,254][480,349] (has extras) u=0} from pid -1
D/PhoneStatusBar(  373): disable: < expand icons alerts ticker* system_info back home recent clock >
D/PhoneStatusBar(  373): disable: < expand icons alerts ticker system_info back home RECENT* clock >
D/PhoneStatusBar(  373): disable: < expand icons alerts ticker system_info BACK* HOME* RECENT CLOCK* >
W/ThrottleService(  277): unable to find stats for iface rmnet0
I/WindowManager(  277): Lock screen displayed!
E/PowerManagerService(  277): Excessive delay setting brightness: 263ms, mask=2
D/PhoneStatusBar(  373): disable: < expand icons alerts ticker system_info BACK HOME recent* CLOCK >
D/PhoneStatusBar(  373): disable: < expand icons alerts ticker system_info back* home* recent clock* >
W/InputMethodManagerService(  277): Window already focused, ignoring focus gain of: com.android.internal.view.IInputMethodClient$Stub$Proxy@414f0cc0 attribute=android.view.inputmethod.EditorInfo@41882ff8
I/ActivityManager(  277): START {act=android.intent.action.MAIN cat=[android.intent.category.HOME] flg=0x10200000 cmp=com.cyanogenmod.trebuchet/.Launcher u=0} from pid 277
I/ActivityManager(  277): No longer want com.google.android.apps.genie.geniewidget (pid 2454): hidden #16
I/ActivityManager(  277): START {act=android.intent.action.MAIN cat=[android.intent.category.LAUNCHER] flg=0x10200000 cmp=nerd.tuxmobil.fahrplan.congress/.Fahrplan bnds=[240,228][360,387] u=0} from pid 478
D/PhoneStatusBar(  373): disable: < expand icons alerts ticker system_info back home RECENT* clock >
D/PhoneStatusBar(  373): disable: < expand icons alerts ticker system_info BACK* HOME* RECENT CLOCK* >
W/ThrottleService(  277): unable to find stats for iface rmnet0
I/WindowManager(  277): Lock screen displayed!
E/PowerManagerService(  277): Excessive delay setting brightness: 286ms, mask=2
V/WiredAccessoryObserver(  277): Headset UEVENT: {SUBSYSTEM=switch, SWITCH_STATE=2, DEVPATH=/devices/virtual/switch/h2w, SEQNUM=14176, ACTION=change, SWITCH_NAME=h2w, SWITCH_TIME=36294476928412}
V/WiredAccessoryObserver(  277): updateState name: h2w state 2
V/WiredAccessoryObserver(  277): updateState switchState: 2
V/WiredAccessoryObserver(  277): newState = 2, headsetState = 2,mHeadsetState = 0
V/WiredAccessoryObserver(  277): device h2w connected
I/WindowManager(  277): Lock screen displayed!
E/PowerManagerService(  277): Excessive delay setting brightness: 246ms, mask=2
D/PhoneStatusBar(  373): disable: < expand icons alerts ticker system_info BACK HOME recent* CLOCK >
D/PhoneStatusBar(  373): disable: < expand icons alerts ticker system_info back* home* recent clock* >
W/InputMethodManagerService(  277): Window already focused, ignoring focus gain of: com.android.internal.view.IInputMethodClient$Stub$Proxy@41171060 attribute=android.view.inputmethod.EditorInfo@4178ab60
V/WiredAccessoryObserver(  277): Headset UEVENT: {SUBSYSTEM=switch, SWITCH_STATE=0, DEVPATH=/devices/virtual/switch/h2w, SEQNUM=14180, ACTION=change, SWITCH_NAME=h2w, SWITCH_TIME=36300439826062}
V/WiredAccessoryObserver(  277): updateState name: h2w state 0
V/WiredAccessoryObserver(  277): updateState switchState: 0
V/WiredAccessoryObserver(  277): newState = 0, headsetState = 0,mHeadsetState = 2
V/WiredAccessoryObserver(  277): device h2w disconnected
I/ActivityManager(  277): Start proc com.andrew.apollo:main for broadcast com.andrew.apollo/.service.MediaButtonIntentReceiver: pid=3232 uid=10000 gids={3003, 1015, 1028}
I/ActivityManager(  277): Start proc tunein.player for broadcast tunein.player/tunein.ui.helpers.MediaButtonIntentReceiver: pid=3245 uid=10067 gids={3003, 3002, 1028}
D/PhoneStatusBar(  373): disable: < expand icons alerts ticker system_info back home RECENT* clock >
D/PhoneStatusBar(  373): disable: < expand icons alerts ticker system_info BACK* HOME* RECENT CLOCK* >
I/ActivityManager(  277): Start proc ait.podka for broadcast ait.podka/.receivers.RemoteControlReceiver: pid=3272 uid=10069 gids={3003, 1015, 1028}
I/ActivityManager(  277): No longer want com.rauscha.apps.timesheet (pid 818): hidden #16
I/ActivityManager(  277): No longer want com.bel.android.dspmanager (pid 2637): hidden #17
W/ActivityManager(  277): Scheduling restart of crashed service com.bel.android.dspmanager/.service.HeadsetService in 5000ms
I/ActivityManager(  277): Start proc com.bel.android.dspmanager for service com.bel.android.dspmanager/.service.HeadsetService: pid=3286 uid=10013 gids={3002, 1028}
W/ThrottleService(  277): unable to find stats for iface rmnet0
W/PowerUI (  373): unknown intent: Intent { act=android.intent.action.ACTION_POWER_CONNECTED flg=0x8000010 }
I/WindowManager(  277): Lock screen displayed!
I/StorageNotification(  373): UMS connection changed to true (media state mounted)
D/PhoneStatusBar(  373): addNotification score=0
I/StorageNotification(  373): UMS connection changed to true (media state mounted)
E/PowerManagerService(  277): Excessive delay setting brightness: 219ms, mask=2
D/PhoneStatusBar(  373): disable: < expand icons alerts ticker system_info BACK HOME recent* CLOCK >
D/PhoneStatusBar(  373): disable: < expand icons alerts ticker system_info back* home* recent clock* >
W/InputMethodManagerService(  277): Window already focused, ignoring focus gain of: com.android.internal.view.IInputMethodClient$Stub$Proxy@41988f50 attribute=android.view.inputmethod.EditorInfo@417198c8
I/ActivityManager(  277): START {act=android.intent.action.MAIN cat=[android.intent.category.HOME] flg=0x10200000 cmp=com.cyanogenmod.trebuchet/.Launcher u=0} from pid 277
I/ActivityManager(  277): No longer want com.cyanogenmod.updater (pid 833): hidden #16
D/PhoneStatusBar(  373): disable: < expand icons alerts ticker system_info back home RECENT* clock >
D/PhoneStatusBar(  373): disable: < expand icons alerts ticker system_info BACK* HOME* RECENT CLOCK* >
W/ThrottleService(  277): unable to find stats for iface rmnet0
I/WindowManager(  277): Lock screen displayed!
E/PowerManagerService(  277): Excessive delay setting brightness: 247ms, mask=2
D/PhoneStatusBar(  373): disable: < expand icons alerts ticker system_info BACK HOME recent* CLOCK >
D/PhoneStatusBar(  373): disable: < expand icons alerts ticker system_info back* home* recent clock* >
W/InputMethodManagerService(  277): Window already focused, ignoring focus gain of: com.android.internal.view.IInputMethodClient$Stub$Proxy@412abfc8 attribute=android.view.inputmethod.EditorInfo@4198f340
I/ActivityManager(  277): START {act=android.intent.action.MAIN cat=[android.intent.category.LAUNCHER] flg=0x10200000 cmp=nerd.tuxmobil.fahrplan.congress/.Fahrplan bnds=[240,228][360,387] u=0} from pid 478
D/PhoneStatusBar(  373): disable: < expand icons alerts ticker system_info back home RECENT* clock >
D/PhoneStatusBar(  373): disable: < expand icons alerts ticker system_info BACK* HOME* RECENT CLOCK* >
I/WindowManager(  277): Lock screen displayed!
E/PowerManagerService(  277): Excessive delay setting brightness: 226ms, mask=2
D/PhoneStatusBar(  373): disable: < expand icons alerts ticker system_info back* home* recent* clock* >
W/InputMethodManagerService(  277): Window already focused, ignoring focus gain of: com.android.internal.view.IInputMethodClient$Stub$Proxy@41302cd0 attribute=android.view.inputmethod.EditorInfo@41791ba8
D/PhoneStatusBar(  373): disable: < expand icons alerts ticker system_info back home RECENT* clock >
D/PhoneStatusBar(  373): disable: < expand icons alerts ticker system_info BACK* HOME* RECENT CLOCK* >
I/ActivityManager(  277): No longer want com.fsck.k9 (pid 860): hidden #16
I/ActivityManager(  277): No longer want com.android.settings (pid 847): hidden #17
D/ConnectivityService(  277): ConnectivityChange for WIFI: CONNECTED/CONNECTED
D/ConnectivityService(  277): handleConnectivityChange: address are the same reset per doReset linkProperty[1]: resetMask=0
D/ConnectivityService(  277): NetTransition Wakelock for WifiStateMachine released by timeout
I/ActivityManager(  277): Start proc com.cyanogenmod.updater for broadcast com.cyanogenmod.updater/.receiver.UpdateCheckReceiver: pid=3341 uid=10007 gids={3003, 1015, 2001, 1028}
I/ActivityManager(  277): Start proc com.android.settings for broadcast com.android.settings/.cmstats.ReportingServiceManager: pid=3355 uid=1000 gids={1015, 3002, 3001, 3003, 1028, 3007}
I/ActivityManager(  277): No longer want com.google.android.apps.maps:GoogleLocationService (pid 3123): hidden #16
I/LocationManagerService(  277): remove passive (pid 277), next minTime = 0
W/ActivityManager(  277): Scheduling restart of crashed service com.google.android.apps.maps/com.google.android.location.internal.server.GoogleLocationService in 5000ms
I/ActivityManager(  277): Start proc com.fsck.k9 for broadcast com.fsck.k9/.service.BootReceiver: pid=3370 uid=10065 gids={3003, 1015, 1028}
D/ConnectivityService(  277): handleInetConditionHoldEnd: net=1, condition=100, published condition=0
I/ActivityManager(  277): No longer want com.google.android.apps.maps:FriendService (pid 2096): hidden #16
I/ActivityManager(  277): Start proc com.google.android.apps.maps:GoogleLocationService for service com.google.android.apps.maps/com.google.android.location.internal.server.GoogleLocationService: pid=3387 uid=10086 gids={3003, 1015, 1028}
I/LocationManagerService(  277): request passive (pid 3387) 0 0
I/ActivityManager(  277): Start proc com.google.android.apps.maps:FriendService for broadcast com.google.android.apps.maps/com.google.googlenav.friend.android.ServiceReceiver: pid=3408 uid=10086 gids={3003, 1015, 1028}
I/ActivityManager(  277): No longer want com.android.mms (pid 3064): hidden #16
I/WindowState(  277): WIN DEATH: Window{41693190 com.android.mms/com.android.mms.ui.ConversationList paused=false}
D/CountryDetector(  277): No listener is left
I/WindowState(  277): WIN DEATH: Window{414a2f80 com.android.mms/com.android.mms.ui.ComposeMessageActivity paused=false}
W/ThrottleService(  277): unable to find stats for iface rmnet0
I/ActivityManager(  277): Start proc com.android.defcontainer for service com.android.defcontainer/.DefaultContainerService: pid=3443 uid=10014 gids={1015, 2001, 1028}
W/ActivityManager(  277): No content provider found for permission revoke: file:///data/local/tmp/MainActivity-debug.apk
W/ActivityManager(  277): No content provider found for permission revoke: file:///data/local/tmp/MainActivity-debug.apk
I/PackageParser(  277): cc.morr.sixthsense: compat added android.permission.WRITE_EXTERNAL_STORAGE android.permission.READ_PHONE_STATE
I/ActivityManager(  277): Force stopping package cc.morr.sixthsense uid=10102
I/PackageManager(  277): Package cc.morr.sixthsense codePath changed from /data/app/cc.morr.sixthsense-1.apk to /data/app/cc.morr.sixthsense-2.apk; Retaining data and using new
I/ActivityManager(  277): Force stopping package cc.morr.sixthsense uid=10102
W/PackageManager(  277): Code path for pkg : cc.morr.sixthsense changing from /data/app/cc.morr.sixthsense-1.apk to /data/app/cc.morr.sixthsense-2.apk
W/PackageManager(  277): Resource path for pkg : cc.morr.sixthsense changing from /data/app/cc.morr.sixthsense-1.apk to /data/app/cc.morr.sixthsense-2.apk
I/ActivityManager(  277): Force stopping package cc.morr.sixthsense uid=10102
D/BackupManagerService(  277): Received broadcast Intent { act=android.intent.action.PACKAGE_REMOVED dat=package:cc.morr.sixthsense flg=0x8000010 (has extras) }
D/BackupManagerService(  277): Received broadcast Intent { act=android.intent.action.PACKAGE_ADDED dat=package:cc.morr.sixthsense flg=0x8000010 (has extras) }
V/BackupManagerService(  277): removePackageParticipantsLocked: uid=10102 #1
V/BackupManagerService(  277): addPackageParticipantsLocked: #1
I/ActivityManager(  277): Start proc com.android.gallery3d for broadcast com.android.gallery3d/.app.PackagesMonitor: pid=3458 uid=10021 gids={1006, 3003, 1015, 1028}
I/ActivityManager(  277): Start proc com.android.keychain for broadcast com.android.keychain/.KeyChainBroadcastReceiver: pid=3473 uid=1000 gids={1015, 3002, 3001, 3003, 1028, 3007}
I/ActivityManager(  277): No longer want com.andrew.apollo:main (pid 3232): hidden #16
I/ActivityManager(  277): Start proc com.noshufou.android.su for broadcast com.noshufou.android.su/.UninstallReceiver: pid=3487 uid=10037 gids={3003, 1015, 1028}
I/ActivityManager(  277): Start proc com.tmobile.thememanager for broadcast com.tmobile.thememanager/.receiver.ThemePackageReceiver: pid=3503 uid=1300 gids={-1, 1028}
I/ActivityManager(  277): No longer want tunein.player (pid 3245): hidden #16
I/ActivityManager(  277): No longer want ait.podka (pid 3272): hidden #16
I/ActivityManager(  277): Start proc com.android.voicedialer for broadcast com.android.voicedialer/.VoiceDialerReceiver: pid=3517 uid=10045 gids={3002, 1028}
I/ActivityManager(  277): No longer want com.google.android.gsf.login (pid 1538): hidden #16
I/ActivityManager(  277): Start proc com.google.android.googlequicksearchbox for broadcast com.google.android.googlequicksearchbox/com.google.android.apps.sidekick.GmmLocationProviderImpl$GmmPackageWatcher: pid=3530 uid=10058 gids={3003, 1028, 1007, 3002, 1015}
I/ActivityManager(  277): No longer want com.cyanogenmod.updater (pid 3341): hidden #16
W/AccessibilityManagerService(  277): Skipping accessibilty service com.rescuetime.android/.ScannerAccessibilityService: it does not require the permission android.permission.BIND_ACCESSIBILITY_SERVICE
I/ActivityManager(  277): Start proc com.google.android.gsf.login for service com.google.android.gsf.login/com.google.android.gsf.loginservice.GoogleLoginService: pid=3557 uid=10033 gids={3003, 1015, 1028, 1007, 2001, 3006}
I/ActivityManager(  277): Start proc com.google.android.partnersetup for content provider com.google.android.partnersetup/.RlzAppProvider: pid=3570 uid=10052 gids={3003, 1028}
I/ActivityManager(  277): No longer want com.android.providers.calendar (pid 1521): hidden #16
I/ActivityManager(  277): Start proc com.android.vending for broadcast com.android.vending/com.google.android.finsky.receivers.PackageMonitorReceiver$RegisteredReceiver: pid=3592 uid=10057 gids={3003, 1015, 1028}
I/ActivityManager(  277): No longer want com.android.settings (pid 3355): hidden #16
I/ActivityManager(  277): No longer want android.process.media (pid 1699): hidden #16
I/ActivityManager(  277): Start proc com.svox.pico for broadcast com.svox.pico/.VoiceDataInstallerReceiver: pid=3625 uid=10032 gids={1015, 1028}
I/ActivityManager(  277): Start proc android.process.media for content provider com.android.providers.downloads/.DownloadProvider: pid=3641 uid=10017 gids={1015, 1023, 1024, 1028, 2001, 3003, 3007}
I/ActivityManager(  277): No longer want com.google.android.apps.uploader (pid 666): hidden #16
I/ActivityManager(  277): No longer want com.google.android.youtube (pid 877): hidden #16
I/ActivityManager(  277): No longer want com.fsck.k9 (pid 3370): hidden #16
I/ActivityManager(  277): No longer want com.twitter.android (pid 703): hidden #16
I/WindowState(  277): WIN DEATH: Window{4168ba78 com.twitter.android/com.twitter.android.HomeTabActivity paused=false}
W/ThrottleService(  277): unable to find stats for iface rmnet0
W/ActivityManager(  277): No content provider found for permission revoke: file:///data/local/tmp/MainActivity-debug.apk
W/ActivityManager(  277): No content provider found for permission revoke: file:///data/local/tmp/MainActivity-debug.apk
I/PackageParser(  277): cc.morr.sixthsense: compat added android.permission.WRITE_EXTERNAL_STORAGE android.permission.READ_PHONE_STATE
I/ActivityManager(  277): Force stopping package cc.morr.sixthsense uid=10102
I/PackageManager(  277): Package cc.morr.sixthsense codePath changed from /data/app/cc.morr.sixthsense-2.apk to /data/app/cc.morr.sixthsense-1.apk; Retaining data and using new
I/ActivityManager(  277): Force stopping package cc.morr.sixthsense uid=10102
W/PackageManager(  277): Code path for pkg : cc.morr.sixthsense changing from /data/app/cc.morr.sixthsense-2.apk to /data/app/cc.morr.sixthsense-1.apk
W/PackageManager(  277): Resource path for pkg : cc.morr.sixthsense changing from /data/app/cc.morr.sixthsense-2.apk to /data/app/cc.morr.sixthsense-1.apk
I/ActivityManager(  277): Force stopping package cc.morr.sixthsense uid=10102
D/BackupManagerService(  277): Received broadcast Intent { act=android.intent.action.PACKAGE_REMOVED dat=package:cc.morr.sixthsense flg=0x8000010 (has extras) }
D/BackupManagerService(  277): Received broadcast Intent { act=android.intent.action.PACKAGE_ADDED dat=package:cc.morr.sixthsense flg=0x8000010 (has extras) }
V/BackupManagerService(  277): removePackageParticipantsLocked: uid=10102 #1
V/BackupManagerService(  277): addPackageParticipantsLocked: #1
W/AccessibilityManagerService(  277): Skipping accessibilty service com.rescuetime.android/.ScannerAccessibilityService: it does not require the permission android.permission.BIND_ACCESSIBILITY_SERVICE
I/WindowManager(  277): Lock screen displayed!
E/PowerManagerService(  277): Excessive delay setting brightness: 272ms, mask=2
D/PhoneStatusBar(  373): disable: < expand icons alerts ticker system_info BACK HOME recent* CLOCK >
D/PhoneStatusBar(  373): disable: < expand icons alerts ticker system_info back* home* recent clock* >
W/InputMethodManagerService(  277): Window already focused, ignoring focus gain of: com.android.internal.view.IInputMethodClient$Stub$Proxy@416d3800 attribute=android.view.inputmethod.EditorInfo@416ee528
I/ActivityManager(  277): START {act=android.intent.action.MAIN cat=[android.intent.category.HOME] flg=0x10200000 cmp=com.cyanogenmod.trebuchet/.Launcher u=0} from pid 277
I/ActivityManager(  277): START {act=android.intent.action.MAIN cat=[android.intent.category.LAUNCHER] flg=0x10200000 cmp=cc.morr.sixthsense/.MainActivity bnds=[360,228][480,387] u=0} from pid 478
I/ActivityManager(  277): Start proc cc.morr.sixthsense for activity cc.morr.sixthsense/.MainActivity: pid=3696 uid=10102 gids={1015, 1028}
E/AndroidRuntime( 3696): FATAL EXCEPTION: Thread-954
E/AndroidRuntime( 3696): java.lang.ArrayIndexOutOfBoundsException: length=0; index=0
E/AndroidRuntime( 3696): 	at java.util.Vector.arrayIndexOutOfBoundsException(Vector.java:907)
E/AndroidRuntime( 3696): 	at java.util.Vector.elementAt(Vector.java:328)
E/AndroidRuntime( 3696): 	at java.util.Vector.get(Vector.java:442)
E/AndroidRuntime( 3696): 	at cc.morr.sixthsense.Representation$1.run(Representation.java:32)
E/AndroidRuntime( 3696): 	at java.lang.Thread.run(Thread.java:856)
W/ActivityManager(  277):   Force finishing activity cc.morr.sixthsense/.MainActivity
I/ActivityManager(  277): Process cc.morr.sixthsense (pid 3696) has died.
W/InputMethodManagerService(  277): Window already focused, ignoring focus gain of: com.android.internal.view.IInputMethodClient$Stub$Proxy@41729160 attribute=null
I/ActivityManager(  277): START {act=android.intent.action.MAIN cat=[android.intent.category.LAUNCHER] flg=0x10200000 cmp=com.kog.alarmclock/.MainFree bnds=[240,387][360,546] u=0} from pid 478
I/ActivityManager(  277): Start proc com.kog.alarmclock for activity com.kog.alarmclock/.MainFree: pid=3711 uid=10081 gids={3003, 1015, 1028}
I/ActivityManager(  277): START {act=android.intent.action.MAIN cat=[android.intent.category.HOME] flg=0x10200000 cmp=com.cyanogenmod.trebuchet/.Launcher u=0} from pid 277
D/webcoreglue( 3711): netstack: Memory Cache feature is OFF
W/ActivityManager(  277): Activity pause timeout for ActivityRecord{41aa5b20 com.kog.alarmclock/.MainFree}
W/InputMethodManagerService(  277): Window already focused, ignoring focus gain of: com.android.internal.view.IInputMethodClient$Stub$Proxy@416d0d50 attribute=null
D/        ( 3711): dl error message Cannot load library: load_library[1118]: Library 'libtcpfinaggr.so' not found
D/Socket_Pool( 3711): Failed to create TCP Fin Aggregation interface.
D/Socket_Pool( 3711): netstack: CloseUnusedSockets is ON
D/Socket_Pool( 3711): netstack: system net.statistics value: 0
D/Socket_Pool( 3711): Failed to create TCP Fin Aggregation interface.
D/Socket_Pool( 3711): netstack: CloseUnusedSockets is ON
D/Socket_Pool( 3711): netstack: system net.statistics value: 0
D/        ( 3711): external/chromium/net/http/http_getzip_factory.cc: Failed to construct GETzip manager, didn't find the library!
I/ActivityManager(  277): START {act=android.intent.action.MAIN cat=[android.intent.category.LAUNCHER] flg=0x10200000 cmp=cc.morr.sixthsense/.MainActivity bnds=[360,228][480,387] u=0} from pid 478
I/ActivityManager(  277): Start proc cc.morr.sixthsense for activity cc.morr.sixthsense/.MainActivity: pid=3742 uid=10102 gids={1015, 1028}
E/AndroidRuntime( 3742): FATAL EXCEPTION: Thread-960
E/AndroidRuntime( 3742): java.lang.ArrayIndexOutOfBoundsException: length=0; index=0
E/AndroidRuntime( 3742): 	at java.util.Vector.arrayIndexOutOfBoundsException(Vector.java:907)
E/AndroidRuntime( 3742): 	at java.util.Vector.elementAt(Vector.java:328)
E/AndroidRuntime( 3742): 	at java.util.Vector.get(Vector.java:442)
E/AndroidRuntime( 3742): 	at cc.morr.sixthsense.Representation$1.run(Representation.java:32)
E/AndroidRuntime( 3742): 	at java.lang.Thread.run(Thread.java:856)
W/ActivityManager(  277):   Force finishing activity cc.morr.sixthsense/.MainActivity
D/        ( 3711): Failed to load DoObserveConnections symbol in tcp-connections.so
I/ActivityManager(  277): No longer want com.google.android.gsf.login (pid 3557): hidden #16
I/ActivityManager(  277): No longer want android.process.media (pid 3641): hidden #16
I/ActivityManager(  277): Process cc.morr.sixthsense (pid 3742) has died.
W/InputMethodManagerService(  277): Window already focused, ignoring focus gain of: com.android.internal.view.IInputMethodClient$Stub$Proxy@410d1a08 attribute=null
I/ActivityManager(  277): START {act=android.intent.action.MAIN cat=[android.intent.category.LAUNCHER] flg=0x10200000 cmp=cc.morr.sixthsense/.MainActivity bnds=[360,228][480,387] u=0} from pid 478
I/ActivityManager(  277): Start proc cc.morr.sixthsense for activity cc.morr.sixthsense/.MainActivity: pid=3772 uid=10102 gids={1015, 1028}
E/AndroidRuntime( 3772): FATAL EXCEPTION: Thread-963
E/AndroidRuntime( 3772): java.lang.ArrayIndexOutOfBoundsException: length=0; index=0
E/AndroidRuntime( 3772): 	at java.util.Vector.arrayIndexOutOfBoundsException(Vector.java:907)
E/AndroidRuntime( 3772): 	at java.util.Vector.elementAt(Vector.java:328)
E/AndroidRuntime( 3772): 	at java.util.Vector.get(Vector.java:442)
E/AndroidRuntime( 3772): 	at cc.morr.sixthsense.Representation$1.run(Representation.java:32)
E/AndroidRuntime( 3772): 	at java.lang.Thread.run(Thread.java:856)
W/ActivityManager(  277):   Force finishing activity cc.morr.sixthsense/.MainActivity
I/ActivityManager(  277): Process cc.morr.sixthsense (pid 3772) has died.
W/InputMethodManagerService(  277): Window already focused, ignoring focus gain of: com.android.internal.view.IInputMethodClient$Stub$Proxy@4168d3d0 attribute=null
--------- beginning of /dev/log/main
D/LBAdController( 3711): org.apache.http.conn.HttpHostConnectException: Connection to http://ad.leadboltapps.net refused
D/LBAdController( 3711): 	at org.apache.http.impl.conn.DefaultClientConnectionOperator.openConnection(DefaultClientConnectionOperator.java:183)
D/LBAdController( 3711): 	at org.apache.http.impl.conn.AbstractPoolEntry.open(AbstractPoolEntry.java:164)
D/LBAdController( 3711): 	at org.apache.http.impl.conn.AbstractPooledConnAdapter.open(AbstractPooledConnAdapter.java:119)
D/LBAdController( 3711): 	at org.apache.http.impl.client.DefaultRequestDirector.execute(DefaultRequestDirector.java:360)
D/LBAdController( 3711): 	at org.apache.http.impl.client.AbstractHttpClient.execute(AbstractHttpClient.java:555)
D/LBAdController( 3711): 	at org.apache.http.impl.client.AbstractHttpClient.execute(AbstractHttpClient.java:487)
D/LBAdController( 3711): 	at org.apache.http.impl.client.AbstractHttpClient.execute(AbstractHttpClient.java:465)
D/LBAdController( 3711): 	at com.pad.android.util.AdOptinRequest.makeOptinRequest(AdOptinRequest.java:165)
D/LBAdController( 3711): 	at com.pad.android.util.AdOptinRequest.doInBackground(AdOptinRequest.java:64)
D/LBAdController( 3711): 	at com.pad.android.util.AdOptinRequest.doInBackground(AdOptinRequest.java:1)
D/LBAdController( 3711): 	at android.os.AsyncTask$2.call(AsyncTask.java:287)
D/LBAdController( 3711): 	at java.util.concurrent.FutureTask$Sync.innerRun(FutureTask.java:305)
D/LBAdController( 3711): 	at java.util.concurrent.FutureTask.run(FutureTask.java:137)
D/LBAdController( 3711): 	at android.os.AsyncTask$SerialExecutor$1.run(AsyncTask.java:230)
D/LBAdController( 3711): 	at java.util.concurrent.ThreadPoolExecutor.runWorker(ThreadPoolExecutor.java:1076)
D/LBAdController( 3711): 	at java.util.concurrent.ThreadPoolExecutor$Worker.run(ThreadPoolExecutor.java:569)
D/LBAdController( 3711): 	at java.lang.Thread.run(Thread.java:856)
D/LBAdController( 3711): Caused by: java.net.ConnectException: failed to connect to /127.0.0.1 (port 80): connect failed: ECONNREFUSED (Connection refused)
D/LBAdController( 3711): 	at libcore.io.IoBridge.connect(IoBridge.java:114)
D/LBAdController( 3711): 	at java.net.PlainSocketImpl.connect(PlainSocketImpl.java:192)
D/LBAdController( 3711): 	at java.net.PlainSocketImpl.connect(PlainSocketImpl.java:459)
D/LBAdController( 3711): 	at java.net.Socket.connect(Socket.java:842)
D/LBAdController( 3711): 	at org.apache.http.conn.scheme.PlainSocketFactory.connectSocket(PlainSocketFactory.java:119)
D/LBAdController( 3711): 	at org.apache.http.impl.conn.DefaultClientConnectionOperator.openConnection(DefaultClientConnectionOperator.java:144)
D/LBAdController( 3711): 	... 16 more
D/LBAdController( 3711): Caused by: libcore.io.ErrnoException: connect failed: ECONNREFUSED (Connection refused)
D/LBAdController( 3711): 	at libcore.io.Posix.connect(Native Method)
D/LBAdController( 3711): 	at libcore.io.BlockGuardOs.connect(BlockGuardOs.java:85)
D/LBAdController( 3711): 	at libcore.io.IoBridge.connectErrno(IoBridge.java:127)
D/LBAdController( 3711): 	at libcore.io.IoBridge.connect(IoBridge.java:112)
D/LBAdController( 3711): 	... 21 more
D/LBAdController( 3711): org.apache.http.conn.HttpHostConnectException: Connection to http://ad.leadboltapps.net refused
D/LBAdController( 3711): 	at org.apache.http.impl.conn.DefaultClientConnectionOperator.openConnection(DefaultClientConnectionOperator.java:183)
D/LBAdController( 3711): 	at org.apache.http.impl.conn.AbstractPoolEntry.open(AbstractPoolEntry.java:164)
D/LBAdController( 3711): 	at org.apache.http.impl.conn.AbstractPooledConnAdapter.open(AbstractPooledConnAdapter.java:119)
D/LBAdController( 3711): 	at org.apache.http.impl.client.DefaultRequestDirector.execute(DefaultRequestDirector.java:360)
D/LBAdController( 3711): 	at org.apache.http.impl.client.AbstractHttpClient.execute(AbstractHttpClient.java:555)
D/LBAdController( 3711): 	at org.apache.http.impl.client.AbstractHttpClient.execute(AbstractHttpClient.java:487)
D/LBAdController( 3711): 	at org.apache.http.impl.client.AbstractHttpClient.execute(AbstractHttpClient.java:465)
D/LBAdController( 3711): 	at com.pad.android.util.AdOptinRequest.makeOptinRequest(AdOptinRequest.java:165)
D/LBAdController( 3711): 	at com.pad.android.util.AdOptinRequest.doInBackground(AdOptinRequest.java:64)
D/LBAdController( 3711): 	at com.pad.android.util.AdOptinRequest.doInBackground(AdOptinRequest.java:1)
D/LBAdController( 3711): 	at android.os.AsyncTask$2.call(AsyncTask.java:287)
D/LBAdController( 3711): 	at java.util.concurrent.FutureTask$Sync.innerRun(FutureTask.java:305)
D/LBAdController( 3711): 	at java.util.concurrent.FutureTask.run(FutureTask.java:137)
D/LBAdController( 3711): 	at android.os.AsyncTask$SerialExecutor$1.run(AsyncTask.java:230)
D/LBAdController( 3711): 	at java.util.concurrent.ThreadPoolExecutor.runWorker(ThreadPoolExecutor.java:1076)
D/LBAdController( 3711): 	at java.util.concurrent.ThreadPoolExecutor$Worker.run(ThreadPoolExecutor.java:569)
D/LBAdController( 3711): 	at java.lang.Thread.run(Thread.java:856)
D/LBAdController( 3711): Caused by: java.net.ConnectException: failed to connect to /127.0.0.1 (port 80): connect failed: ECONNREFUSED (Connection refused)
D/LBAdController( 3711): 	at libcore.io.IoBridge.connect(IoBridge.java:114)
D/LBAdController( 3711): 	at java.net.PlainSocketImpl.connect(PlainSocketImpl.java:192)
D/LBAdController( 3711): 	at java.net.PlainSocketImpl.connect(PlainSocketImpl.java:459)
D/LBAdController( 3711): 	at java.net.Socket.connect(Socket.java:842)
D/LBAdController( 3711): 	at org.apache.http.conn.scheme.PlainSocketFactory.connectSocket(PlainSocketFactory.java:119)
D/LBAdController( 3711): 	at org.apache.http.impl.conn.DefaultClientConnectionOperator.openConnection(DefaultClientConnectionOperator.java:144)
D/LBAdController( 3711): 	... 16 more
D/LBAdController( 3711): Caused by: libcore.io.ErrnoException: connect failed: ECONNREFUSED (Connection refused)
D/LBAdController( 3711): 	at libcore.io.Posix.connect(Native Method)
D/LBAdController( 3711): 	at libcore.io.BlockGuardOs.connect(BlockGuardOs.java:85)
D/LBAdController( 3711): 	at libcore.io.IoBridge.connectErrno(IoBridge.java:127)
D/LBAdController( 3711): 	at libcore.io.IoBridge.connect(IoBridge.java:112)
D/LBAdController( 3711): 	... 21 more
D/LBAdController( 3711): org.apache.http.conn.HttpHostConnectException: Connection to http://ad.leadboltapps.net refused
D/LBAdController( 3711): 	at org.apache.http.impl.conn.DefaultClientConnectionOperator.openConnection(DefaultClientConnectionOperator.java:183)
D/LBAdController( 3711): 	at org.apache.http.impl.conn.AbstractPoolEntry.open(AbstractPoolEntry.java:164)
D/LBAdController( 3711): 	at org.apache.http.impl.conn.AbstractPooledConnAdapter.open(AbstractPooledConnAdapter.java:119)
D/LBAdController( 3711): 	at org.apache.http.impl.client.DefaultRequestDirector.execute(DefaultRequestDirector.java:360)
D/LBAdController( 3711): 	at org.apache.http.impl.client.AbstractHttpClient.execute(AbstractHttpClient.java:555)
D/LBAdController( 3711): 	at org.apache.http.impl.client.AbstractHttpClient.execute(AbstractHttpClient.java:487)
D/LBAdController( 3711): 	at org.apache.http.impl.client.AbstractHttpClient.execute(AbstractHttpClient.java:465)
D/LBAdController( 3711): 	at com.pad.android.util.AdOptinRequest.makeOptinRequest(AdOptinRequest.java:165)
D/LBAdController( 3711): 	at com.pad.android.util.AdOptinRequest.doInBackground(AdOptinRequest.java:64)
D/LBAdController( 3711): 	at com.pad.android.util.AdOptinRequest.doInBackground(AdOptinRequest.java:1)
D/LBAdController( 3711): 	at android.os.AsyncTask$2.call(AsyncTask.java:287)
D/LBAdController( 3711): 	at java.util.concurrent.FutureTask$Sync.innerRun(FutureTask.java:305)
D/LBAdController( 3711): 	at java.util.concurrent.FutureTask.run(FutureTask.java:137)
D/LBAdController( 3711): 	at android.os.AsyncTask$SerialExecutor$1.run(AsyncTask.java:230)
D/LBAdController( 3711): 	at java.util.concurrent.ThreadPoolExecutor.runWorker(ThreadPoolExecutor.java:1076)
D/LBAdController( 3711): 	at java.util.concurrent.ThreadPoolExecutor$Worker.run(ThreadPoolExecutor.java:569)
D/LBAdController( 3711): 	at java.lang.Thread.run(Thread.java:856)
D/LBAdController( 3711): Caused by: java.net.ConnectException: failed to connect to /127.0.0.1 (port 80): connect failed: ECONNREFUSED (Connection refused)
D/LBAdController( 3711): 	at libcore.io.IoBridge.connect(IoBridge.java:114)
D/LBAdController( 3711): 	at java.net.PlainSocketImpl.connect(PlainSocketImpl.java:192)
D/LBAdController( 3711): 	at java.net.PlainSocketImpl.connect(PlainSocketImpl.java:459)
D/LBAdController( 3711): 	at java.net.Socket.connect(Socket.java:842)
D/LBAdController( 3711): 	at org.apache.http.conn.scheme.PlainSocketFactory.connectSocket(PlainSocketFactory.java:119)
D/LBAdController( 3711): 	at org.apache.http.impl.conn.DefaultClientConnectionOperator.openConnection(DefaultClientConnectionOperator.java:144)
D/LBAdController( 3711): 	... 16 more
D/LBAdController( 3711): Caused by: libcore.io.ErrnoException: connect failed: ECONNREFUSED (Connection refused)
D/LBAdController( 3711): 	at libcore.io.Posix.connect(Native Method)
D/LBAdController( 3711): 	at libcore.io.BlockGuardOs.connect(BlockGuardOs.java:85)
D/LBAdController( 3711): 	at libcore.io.IoBridge.connectErrno(IoBridge.java:127)
D/LBAdController( 3711): 	at libcore.io.IoBridge.connect(IoBridge.java:112)
D/LBAdController( 3711): 	... 21 more
D/LBAdController( 3711): org.apache.http.conn.HttpHostConnectException: Connection to http://ad.leadboltapps.net refused
D/LBAdController( 3711): 	at org.apache.http.impl.conn.DefaultClientConnectionOperator.openConnection(DefaultClientConnectionOperator.java:183)
D/LBAdController( 3711): 	at org.apache.http.impl.conn.AbstractPoolEntry.open(AbstractPoolEntry.java:164)
D/LBAdController( 3711): 	at org.apache.http.impl.conn.AbstractPooledConnAdapter.open(AbstractPooledConnAdapter.java:119)
D/LBAdController( 3711): 	at org.apache.http.impl.client.DefaultRequestDirector.execute(DefaultRequestDirector.java:360)
D/LBAdController( 3711): 	at org.apache.http.impl.client.AbstractHttpClient.execute(AbstractHttpClient.java:555)
D/LBAdController( 3711): 	at org.apache.http.impl.client.AbstractHttpClient.execute(AbstractHttpClient.java:487)
D/LBAdController( 3711): 	at org.apache.http.impl.client.AbstractHttpClient.execute(AbstractHttpClient.java:465)
D/LBAdController( 3711): 	at com.pad.android.util.AdOptinRequest.makeOptinRequest(AdOptinRequest.java:165)
D/LBAdController( 3711): 	at com.pad.android.util.AdOptinRequest.doInBackground(AdOptinRequest.java:64)
D/LBAdController( 3711): 	at com.pad.android.util.AdOptinRequest.doInBackground(AdOptinRequest.java:1)
D/LBAdController( 3711): 	at android.os.AsyncTask$2.call(AsyncTask.java:287)
D/LBAdController( 3711): 	at java.util.concurrent.FutureTask$Sync.innerRun(FutureTask.java:305)
D/LBAdController( 3711): 	at java.util.concurrent.FutureTask.run(FutureTask.java:137)
D/LBAdController( 3711): 	at android.os.AsyncTask$SerialExecutor$1.run(AsyncTask.java:230)
D/LBAdController( 3711): 	at java.util.concurrent.ThreadPoolExecutor.runWorker(ThreadPoolExecutor.java:1076)
D/LBAdController( 3711): 	at java.util.concurrent.ThreadPoolExecutor$Worker.run(ThreadPoolExecutor.java:569)
D/LBAdController( 3711): 	at java.lang.Thread.run(Thread.java:856)
D/LBAdController( 3711): Caused by: java.net.ConnectException: failed to connect to /127.0.0.1 (port 80): connect failed: ECONNREFUSED (Connection refused)
D/LBAdController( 3711): 	at libcore.io.IoBridge.connect(IoBridge.java:114)
D/LBAdController( 3711): 	at java.net.PlainSocketImpl.connect(PlainSocketImpl.java:192)
D/LBAdController( 3711): 	at java.net.PlainSocketImpl.connect(PlainSocketImpl.java:459)
D/LBAdController( 3711): 	at java.net.Socket.connect(Socket.java:842)
D/LBAdController( 3711): 	at org.apache.http.conn.scheme.PlainSocketFactory.connectSocket(PlainSocketFactory.java:119)
D/LBAdController( 3711): 	at org.apache.http.impl.conn.DefaultClientConnectionOperator.openConnection(DefaultClientConnectionOperator.java:144)
D/LBAdController( 3711): 	... 16 more
D/LBAdController( 3711): Caused by: libcore.io.ErrnoException: connect failed: ECONNREFUSED (Connection refused)
D/LBAdController( 3711): 	at libcore.io.Posix.connect(Native Method)
D/LBAdController( 3711): 	at libcore.io.BlockGuardOs.connect(BlockGuardOs.java:85)
D/LBAdController( 3711): 	at libcore.io.IoBridge.connectErrno(IoBridge.java:127)
D/LBAdController( 3711): 	at libcore.io.IoBridge.connect(IoBridge.java:112)
D/LBAdController( 3711): 	... 21 more
D/LBAdController( 3711): org.apache.http.conn.HttpHostConnectException: Connection to http://ad.leadboltapps.net refused
D/LBAdController( 3711): 	at org.apache.http.impl.conn.DefaultClientConnectionOperator.openConnection(DefaultClientConnectionOperator.java:183)
D/LBAdController( 3711): 	at org.apache.http.impl.conn.AbstractPoolEntry.open(AbstractPoolEntry.java:164)
D/LBAdController( 3711): 	at org.apache.http.impl.conn.AbstractPooledConnAdapter.open(AbstractPooledConnAdapter.java:119)
D/LBAdController( 3711): 	at org.apache.http.impl.client.DefaultRequestDirector.execute(DefaultRequestDirector.java:360)
D/LBAdController( 3711): 	at org.apache.http.impl.client.AbstractHttpClient.execute(AbstractHttpClient.java:555)
D/LBAdController( 3711): 	at org.apache.http.impl.client.AbstractHttpClient.execute(AbstractHttpClient.java:487)
D/LBAdController( 3711): 	at org.apache.http.impl.client.AbstractHttpClient.execute(AbstractHttpClient.java:465)
D/LBAdController( 3711): 	at com.pad.android.util.AdOptinRequest.makeOptinRequest(AdOptinRequest.java:165)
D/LBAdController( 3711): 	at com.pad.android.util.AdOptinRequest.doInBackground(AdOptinRequest.java:64)
D/LBAdController( 3711): 	at com.pad.android.util.AdOptinRequest.doInBackground(AdOptinRequest.java:1)
D/LBAdController( 3711): 	at android.os.AsyncTask$2.call(AsyncTask.java:287)
D/LBAdController( 3711): 	at java.util.concurrent.FutureTask$Sync.innerRun(FutureTask.java:305)
D/LBAdController( 3711): 	at java.util.concurrent.FutureTask.run(FutureTask.java:137)
D/LBAdController( 3711): 	at android.os.AsyncTask$SerialExecutor$1.run(AsyncTask.java:230)
D/LBAdController( 3711): 	at java.util.concurrent.ThreadPoolExecutor.runWorker(ThreadPoolExecutor.java:1076)
D/LBAdController( 3711): 	at java.util.concurrent.ThreadPoolExecutor$Worker.run(ThreadPoolExecutor.java:569)
D/LBAdController( 3711): 	at java.lang.Thread.run(Thread.java:856)
D/LBAdController( 3711): Caused by: java.net.ConnectException: failed to connect to /127.0.0.1 (port 80): connect failed: ECONNREFUSED (Connection refused)
D/LBAdController( 3711): 	at libcore.io.IoBridge.connect(IoBridge.java:114)
D/LBAdController( 3711): 	at java.net.PlainSocketImpl.connect(PlainSocketImpl.java:192)
